Archive member included to satisfy reference by file (symbol)

/usr/lib/gcc/arm-none-eabi/12.1.0/thumb/v6-m/nofp/libgcc.a(_dvmd_tls.o)
                              CMakeFiles/spi_slave.dir/home/pzerg/VSARM/pico-sdk/src/rp2_common/pico_divider/divider.S.obj (__aeabi_idiv0)
/usr/lib/gcc/arm-none-eabi/12.1.0/../../../../arm-none-eabi/lib/thumb/v6-m/nofp/libg.a(lib_a-atexit.o)
                              /usr/lib/gcc/arm-none-eabi/12.1.0/../../../../arm-none-eabi/lib/thumb/v6-m/nofp/crt0.o (atexit)
/usr/lib/gcc/arm-none-eabi/12.1.0/../../../../arm-none-eabi/lib/thumb/v6-m/nofp/libg.a(lib_a-calloc.o)
                              CMakeFiles/spi_slave.dir/home/pzerg/VSARM/pico-sdk/src/rp2_common/pico_malloc/pico_malloc.c.obj (calloc)
/usr/lib/gcc/arm-none-eabi/12.1.0/../../../../arm-none-eabi/lib/thumb/v6-m/nofp/libg.a(lib_a-callocr.o)
                              /usr/lib/gcc/arm-none-eabi/12.1.0/../../../../arm-none-eabi/lib/thumb/v6-m/nofp/libg.a(lib_a-calloc.o) (_calloc_r)
/usr/lib/gcc/arm-none-eabi/12.1.0/../../../../arm-none-eabi/lib/thumb/v6-m/nofp/libg.a(lib_a-ctype_.o)
                              CMakeFiles/spi_slave.dir/home/pzerg/VSARM/pico-sdk/lib/tinyusb/src/tusb.c.obj (_ctype_)
/usr/lib/gcc/arm-none-eabi/12.1.0/../../../../arm-none-eabi/lib/thumb/v6-m/nofp/libg.a(lib_a-errno.o)
                              /usr/lib/gcc/arm-none-eabi/12.1.0/../../../../arm-none-eabi/lib/thumb/v6-m/nofp/libg.a(lib_a-callocr.o) (__errno)
/usr/lib/gcc/arm-none-eabi/12.1.0/../../../../arm-none-eabi/lib/thumb/v6-m/nofp/libg.a(lib_a-fini.o)
                              /usr/lib/gcc/arm-none-eabi/12.1.0/../../../../arm-none-eabi/lib/thumb/v6-m/nofp/crt0.o (__libc_fini_array)
/usr/lib/gcc/arm-none-eabi/12.1.0/../../../../arm-none-eabi/lib/thumb/v6-m/nofp/libg.a(lib_a-impure.o)
                              /usr/lib/gcc/arm-none-eabi/12.1.0/../../../../arm-none-eabi/lib/thumb/v6-m/nofp/libg.a(lib_a-calloc.o) (_impure_ptr)
/usr/lib/gcc/arm-none-eabi/12.1.0/../../../../arm-none-eabi/lib/thumb/v6-m/nofp/libg.a(lib_a-init.o)
                              /usr/lib/gcc/arm-none-eabi/12.1.0/../../../../arm-none-eabi/lib/thumb/v6-m/nofp/crt0.o (__libc_init_array)
/usr/lib/gcc/arm-none-eabi/12.1.0/../../../../arm-none-eabi/lib/thumb/v6-m/nofp/libg.a(lib_a-malloc.o)
                              CMakeFiles/spi_slave.dir/home/pzerg/VSARM/pico-sdk/src/rp2_common/pico_malloc/pico_malloc.c.obj (malloc)
/usr/lib/gcc/arm-none-eabi/12.1.0/../../../../arm-none-eabi/lib/thumb/v6-m/nofp/libg.a(lib_a-mallocr.o)
                              /usr/lib/gcc/arm-none-eabi/12.1.0/../../../../arm-none-eabi/lib/thumb/v6-m/nofp/libg.a(lib_a-callocr.o) (_malloc_r)
/usr/lib/gcc/arm-none-eabi/12.1.0/../../../../arm-none-eabi/lib/thumb/v6-m/nofp/libg.a(lib_a-mlock.o)
                              /usr/lib/gcc/arm-none-eabi/12.1.0/../../../../arm-none-eabi/lib/thumb/v6-m/nofp/libg.a(lib_a-mallocr.o) (__malloc_lock)
/usr/lib/gcc/arm-none-eabi/12.1.0/../../../../arm-none-eabi/lib/thumb/v6-m/nofp/libg.a(lib_a-sbrkr.o)
                              /usr/lib/gcc/arm-none-eabi/12.1.0/../../../../arm-none-eabi/lib/thumb/v6-m/nofp/libg.a(lib_a-mallocr.o) (_sbrk_r)
/usr/lib/gcc/arm-none-eabi/12.1.0/../../../../arm-none-eabi/lib/thumb/v6-m/nofp/libg.a(lib_a-strlen-stub.o)
                              CMakeFiles/spi_slave.dir/home/pzerg/VSARM/pico-sdk/src/rp2_common/pico_stdio/stdio.c.obj (strlen)
/usr/lib/gcc/arm-none-eabi/12.1.0/../../../../arm-none-eabi/lib/thumb/v6-m/nofp/libg.a(lib_a-__atexit.o)
                              /usr/lib/gcc/arm-none-eabi/12.1.0/../../../../arm-none-eabi/lib/thumb/v6-m/nofp/libg.a(lib_a-atexit.o) (__register_exitproc)
/usr/lib/gcc/arm-none-eabi/12.1.0/../../../../arm-none-eabi/lib/thumb/v6-m/nofp/libg.a(lib_a-__call_atexit.o)
                              /usr/lib/gcc/arm-none-eabi/12.1.0/../../../../arm-none-eabi/lib/thumb/v6-m/nofp/libg.a(lib_a-__atexit.o) (__atexit_recursive_mutex)
/usr/lib/gcc/arm-none-eabi/12.1.0/../../../../arm-none-eabi/lib/thumb/v6-m/nofp/libg.a(lib_a-freer.o)
                              /usr/lib/gcc/arm-none-eabi/12.1.0/../../../../arm-none-eabi/lib/thumb/v6-m/nofp/libg.a(lib_a-malloc.o) (_free_r)
/usr/lib/gcc/arm-none-eabi/12.1.0/../../../../arm-none-eabi/lib/thumb/v6-m/nofp/libg.a(lib_a-lock.o)
                              /usr/lib/gcc/arm-none-eabi/12.1.0/../../../../arm-none-eabi/lib/thumb/v6-m/nofp/libg.a(lib_a-mlock.o) (__retarget_lock_acquire_recursive)
/usr/lib/gcc/arm-none-eabi/12.1.0/../../../../arm-none-eabi/lib/thumb/v6-m/nofp/libg.a(lib_a-reent.o)
                              /usr/lib/gcc/arm-none-eabi/12.1.0/../../../../arm-none-eabi/lib/thumb/v6-m/nofp/libg.a(lib_a-sbrkr.o) (errno)

Discarded input sections

 .text          0x0000000000000000        0x0 /usr/lib/gcc/arm-none-eabi/12.1.0/thumb/v6-m/nofp/crti.o
 .data          0x0000000000000000        0x0 /usr/lib/gcc/arm-none-eabi/12.1.0/thumb/v6-m/nofp/crti.o
[...]
Memory Configuration

Name             Origin             Length             Attributes
FLASH            0x0000000010000000 0x0000000000200000 xr
RAM              0x0000000020000000 0x0000000000040000 xrw
SCRATCH_X        0x0000000020040000 0x0000000000001000 xrw
SCRATCH_Y        0x0000000020041000 0x0000000000001000 xrw
*default*        0x0000000000000000 0xffffffffffffffff

Linker script and memory map

LOAD /usr/lib/gcc/arm-none-eabi/12.1.0/thumb/v6-m/nofp/crti.o
LOAD /usr/lib/gcc/arm-none-eabi/12.1.0/thumb/v6-m/nofp/crtbegin.o
LOAD /usr/lib/gcc/arm-none-eabi/12.1.0/../../../../arm-none-eabi/lib/thumb/v6-m/nofp/crt0.o

.flash_begin    0x0000000010000000        0x0
                0x0000000010000000                __flash_binary_start = .

.boot2          0x0000000010000000      0x100
                0x0000000010000000                __boot2_start__ = .
 *(.boot2)
 .boot2         0x0000000010000000      0x100 /tmp/ccFkjCdc.o
                0x0000000010000100                __boot2_end__ = .
                0x0000000000000001                ASSERT (((__boot2_end__ - __boot2_start__) == 0x100), ERROR: Pico second stage bootloader must be 256 bytes in size)

.text           0x0000000010000100     0x7028
                0x0000000010000100                __logical_binary_start = .
 *(.vectors)
 .vectors       0x0000000010000100       0xd4 CMakeFiles/spi_slave.dir/home/pzerg/VSARM/pico-sdk/src/rp2_common/pico_standard_link/crt0.S.obj
                0x0000000010000100                __vectors
                0x0000000010000100                __VECTOR_TABLE
                0x00000000100001c0                isr_invalid
                0x00000000100001c0                __default_isrs_start
                0x00000000100001c2                isr_nmi
                0x00000000100001c4                isr_hardfault
                0x00000000100001c6                isr_svcall
                0x00000000100001c8                isr_pendsv
                0x00000000100001ca                isr_systick
                0x00000000100001cc                isr_irq30
                0x00000000100001cc                __unhandled_user_irq
                0x00000000100001cc                isr_irq13
                0x00000000100001cc                isr_irq27
                0x00000000100001cc                isr_irq31
                0x00000000100001cc                isr_irq5
                0x00000000100001cc                isr_irq11
                0x00000000100001cc                isr_irq23
                0x00000000100001cc                isr_irq18
                0x00000000100001cc                isr_irq28
                0x00000000100001cc                isr_irq19
                0x00000000100001cc                isr_irq0
                0x00000000100001cc                isr_irq6
                0x00000000100001cc                isr_irq22
                0x00000000100001cc                isr_irq17
                0x00000000100001cc                isr_irq14
                0x00000000100001cc                isr_irq2
                0x00000000100001cc                isr_irq10
                0x00000000100001cc                isr_irq8
                0x00000000100001cc                isr_irq24
                0x00000000100001cc                isr_irq1
                0x00000000100001cc                isr_irq7
                0x00000000100001cc                isr_irq21
                0x00000000100001cc                isr_irq20
                0x00000000100001cc                isr_irq15
                0x00000000100001cc                isr_irq25
                0x00000000100001cc                isr_irq4
                0x00000000100001cc                isr_irq16
                0x00000000100001cc                isr_irq29
                0x00000000100001cc                isr_irq26
                0x00000000100001cc                __default_isrs_end
                0x00000000100001cc                isr_irq3
                0x00000000100001cc                isr_irq12
                0x00000000100001cc                isr_irq9
                0x00000000100001d2                unhandled_user_irq_num_in_r0
 *(.binary_info_header)
 .binary_info_header
                0x00000000100001d4       0x14 CMakeFiles/spi_slave.dir/home/pzerg/VSARM/pico-sdk/src/rp2_common/pico_standard_link/crt0.S.obj
                0x00000000100001e8                __binary_info_header_end = .
 *(.reset)
 .reset         0x00000000100001e8       0xa8 CMakeFiles/spi_slave.dir/home/pzerg/VSARM/pico-sdk/src/rp2_common/pico_standard_link/crt0.S.obj
                0x00000000100001e8                _entry_point
                0x0000000010000266                __get_current_exception
 .reset         0x0000000010000290       0x30 CMakeFiles/spi_slave.dir/home/pzerg/VSARM/pico-sdk/src/rp2_common/pico_standard_link/binary_info.c.obj
 *(.init)
 .init          0x00000000100002c0        0x4 /usr/lib/gcc/arm-none-eabi/12.1.0/thumb/v6-m/nofp/crti.o
                0x00000000100002c0                _init
 *(EXCLUDE_FILE(*libm.a: *libc.a:*lib_a-mem*.o *libgcc.a:) .text*)
 .text.frame_dummy
                0x00000000100002c4       0x20 /usr/lib/gcc/arm-none-eabi/12.1.0/thumb/v6-m/nofp/crtbegin.o
 .text.pwm_init
                0x00000000100002e4       0x34 CMakeFiles/spi_slave.dir/main.c.obj
 .text.pwm_get_default_config
                0x0000000010000318       0x18 CMakeFiles/spi_slave.dir/main.c.obj
 .text.main     0x0000000010000330      0x2b4 CMakeFiles/spi_slave.dir/main.c.obj
                0x0000000010000330                main
 .text.gpio_set_function
                0x00000000100005e4       0x30 CMakeFiles/spi_slave.dir/home/pzerg/VSARM/pico-sdk/src/rp2_common/hardware_gpio/gpio.c.obj
                0x00000000100005e4                gpio_set_function
 .text.gpio_init
                0x0000000010000614       0x16 CMakeFiles/spi_slave.dir/home/pzerg/VSARM/pico-sdk/src/rp2_common/hardware_gpio/gpio.c.obj
                0x0000000010000614                gpio_init
 *fill*         0x000000001000062a        0x2 
 .text.hw_claim_lock
                0x000000001000062c       0x18 CMakeFiles/spi_slave.dir/home/pzerg/VSARM/pico-sdk/src/rp2_common/hardware_claim/claim.c.obj
                0x000000001000062c                hw_claim_lock
 .text.hw_claim_unlock
                0x0000000010000644       0x14 CMakeFiles/spi_slave.dir/home/pzerg/VSARM/pico-sdk/src/rp2_common/hardware_claim/claim.c.obj
                0x0000000010000644                hw_claim_unlock
 .text.hw_claim_or_assert
                0x0000000010000658       0x32 CMakeFiles/spi_slave.dir/home/pzerg/VSARM/pico-sdk/src/rp2_common/hardware_claim/claim.c.obj
                0x0000000010000658                hw_claim_or_assert
 .text.hw_claim_unused_from_range
                0x000000001000068a       0x50 CMakeFiles/spi_slave.dir/home/pzerg/VSARM/pico-sdk/src/rp2_common/hardware_claim/claim.c.obj
                0x000000001000068a                hw_claim_unused_from_range
 *fill*         0x00000000100006da        0x2 
 .text.running_on_fpga
                0x00000000100006dc       0x14 CMakeFiles/spi_slave.dir/home/pzerg/VSARM/pico-sdk/src/rp2_common/pico_platform/platform.c.obj
                0x00000000100006dc                running_on_fpga
 .text.spin_locks_reset
                0x00000000100006f0       0x20 CMakeFiles/spi_slave.dir/home/pzerg/VSARM/pico-sdk/src/rp2_common/hardware_sync/sync.c.obj
                0x00000000100006f0                spin_locks_reset
 .text.next_striped_spin_lock_num
                0x0000000010000710       0x1c CMakeFiles/spi_slave.dir/home/pzerg/VSARM/pico-sdk/src/rp2_common/hardware_sync/sync.c.obj
                0x0000000010000710                next_striped_spin_lock_num
 .text.spin_lock_claim_unused
                0x000000001000072c       0x24 CMakeFiles/spi_slave.dir/home/pzerg/VSARM/pico-sdk/src/rp2_common/hardware_sync/sync.c.obj
                0x000000001000072c                spin_lock_claim_unused
 .text.time_reached
                0x0000000010000750       0x28 CMakeFiles/spi_slave.dir/home/pzerg/VSARM/pico-sdk/src/common/pico_time/time.c.obj
 .text.get_entry
                0x0000000010000778       0x38 CMakeFiles/spi_slave.dir/home/pzerg/VSARM/pico-sdk/src/common/pico_time/time.c.obj
 .text.timer_pool_entry_comparator
                0x00000000100007b0       0x2e CMakeFiles/spi_slave.dir/home/pzerg/VSARM/pico-sdk/src/common/pico_time/time.c.obj
                0x00000000100007b0                timer_pool_entry_comparator
 *fill*         0x00000000100007de        0x2 
 .text.update_us_since_boot
                0x00000000100007e0       0x24 CMakeFiles/spi_slave.dir/home/pzerg/VSARM/pico-sdk/src/common/pico_time/time.c.obj
 .text.delayed_by_us
                0x0000000010000804       0x36 CMakeFiles/spi_slave.dir/home/pzerg/VSARM/pico-sdk/src/common/pico_time/time.c.obj
 *fill*         0x000000001000083a        0x2 
 .text.ph_get_node
                0x000000001000083c       0x30 CMakeFiles/spi_slave.dir/home/pzerg/VSARM/pico-sdk/src/common/pico_time/time.c.obj
 .text.ph_contains_node
                0x000000001000086c       0x1e CMakeFiles/spi_slave.dir/home/pzerg/VSARM/pico-sdk/src/common/pico_time/time.c.obj
 .text.ph_new_node
                0x000000001000088a       0x28 CMakeFiles/spi_slave.dir/home/pzerg/VSARM/pico-sdk/src/common/pico_time/time.c.obj
 *fill*         0x00000000100008b2        0x2 
 .text.ph_add_child_node
                0x00000000100008b4       0x6c CMakeFiles/spi_slave.dir/home/pzerg/VSARM/pico-sdk/src/common/pico_time/time.c.obj
 .text.ph_merge_nodes
                0x0000000010000920       0x3e CMakeFiles/spi_slave.dir/home/pzerg/VSARM/pico-sdk/src/common/pico_time/time.c.obj
 *fill*         0x000000001000095e        0x2 
 .text.ph_insert_node
                0x0000000010000960       0x3c CMakeFiles/spi_slave.dir/home/pzerg/VSARM/pico-sdk/src/common/pico_time/time.c.obj
 .text.ph_free_node
                0x000000001000099c       0x3c CMakeFiles/spi_slave.dir/home/pzerg/VSARM/pico-sdk/src/common/pico_time/time.c.obj
 .text.get_entry_id_high
                0x00000000100009d8       0x30 CMakeFiles/spi_slave.dir/home/pzerg/VSARM/pico-sdk/src/common/pico_time/time.c.obj
 .text.alarm_pool_post_alloc_init
                0x0000000010000a08       0x40 CMakeFiles/spi_slave.dir/home/pzerg/VSARM/pico-sdk/src/common/pico_time/time.c.obj
 .text.sleep_until_callback
                0x0000000010000a48       0x30 CMakeFiles/spi_slave.dir/home/pzerg/VSARM/pico-sdk/src/common/pico_time/time.c.obj
 .text.get_absolute_time
                0x0000000010000a78       0x22 CMakeFiles/spi_slave.dir/home/pzerg/VSARM/pico-sdk/src/common/pico_time/time.c.obj
 *fill*         0x0000000010000a9a        0x2 
 .text.add_alarm_under_lock
                0x0000000010000a9c       0x94 CMakeFiles/spi_slave.dir/home/pzerg/VSARM/pico-sdk/src/common/pico_time/time.c.obj
 .text.alarm_pool_alarm_callback
                0x0000000010000b30      0x20c CMakeFiles/spi_slave.dir/home/pzerg/VSARM/pico-sdk/src/common/pico_time/time.c.obj
 .text.alarm_pool_init_default
                0x0000000010000d3c       0x38 CMakeFiles/spi_slave.dir/home/pzerg/VSARM/pico-sdk/src/common/pico_time/time.c.obj
                0x0000000010000d3c                alarm_pool_init_default
 .text.alarm_pool_get_default
                0x0000000010000d74       0x2c CMakeFiles/spi_slave.dir/home/pzerg/VSARM/pico-sdk/src/common/pico_time/time.c.obj
                0x0000000010000d74                alarm_pool_get_default
 .text.alarm_pool_add_alarm_at
                0x0000000010000da0      0x10e CMakeFiles/spi_slave.dir/home/pzerg/VSARM/pico-sdk/src/common/pico_time/time.c.obj
                0x0000000010000da0                alarm_pool_add_alarm_at
 .text.add_alarm_at
                0x0000000010000eae       0x2e CMakeFiles/spi_slave.dir/home/pzerg/VSARM/pico-sdk/src/common/pico_time/time.c.obj
 .text.alarm_pool_cancel_alarm
                0x0000000010000edc       0xa0 CMakeFiles/spi_slave.dir/home/pzerg/VSARM/pico-sdk/src/common/pico_time/time.c.obj
                0x0000000010000edc                alarm_pool_cancel_alarm
 .text.cancel_alarm
                0x0000000010000f7c       0x10 CMakeFiles/spi_slave.dir/home/pzerg/VSARM/pico-sdk/src/common/pico_time/time.c.obj
 .text.best_effort_wfe_or_timeout
                0x0000000010000f8c       0x38 CMakeFiles/spi_slave.dir/home/pzerg/VSARM/pico-sdk/src/common/pico_time/time.c.obj
                0x0000000010000f8c                best_effort_wfe_or_timeout
 .text.hardware_alarm_irq_handler
                0x0000000010000fc4       0x88 CMakeFiles/spi_slave.dir/home/pzerg/VSARM/pico-sdk/src/rp2_common/hardware_timer/timer.c.obj
 .text.hardware_alarm_claim
                0x000000001000104c       0x18 CMakeFiles/spi_slave.dir/home/pzerg/VSARM/pico-sdk/src/rp2_common/hardware_timer/timer.c.obj
                0x000000001000104c                hardware_alarm_claim
 .text.time_us_64
                0x0000000010001064       0x18 CMakeFiles/spi_slave.dir/home/pzerg/VSARM/pico-sdk/src/rp2_common/hardware_timer/timer.c.obj
                0x0000000010001064                time_us_64
 .text.hardware_alarm_set_callback
                0x000000001000107c       0x90 CMakeFiles/spi_slave.dir/home/pzerg/VSARM/pico-sdk/src/rp2_common/hardware_timer/timer.c.obj
                0x000000001000107c                hardware_alarm_set_callback
 .text.hardware_alarm_set_target
                0x000000001000110c       0xe8 CMakeFiles/spi_slave.dir/home/pzerg/VSARM/pico-sdk/src/rp2_common/hardware_timer/timer.c.obj
                0x000000001000110c                hardware_alarm_set_target
 .text.hardware_alarm_cancel
                0x00000000100011f4       0x40 CMakeFiles/spi_slave.dir/home/pzerg/VSARM/pico-sdk/src/rp2_common/hardware_timer/timer.c.obj
                0x00000000100011f4                hardware_alarm_cancel
 .text.lock_init
                0x0000000010001234       0x10 CMakeFiles/spi_slave.dir/home/pzerg/VSARM/pico-sdk/src/common/pico_sync/lock_core.c.obj
                0x0000000010001234                lock_init
 .text.update_us_since_boot
                0x0000000010001244       0x24 CMakeFiles/spi_slave.dir/home/pzerg/VSARM/pico-sdk/src/common/pico_sync/mutex.c.obj
 .text.delayed_by_ms
                0x0000000010001268       0x46 CMakeFiles/spi_slave.dir/home/pzerg/VSARM/pico-sdk/src/common/pico_sync/mutex.c.obj
 .text.get_absolute_time
                0x00000000100012ae       0x22 CMakeFiles/spi_slave.dir/home/pzerg/VSARM/pico-sdk/src/common/pico_sync/mutex.c.obj
 .text.make_timeout_time_ms
                0x00000000100012d0       0x20 CMakeFiles/spi_slave.dir/home/pzerg/VSARM/pico-sdk/src/common/pico_sync/mutex.c.obj
 .text.mutex_init
                0x00000000100012f0       0x1a CMakeFiles/spi_slave.dir/home/pzerg/VSARM/pico-sdk/src/common/pico_sync/mutex.c.obj
                0x00000000100012f0                mutex_init
 .text.recursive_mutex_init
                0x000000001000130a       0x1e CMakeFiles/spi_slave.dir/home/pzerg/VSARM/pico-sdk/src/common/pico_sync/mutex.c.obj
                0x000000001000130a                recursive_mutex_init
 .text.critical_section_init_with_lock_num
                0x0000000010001328       0x14 CMakeFiles/spi_slave.dir/home/pzerg/VSARM/pico-sdk/src/common/pico_sync/critical_section.c.obj
                0x0000000010001328                critical_section_init_with_lock_num
 .text.critical_section_init
                0x000000001000133c       0x14 CMakeFiles/spi_slave.dir/home/pzerg/VSARM/pico-sdk/src/common/pico_sync/critical_section.c.obj
                0x000000001000133c                critical_section_init
 .text.ph_get_node
                0x0000000010001350       0x30 CMakeFiles/spi_slave.dir/home/pzerg/VSARM/pico-sdk/src/common/pico_util/pheap.c.obj
 .text.ph_add_child_node
                0x0000000010001380       0x6c CMakeFiles/spi_slave.dir/home/pzerg/VSARM/pico-sdk/src/common/pico_util/pheap.c.obj
 .text.ph_merge_nodes
                0x00000000100013ec       0x3e CMakeFiles/spi_slave.dir/home/pzerg/VSARM/pico-sdk/src/common/pico_util/pheap.c.obj
 .text.ph_clear
                0x000000001000142a       0x34 CMakeFiles/spi_slave.dir/home/pzerg/VSARM/pico-sdk/src/common/pico_util/pheap.c.obj
                0x000000001000142a                ph_clear
 .text.ph_post_alloc_init
                0x000000001000145e        0xe CMakeFiles/spi_slave.dir/home/pzerg/VSARM/pico-sdk/src/common/pico_util/pheap.c.obj
                0x000000001000145e                ph_post_alloc_init
 .text.ph_merge_two_pass
                0x000000001000146c       0x5c CMakeFiles/spi_slave.dir/home/pzerg/VSARM/pico-sdk/src/common/pico_util/pheap.c.obj
                0x000000001000146c                ph_merge_two_pass
 .text.ph_remove_any_head
                0x00000000100014c8       0xa4 CMakeFiles/spi_slave.dir/home/pzerg/VSARM/pico-sdk/src/common/pico_util/pheap.c.obj
 .text.ph_remove_head
                0x000000001000156c       0x14 CMakeFiles/spi_slave.dir/home/pzerg/VSARM/pico-sdk/src/common/pico_util/pheap.c.obj
                0x000000001000156c                ph_remove_head
 .text.ph_remove_and_free_node
                0x0000000010001580       0xa0 CMakeFiles/spi_slave.dir/home/pzerg/VSARM/pico-sdk/src/common/pico_util/pheap.c.obj
                0x0000000010001580                ph_remove_and_free_node
 .text._exit    0x0000000010001620        0x4 CMakeFiles/spi_slave.dir/home/pzerg/VSARM/pico-sdk/src/rp2_common/pico_runtime/runtime.c.obj
                0x0000000010001620                _exit
 .text.exit     0x0000000010001624        0x6 CMakeFiles/spi_slave.dir/home/pzerg/VSARM/pico-sdk/src/rp2_common/pico_runtime/runtime.c.obj
                0x0000000010001624                exit
 *fill*         0x000000001000162a        0x2 
 .text.__assert_func
                0x000000001000162c       0x38 CMakeFiles/spi_slave.dir/home/pzerg/VSARM/pico-sdk/src/rp2_common/pico_runtime/runtime.c.obj
                0x000000001000162c                __assert_func
 .text.runtime_init
                0x0000000010001664       0xf8 CMakeFiles/spi_slave.dir/home/pzerg/VSARM/pico-sdk/src/rp2_common/pico_runtime/runtime.c.obj
                0x0000000010001664                runtime_init
 .text.panic    0x000000001000175c       0x30 CMakeFiles/spi_slave.dir/home/pzerg/VSARM/pico-sdk/src/rp2_common/pico_runtime/runtime.c.obj
                0x000000001000175c                panic
 .text.clock_configure
                0x000000001000178c      0x104 CMakeFiles/spi_slave.dir/home/pzerg/VSARM/pico-sdk/src/rp2_common/hardware_clocks/clocks.c.obj
                0x000000001000178c                clock_configure
 .text.clocks_init
                0x0000000010001890      0x100 CMakeFiles/spi_slave.dir/home/pzerg/VSARM/pico-sdk/src/rp2_common/hardware_clocks/clocks.c.obj
                0x0000000010001890                clocks_init
 .text.clock_get_hz
                0x0000000010001990        0xc CMakeFiles/spi_slave.dir/home/pzerg/VSARM/pico-sdk/src/rp2_common/hardware_clocks/clocks.c.obj
                0x0000000010001990                clock_get_hz
 .text.set_raw_irq_handler_and_unlock
                0x000000001000199c       0x28 CMakeFiles/spi_slave.dir/home/pzerg/VSARM/pico-sdk/src/rp2_common/hardware_irq/irq.c.obj
 .text.resolve_branch
                0x00000000100019c4       0x30 CMakeFiles/spi_slave.dir/home/pzerg/VSARM/pico-sdk/src/rp2_common/hardware_irq/irq.c.obj
 .text.make_branch
                0x00000000100019f4       0x34 CMakeFiles/spi_slave.dir/home/pzerg/VSARM/pico-sdk/src/rp2_common/hardware_irq/irq.c.obj
 .text.insert_branch_and_link
                0x0000000010001a28       0x40 CMakeFiles/spi_slave.dir/home/pzerg/VSARM/pico-sdk/src/rp2_common/hardware_irq/irq.c.obj
 .text.irq_is_enabled
                0x0000000010001a68       0x18 CMakeFiles/spi_slave.dir/home/pzerg/VSARM/pico-sdk/src/rp2_common/hardware_irq/irq.c.obj
                0x0000000010001a68                irq_is_enabled
 .text.irq_set_mask_enabled
                0x0000000010001a80       0x20 CMakeFiles/spi_slave.dir/home/pzerg/VSARM/pico-sdk/src/rp2_common/hardware_irq/irq.c.obj
                0x0000000010001a80                irq_set_mask_enabled
 .text.irq_set_enabled
                0x0000000010001aa0        0xe CMakeFiles/spi_slave.dir/home/pzerg/VSARM/pico-sdk/src/rp2_common/hardware_irq/irq.c.obj
                0x0000000010001aa0                irq_set_enabled
 *fill*         0x0000000010001aae        0x2 
 .text.irq_set_pending
                0x0000000010001ab0       0x10 CMakeFiles/spi_slave.dir/home/pzerg/VSARM/pico-sdk/src/rp2_common/hardware_irq/irq.c.obj
                0x0000000010001ab0                irq_set_pending
 .text.irq_get_vtable_handler
                0x0000000010001ac0       0x10 CMakeFiles/spi_slave.dir/home/pzerg/VSARM/pico-sdk/src/rp2_common/hardware_irq/irq.c.obj
                0x0000000010001ac0                irq_get_vtable_handler
 .text.irq_set_exclusive_handler
                0x0000000010001ad0       0x54 CMakeFiles/spi_slave.dir/home/pzerg/VSARM/pico-sdk/src/rp2_common/hardware_irq/irq.c.obj
                0x0000000010001ad0                irq_set_exclusive_handler
 .text.irq_remove_handler
                0x0000000010001b24      0x190 CMakeFiles/spi_slave.dir/home/pzerg/VSARM/pico-sdk/src/rp2_common/hardware_irq/irq.c.obj
                0x0000000010001b24                irq_remove_handler
 .text.irq_add_tail_to_free_list
                0x0000000010001cb4       0xf0 CMakeFiles/spi_slave.dir/home/pzerg/VSARM/pico-sdk/src/rp2_common/hardware_irq/irq.c.obj
                0x0000000010001cb4                irq_add_tail_to_free_list
 .text.irq_init_priorities
                0x0000000010001da4       0x1c CMakeFiles/spi_slave.dir/home/pzerg/VSARM/pico-sdk/src/rp2_common/hardware_irq/irq.c.obj
                0x0000000010001da4                irq_init_priorities
 .text.pll_init
                0x0000000010001dc0      0x118 CMakeFiles/spi_slave.dir/home/pzerg/VSARM/pico-sdk/src/rp2_common/hardware_pll/pll.c.obj
                0x0000000010001dc0                pll_init
 .text.watchdog_start_tick
                0x0000000010001ed8       0x10 CMakeFiles/spi_slave.dir/home/pzerg/VSARM/pico-sdk/src/rp2_common/hardware_watchdog/watchdog.c.obj
                0x0000000010001ed8                watchdog_start_tick
 .text.watchdog_update
                0x0000000010001ee8       0x14 CMakeFiles/spi_slave.dir/home/pzerg/VSARM/pico-sdk/src/rp2_common/hardware_watchdog/watchdog.c.obj
                0x0000000010001ee8                watchdog_update
 .text._watchdog_enable
                0x0000000010001efc       0x78 CMakeFiles/spi_slave.dir/home/pzerg/VSARM/pico-sdk/src/rp2_common/hardware_watchdog/watchdog.c.obj
                0x0000000010001efc                _watchdog_enable
 .text.watchdog_reboot
                0x0000000010001f74       0x48 CMakeFiles/spi_slave.dir/home/pzerg/VSARM/pico-sdk/src/rp2_common/hardware_watchdog/watchdog.c.obj
                0x0000000010001f74                watchdog_reboot
 .text.xosc_init
                0x0000000010001fbc       0x28 CMakeFiles/spi_slave.dir/home/pzerg/VSARM/pico-sdk/src/rp2_common/hardware_xosc/xosc.c.obj
                0x0000000010001fbc                xosc_init
 .text._out_null
                0x0000000010001fe4        0x2 CMakeFiles/spi_slave.dir/home/pzerg/VSARM/pico-sdk/src/rp2_common/pico_printf/printf.c.obj
 .text._out_fct
                0x0000000010001fe6        0xe CMakeFiles/spi_slave.dir/home/pzerg/VSARM/pico-sdk/src/rp2_common/pico_printf/printf.c.obj
 .text._atoi    0x0000000010001ff4       0x24 CMakeFiles/spi_slave.dir/home/pzerg/VSARM/pico-sdk/src/rp2_common/pico_printf/printf.c.obj
 .text._out_rev
                0x0000000010002018       0xae CMakeFiles/spi_slave.dir/home/pzerg/VSARM/pico-sdk/src/rp2_common/pico_printf/printf.c.obj
 .text._ntoa_format
                0x00000000100020c6      0x110 CMakeFiles/spi_slave.dir/home/pzerg/VSARM/pico-sdk/src/rp2_common/pico_printf/printf.c.obj
 .text._ntoa_long
                0x00000000100021d6       0xbc CMakeFiles/spi_slave.dir/home/pzerg/VSARM/pico-sdk/src/rp2_common/pico_printf/printf.c.obj
 .text._ntoa_long_long
                0x0000000010002292      0x10e CMakeFiles/spi_slave.dir/home/pzerg/VSARM/pico-sdk/src/rp2_common/pico_printf/printf.c.obj
 .text._etoa    0x00000000100023a0      0x420 CMakeFiles/spi_slave.dir/home/pzerg/VSARM/pico-sdk/src/rp2_common/pico_printf/printf.c.obj
 .text._ftoa    0x00000000100027c0      0x354 CMakeFiles/spi_slave.dir/home/pzerg/VSARM/pico-sdk/src/rp2_common/pico_printf/printf.c.obj
 .text._vsnprintf
                0x0000000010002b14      0x65c CMakeFiles/spi_slave.dir/home/pzerg/VSARM/pico-sdk/src/rp2_common/pico_printf/printf.c.obj
 .text.vfctprintf
                0x0000000010003170       0x20 CMakeFiles/spi_slave.dir/home/pzerg/VSARM/pico-sdk/src/rp2_common/pico_printf/printf.c.obj
                0x0000000010003170                vfctprintf
 .text          0x0000000010003190       0x10 CMakeFiles/spi_slave.dir/home/pzerg/VSARM/pico-sdk/src/rp2_common/pico_bit_ops/bit_ops_aeabi.S.obj
 .text.rom_func_lookup
                0x00000000100031a0       0x10 CMakeFiles/spi_slave.dir/home/pzerg/VSARM/pico-sdk/src/rp2_common/pico_bootrom/bootrom.c.obj
                0x00000000100031a0                rom_func_lookup
 .text.rom_data_lookup
                0x00000000100031b0       0x10 CMakeFiles/spi_slave.dir/home/pzerg/VSARM/pico-sdk/src/rp2_common/pico_bootrom/bootrom.c.obj
                0x00000000100031b0                rom_data_lookup
 .text.rom_funcs_lookup
                0x00000000100031c0       0x36 CMakeFiles/spi_slave.dir/home/pzerg/VSARM/pico-sdk/src/rp2_common/pico_bootrom/bootrom.c.obj
                0x00000000100031c0                rom_funcs_lookup
 *fill*         0x00000000100031f6        0x2 
 .text.__wrap___aeabi_idiv
                0x00000000100031f8       0x50 CMakeFiles/spi_slave.dir/home/pzerg/VSARM/pico-sdk/src/rp2_common/pico_divider/divider.S.obj
                0x00000000100031f8                __wrap___aeabi_idivmod
                0x00000000100031f8                divmod_s32s32
                0x00000000100031f8                div_s32s32
                0x00000000100031f8                __wrap___aeabi_idiv
                0x0000000010003200                divmod_s32s32_unsafe
                0x000000001000322c                divmod_s32s32_savestate
 .text.__wrap___aeabi_uidiv
                0x0000000010003248       0x4c CMakeFiles/spi_slave.dir/home/pzerg/VSARM/pico-sdk/src/rp2_common/pico_divider/divider.S.obj
                0x0000000010003248                __wrap___aeabi_uidiv
                0x0000000010003248                __wrap___aeabi_uidivmod
                0x0000000010003248                div_u32u32
                0x0000000010003248                divmod_u32u32
                0x0000000010003250                divmod_u32u32_unsafe
                0x0000000010003278                divmod_u32u32_savestate
 .text.__wrap___aeabi_ldiv
                0x0000000010003294      0x434 CMakeFiles/spi_slave.dir/home/pzerg/VSARM/pico-sdk/src/rp2_common/pico_divider/divider.S.obj
                0x0000000010003294                div_s64s64
                0x0000000010003294                divmod_s64s64
                0x0000000010003294                __wrap___aeabi_ldivmod
                0x00000000100032cc                div_u64u64
                0x00000000100032cc                divmod_u64u64
                0x00000000100032cc                __wrap___aeabi_uldivmod
                0x00000000100032dc                divmod_u64u64_savestate
                0x0000000010003304                divmod_s64s64_unsafe
                0x000000001000338c                divmod_u64u64_unsafe
 .text.__wrap___aeabi_darithmetic
                0x00000000100036c8       0x80 CMakeFiles/spi_slave.dir/home/pzerg/VSARM/pico-sdk/src/rp2_common/pico_double/double_aeabi.S.obj
                0x00000000100036c8                __wrap___aeabi_drsub
                0x00000000100036ce                __wrap___aeabi_dsub
                0x00000000100036e0                __wrap___aeabi_dadd
                0x00000000100036f2                __wrap___aeabi_ddiv
                0x000000001000372e                __wrap___aeabi_dmul
 .text.__wrap___aeabi_cdcmple
                0x0000000010003748       0x6c CMakeFiles/spi_slave.dir/home/pzerg/VSARM/pico-sdk/src/rp2_common/pico_double/double_aeabi.S.obj
                0x0000000010003748                __wrap___aeabi_cdrcmple
                0x0000000010003758                __wrap___aeabi_cdcmple
                0x0000000010003758                __wrap___aeabi_cdcmpeq
 .text.__wrap___aeabi_dcmplt
                0x00000000100037b4        0xc CMakeFiles/spi_slave.dir/home/pzerg/VSARM/pico-sdk/src/rp2_common/pico_double/double_aeabi.S.obj
                0x00000000100037b4                __wrap___aeabi_dcmplt
 .text.__wrap___aeabi_dcmple
                0x00000000100037c0       0x10 CMakeFiles/spi_slave.dir/home/pzerg/VSARM/pico-sdk/src/rp2_common/pico_double/double_aeabi.S.obj
                0x00000000100037c0                __wrap___aeabi_dcmple
 .text.__wrap___aeabi_dcmpge
                0x00000000100037d0       0x10 CMakeFiles/spi_slave.dir/home/pzerg/VSARM/pico-sdk/src/rp2_common/pico_double/double_aeabi.S.obj
                0x00000000100037d0                __wrap___aeabi_dcmpge
 .text.__wrap___aeabi_dcmpgt
                0x00000000100037e0        0xa CMakeFiles/spi_slave.dir/home/pzerg/VSARM/pico-sdk/src/rp2_common/pico_double/double_aeabi.S.obj
                0x00000000100037e0                __wrap___aeabi_dcmpgt
 .text.__wrap___aeabi_dcmpun
                0x00000000100037ea       0x1c CMakeFiles/spi_slave.dir/home/pzerg/VSARM/pico-sdk/src/rp2_common/pico_double/double_aeabi.S.obj
                0x00000000100037ea                __wrap___aeabi_dcmpun
 *fill*         0x0000000010003806        0x2 
 .text.__wrap___aeabi_i2d
                0x0000000010003808       0x38 CMakeFiles/spi_slave.dir/home/pzerg/VSARM/pico-sdk/src/rp2_common/pico_double/double_aeabi.S.obj
                0x0000000010003808                __wrap___aeabi_ui2d
                0x0000000010003810                __wrap___aeabi_i2d
 .text.__wrap___aeabi_d2iz
                0x0000000010003840       0x48 CMakeFiles/spi_slave.dir/home/pzerg/VSARM/pico-sdk/src/rp2_common/pico_double/double_aeabi.S.obj
                0x0000000010003840                __wrap___aeabi_d2iz
                0x0000000010003840                double2int_z
 .text.__wrap___aeabi_d2uiz
                0x0000000010003888       0x18 CMakeFiles/spi_slave.dir/home/pzerg/VSARM/pico-sdk/src/rp2_common/pico_double/double_aeabi.S.obj
                0x0000000010003888                double2uint
                0x0000000010003888                __wrap___aeabi_d2uiz
 .text.__aeabi_double_init
                0x00000000100038a0       0xcc CMakeFiles/spi_slave.dir/home/pzerg/VSARM/pico-sdk/src/rp2_common/pico_double/double_init_rom.c.obj
                0x00000000100038a0                __aeabi_double_init
 .text.double_table_shim_on_use_helper
                0x000000001000396c       0x34 CMakeFiles/spi_slave.dir/home/pzerg/VSARM/pico-sdk/src/rp2_common/pico_double/double_v1_rom_shim.S.obj
                0x000000001000396c                double_table_shim_on_use_helper
 .text.__wrap___aeabi_dsub
                0x00000000100039a0       0x10 CMakeFiles/spi_slave.dir/home/pzerg/VSARM/pico-sdk/src/rp2_common/pico_double/double_v1_rom_shim.S.obj
                0x00000000100039a0                drsub_shim
                0x00000000100039a6                dsub_shim
 .text.dadd_shim
                0x00000000100039b0      0x15c CMakeFiles/spi_slave.dir/home/pzerg/VSARM/pico-sdk/src/rp2_common/pico_double/double_v1_rom_shim.S.obj
                0x00000000100039b0                dadd_shim
 .text.dmul_shim
                0x0000000010003b0c      0x15c CMakeFiles/spi_slave.dir/home/pzerg/VSARM/pico-sdk/src/rp2_common/pico_double/double_v1_rom_shim.S.obj
                0x0000000010003b0c                dmul_shim
 .text.ddiv_shim
                0x0000000010003c68      0x1b0 CMakeFiles/spi_slave.dir/home/pzerg/VSARM/pico-sdk/src/rp2_common/pico_double/double_v1_rom_shim.S.obj
                0x0000000010003c68                ddiv_shim
 .text.double2uint_shim
                0x0000000010003e18        0xe CMakeFiles/spi_slave.dir/home/pzerg/VSARM/pico-sdk/src/rp2_common/pico_double/double_v1_rom_shim.S.obj
                0x0000000010003e18                double2uint_shim
                0x0000000010003e1a                double2ufix_shim
 *fill*         0x0000000010003e26        0x2 
 .text.double2uint64_shim
                0x0000000010003e28       0x70 CMakeFiles/spi_slave.dir/home/pzerg/VSARM/pico-sdk/src/rp2_common/pico_double/double_v1_rom_shim.S.obj
                0x0000000010003e28                double2uint64_shim
                0x0000000010003e2a                double2ufix64_shim
                0x0000000010003e4a                d2fix_a
 .text.dunpacks
                0x0000000010003e98       0x3c CMakeFiles/spi_slave.dir/home/pzerg/VSARM/pico-sdk/src/rp2_common/pico_double/double_v1_rom_shim.S.obj
                0x0000000010003e98                dunpacks
 .text.__aeabi_lmul
                0x0000000010003ed4       0x32 CMakeFiles/spi_slave.dir/home/pzerg/VSARM/pico-sdk/src/rp2_common/pico_int64_ops/pico_int64_ops_aeabi.S.obj
                0x0000000010003ed4                __wrap___aeabi_lmul
 *fill*         0x0000000010003f06        0x2 
 .text.__aeabi_float_init
                0x0000000010003f08       0xfc CMakeFiles/spi_slave.dir/home/pzerg/VSARM/pico-sdk/src/rp2_common/pico_float/float_init_rom.c.obj
                0x0000000010003f08                __aeabi_float_init
 .text.float_table_shim_on_use_helper
                0x0000000010004004       0x34 CMakeFiles/spi_slave.dir/home/pzerg/VSARM/pico-sdk/src/rp2_common/pico_float/float_v1_rom_shim.S.obj
                0x0000000010004004                float_table_shim_on_use_helper
 .text          0x0000000010004038       0x10 CMakeFiles/spi_slave.dir/home/pzerg/VSARM/pico-sdk/src/rp2_common/pico_mem_ops/mem_ops_aeabi.S.obj
                0x0000000010004038                __aeabi_mem_init
 .text.memset   0x0000000010004048        0xc CMakeFiles/spi_slave.dir/home/pzerg/VSARM/pico-sdk/src/rp2_common/pico_mem_ops/mem_ops_aeabi.S.obj
                0x0000000010004048                __wrap_memset
 .text.memcpy   0x0000000010004054        0xc CMakeFiles/spi_slave.dir/home/pzerg/VSARM/pico-sdk/src/rp2_common/pico_mem_ops/mem_ops_aeabi.S.obj
                0x0000000010004054                __wrap___aeabi_memcpy
                0x0000000010004054                __wrap_memcpy
 .text.stdio_out_chars_no_crlf
                0x0000000010004060        0xe CMakeFiles/spi_slave.dir/home/pzerg/VSARM/pico-sdk/src/rp2_common/pico_stdio/stdio.c.obj
 *fill*         0x000000001000406e        0x2 
 .text.stdio_out_chars_crlf
                0x0000000010004070       0x80 CMakeFiles/spi_slave.dir/home/pzerg/VSARM/pico-sdk/src/rp2_common/pico_stdio/stdio.c.obj
 .text.stdio_stack_buffer_flush
                0x00000000100040f0       0x44 CMakeFiles/spi_slave.dir/home/pzerg/VSARM/pico-sdk/src/rp2_common/pico_stdio/stdio.c.obj
 .text.stdio_buffered_printer
                0x0000000010004134       0x20 CMakeFiles/spi_slave.dir/home/pzerg/VSARM/pico-sdk/src/rp2_common/pico_stdio/stdio.c.obj
 .text.stdout_serialize_begin
                0x0000000010004154       0x30 CMakeFiles/spi_slave.dir/home/pzerg/VSARM/pico-sdk/src/rp2_common/pico_stdio/stdio.c.obj
                0x0000000010004154                stdout_serialize_begin
 .text.stdout_serialize_end
                0x0000000010004184       0x10 CMakeFiles/spi_slave.dir/home/pzerg/VSARM/pico-sdk/src/rp2_common/pico_stdio/stdio.c.obj
                0x0000000010004184                stdout_serialize_end
 .text.stdio_put_string
                0x0000000010004194       0x98 CMakeFiles/spi_slave.dir/home/pzerg/VSARM/pico-sdk/src/rp2_common/pico_stdio/stdio.c.obj
 .text.stdio_set_driver_enabled
                0x000000001000422c       0x38 CMakeFiles/spi_slave.dir/home/pzerg/VSARM/pico-sdk/src/rp2_common/pico_stdio/stdio.c.obj
                0x000000001000422c                stdio_set_driver_enabled
 .text.stdio_flush
                0x0000000010004264       0x20 CMakeFiles/spi_slave.dir/home/pzerg/VSARM/pico-sdk/src/rp2_common/pico_stdio/stdio.c.obj
                0x0000000010004264                stdio_flush
 .text.__wrap_puts
                0x0000000010004284       0x1e CMakeFiles/spi_slave.dir/home/pzerg/VSARM/pico-sdk/src/rp2_common/pico_stdio/stdio.c.obj
                0x0000000010004284                __wrap_puts
 *fill*         0x00000000100042a2        0x2 
 .text.__wrap_vprintf
                0x00000000100042a4       0x44 CMakeFiles/spi_slave.dir/home/pzerg/VSARM/pico-sdk/src/rp2_common/pico_stdio/stdio.c.obj
                0x00000000100042a4                __wrap_vprintf
 .text.__wrap_printf
                0x00000000100042e8       0x18 CMakeFiles/spi_slave.dir/home/pzerg/VSARM/pico-sdk/src/rp2_common/pico_stdio/stdio.c.obj
                0x00000000100042e8                __wrap_printf
 .text.stdio_init_all
                0x0000000010004300        0x8 CMakeFiles/spi_slave.dir/home/pzerg/VSARM/pico-sdk/src/rp2_common/pico_stdio/stdio.c.obj
                0x0000000010004300                stdio_init_all
 .text.resetd_init
                0x0000000010004308        0x2 CMakeFiles/spi_slave.dir/home/pzerg/VSARM/pico-sdk/src/rp2_common/pico_stdio_usb/reset_interface.c.obj
 *fill*         0x000000001000430a        0x2 
 .text.resetd_reset
                0x000000001000430c        0xc CMakeFiles/spi_slave.dir/home/pzerg/VSARM/pico-sdk/src/rp2_common/pico_stdio_usb/reset_interface.c.obj
 .text.resetd_open
                0x0000000010004318       0x34 CMakeFiles/spi_slave.dir/home/pzerg/VSARM/pico-sdk/src/rp2_common/pico_stdio_usb/reset_interface.c.obj
 .text.resetd_xfer_cb
                0x000000001000434c        0x4 CMakeFiles/spi_slave.dir/home/pzerg/VSARM/pico-sdk/src/rp2_common/pico_stdio_usb/reset_interface.c.obj
 .text.reset_usb_boot
                0x0000000010004350       0x18 CMakeFiles/spi_slave.dir/home/pzerg/VSARM/pico-sdk/src/rp2_common/pico_stdio_usb/reset_interface.c.obj
 .text.resetd_control_xfer_cb
                0x0000000010004368       0x5c CMakeFiles/spi_slave.dir/home/pzerg/VSARM/pico-sdk/src/rp2_common/pico_stdio_usb/reset_interface.c.obj
 .text.usbd_app_driver_get_cb
                0x00000000100043c4        0xc CMakeFiles/spi_slave.dir/home/pzerg/VSARM/pico-sdk/src/rp2_common/pico_stdio_usb/reset_interface.c.obj
                0x00000000100043c4                usbd_app_driver_get_cb
 .text.tud_cdc_line_coding_cb
                0x00000000100043d0       0x28 CMakeFiles/spi_slave.dir/home/pzerg/VSARM/pico-sdk/src/rp2_common/pico_stdio_usb/reset_interface.c.obj
                0x00000000100043d0                tud_cdc_line_coding_cb
 .text.stdio_usb_in_chars
                0x00000000100043f8       0x70 CMakeFiles/spi_slave.dir/home/pzerg/VSARM/pico-sdk/src/rp2_common/pico_stdio_usb/stdio_usb.c.obj
                0x00000000100043f8                stdio_usb_in_chars
 .text.low_priority_worker_irq
                0x0000000010004468       0x20 CMakeFiles/spi_slave.dir/home/pzerg/VSARM/pico-sdk/src/rp2_common/pico_stdio_usb/stdio_usb.c.obj
 .text.stdio_usb_out_chars
                0x0000000010004488       0xd4 CMakeFiles/spi_slave.dir/home/pzerg/VSARM/pico-sdk/src/rp2_common/pico_stdio_usb/stdio_usb.c.obj
 .text.timer_task
                0x000000001000455c       0x10 CMakeFiles/spi_slave.dir/home/pzerg/VSARM/pico-sdk/src/rp2_common/pico_stdio_usb/stdio_usb.c.obj
 .text.update_us_since_boot
                0x000000001000456c       0x24 CMakeFiles/spi_slave.dir/home/pzerg/VSARM/pico-sdk/src/rp2_common/pico_stdio_usb/stdio_usb.c.obj
 .text.get_absolute_time
                0x0000000010004590       0x22 CMakeFiles/spi_slave.dir/home/pzerg/VSARM/pico-sdk/src/rp2_common/pico_stdio_usb/stdio_usb.c.obj
 .text.delayed_by_us
                0x00000000100045b2       0x36 CMakeFiles/spi_slave.dir/home/pzerg/VSARM/pico-sdk/src/rp2_common/pico_stdio_usb/stdio_usb.c.obj
 .text.alarm_pool_add_alarm_in_us
                0x00000000100045e8       0x3a CMakeFiles/spi_slave.dir/home/pzerg/VSARM/pico-sdk/src/rp2_common/pico_stdio_usb/stdio_usb.c.obj
 .text.add_alarm_in_us
                0x0000000010004622       0x2e CMakeFiles/spi_slave.dir/home/pzerg/VSARM/pico-sdk/src/rp2_common/pico_stdio_usb/stdio_usb.c.obj
 .text.stdio_usb_init
                0x0000000010004650       0x64 CMakeFiles/spi_slave.dir/home/pzerg/VSARM/pico-sdk/src/rp2_common/pico_stdio_usb/stdio_usb.c.obj
                0x0000000010004650                stdio_usb_init
 .text.tud_descriptor_device_cb
                0x00000000100046b4        0x8 CMakeFiles/spi_slave.dir/home/pzerg/VSARM/pico-sdk/src/rp2_common/pico_stdio_usb/stdio_usb_descriptors.c.obj
                0x00000000100046b4                tud_descriptor_device_cb
 .text.tud_descriptor_configuration_cb
                0x00000000100046bc        0x8 CMakeFiles/spi_slave.dir/home/pzerg/VSARM/pico-sdk/src/rp2_common/pico_stdio_usb/stdio_usb_descriptors.c.obj
                0x00000000100046bc                tud_descriptor_configuration_cb
 .text.tud_descriptor_string_cb
                0x00000000100046c4       0x6c CMakeFiles/spi_slave.dir/home/pzerg/VSARM/pico-sdk/src/rp2_common/pico_stdio_usb/stdio_usb_descriptors.c.obj
                0x00000000100046c4                tud_descriptor_string_cb
 .text.hw_endpoint_get_by_addr
                0x0000000010004730       0x18 CMakeFiles/spi_slave.dir/home/pzerg/VSARM/pico-sdk/lib/tinyusb/src/portable/raspberrypi/rp2040/dcd_rp2040.c.obj
 .text.reset_ep0_pid
                0x0000000010004748       0x28 CMakeFiles/spi_slave.dir/home/pzerg/VSARM/pico-sdk/lib/tinyusb/src/portable/raspberrypi/rp2040/dcd_rp2040.c.obj
 .text._hw_endpoint_alloc
                0x0000000010004770       0x70 CMakeFiles/spi_slave.dir/home/pzerg/VSARM/pico-sdk/lib/tinyusb/src/portable/raspberrypi/rp2040/dcd_rp2040.c.obj
 .text.hw_endpoint_init
                0x00000000100047e0       0x88 CMakeFiles/spi_slave.dir/home/pzerg/VSARM/pico-sdk/lib/tinyusb/src/portable/raspberrypi/rp2040/dcd_rp2040.c.obj
 .text.reset_non_control_endpoints
                0x0000000010004868       0x40 CMakeFiles/spi_slave.dir/home/pzerg/VSARM/pico-sdk/lib/tinyusb/src/portable/raspberrypi/rp2040/dcd_rp2040.c.obj
 .text.hw_handle_buff_status
                0x00000000100048a8       0x8c CMakeFiles/spi_slave.dir/home/pzerg/VSARM/pico-sdk/lib/tinyusb/src/portable/raspberrypi/rp2040/dcd_rp2040.c.obj
 .text.dcd_rp2040_irq
                0x0000000010004934       0xc0 CMakeFiles/spi_slave.dir/home/pzerg/VSARM/pico-sdk/lib/tinyusb/src/portable/raspberrypi/rp2040/dcd_rp2040.c.obj
 .text.hw_endpoint_xfer
                0x00000000100049f4       0x14 CMakeFiles/spi_slave.dir/home/pzerg/VSARM/pico-sdk/lib/tinyusb/src/portable/raspberrypi/rp2040/dcd_rp2040.c.obj
 .text.dcd_int_enable
                0x0000000010004a08       0x2c CMakeFiles/spi_slave.dir/home/pzerg/VSARM/pico-sdk/lib/tinyusb/src/portable/raspberrypi/rp2040/dcd_rp2040.c.obj
                0x0000000010004a08                dcd_int_enable
 .text.dcd_set_address
                0x0000000010004a34       0x2c CMakeFiles/spi_slave.dir/home/pzerg/VSARM/pico-sdk/lib/tinyusb/src/portable/raspberrypi/rp2040/dcd_rp2040.c.obj
                0x0000000010004a34                dcd_set_address
 .text.dcd_connect
                0x0000000010004a60       0x10 CMakeFiles/spi_slave.dir/home/pzerg/VSARM/pico-sdk/lib/tinyusb/src/portable/raspberrypi/rp2040/dcd_rp2040.c.obj
                0x0000000010004a60                dcd_connect
 .text.dcd_init
                0x0000000010004a70       0x7c CMakeFiles/spi_slave.dir/home/pzerg/VSARM/pico-sdk/lib/tinyusb/src/portable/raspberrypi/rp2040/dcd_rp2040.c.obj
                0x0000000010004a70                dcd_init
 .text.dcd_edpt0_status_complete
                0x0000000010004aec       0x1c CMakeFiles/spi_slave.dir/home/pzerg/VSARM/pico-sdk/lib/tinyusb/src/portable/raspberrypi/rp2040/dcd_rp2040.c.obj
                0x0000000010004aec                dcd_edpt0_status_complete
 .text.dcd_edpt_open
                0x0000000010004b08       0x40 CMakeFiles/spi_slave.dir/home/pzerg/VSARM/pico-sdk/lib/tinyusb/src/portable/raspberrypi/rp2040/dcd_rp2040.c.obj
                0x0000000010004b08                dcd_edpt_open
 .text.dcd_edpt_close_all
                0x0000000010004b48        0x8 CMakeFiles/spi_slave.dir/home/pzerg/VSARM/pico-sdk/lib/tinyusb/src/portable/raspberrypi/rp2040/dcd_rp2040.c.obj
                0x0000000010004b48                dcd_edpt_close_all
 .text.dcd_edpt_xfer
                0x0000000010004b50       0x30 CMakeFiles/spi_slave.dir/home/pzerg/VSARM/pico-sdk/lib/tinyusb/src/portable/raspberrypi/rp2040/dcd_rp2040.c.obj
                0x0000000010004b50                dcd_edpt_xfer
 .text.dcd_edpt_stall
                0x0000000010004b80       0x2c CMakeFiles/spi_slave.dir/home/pzerg/VSARM/pico-sdk/lib/tinyusb/src/portable/raspberrypi/rp2040/dcd_rp2040.c.obj
                0x0000000010004b80                dcd_edpt_stall
 .text.dcd_edpt_clear_stall
                0x0000000010004bac       0x20 CMakeFiles/spi_slave.dir/home/pzerg/VSARM/pico-sdk/lib/tinyusb/src/portable/raspberrypi/rp2040/dcd_rp2040.c.obj
                0x0000000010004bac                dcd_edpt_clear_stall
 .text.prepare_ep_buffer
                0x0000000010004bcc       0x6c CMakeFiles/spi_slave.dir/home/pzerg/VSARM/pico-sdk/lib/tinyusb/src/portable/raspberrypi/rp2040/rp2040_usb.c.obj
 .text.sync_ep_buffer
                0x0000000010004c38       0x78 CMakeFiles/spi_slave.dir/home/pzerg/VSARM/pico-sdk/lib/tinyusb/src/portable/raspberrypi/rp2040/rp2040_usb.c.obj
 .text._hw_endpoint_xfer_sync
                0x0000000010004cb0       0x28 CMakeFiles/spi_slave.dir/home/pzerg/VSARM/pico-sdk/lib/tinyusb/src/portable/raspberrypi/rp2040/rp2040_usb.c.obj
 .text.rp2040_usb_init
                0x0000000010004cd8       0x4c CMakeFiles/spi_slave.dir/home/pzerg/VSARM/pico-sdk/lib/tinyusb/src/portable/raspberrypi/rp2040/rp2040_usb.c.obj
                0x0000000010004cd8                rp2040_usb_init
 .text.hw_endpoint_reset_transfer
                0x0000000010004d24        0xc CMakeFiles/spi_slave.dir/home/pzerg/VSARM/pico-sdk/lib/tinyusb/src/portable/raspberrypi/rp2040/rp2040_usb.c.obj
                0x0000000010004d24                hw_endpoint_reset_transfer
 .text._hw_endpoint_buffer_control_update32
                0x0000000010004d30       0x58 CMakeFiles/spi_slave.dir/home/pzerg/VSARM/pico-sdk/lib/tinyusb/src/portable/raspberrypi/rp2040/rp2040_usb.c.obj
                0x0000000010004d30                _hw_endpoint_buffer_control_update32
 .text._hw_endpoint_start_next_buffer
                0x0000000010004d88       0x74 CMakeFiles/spi_slave.dir/home/pzerg/VSARM/pico-sdk/lib/tinyusb/src/portable/raspberrypi/rp2040/rp2040_usb.c.obj
 .text.hw_endpoint_xfer_start
                0x0000000010004dfc       0x48 CMakeFiles/spi_slave.dir/home/pzerg/VSARM/pico-sdk/lib/tinyusb/src/portable/raspberrypi/rp2040/rp2040_usb.c.obj
                0x0000000010004dfc                hw_endpoint_xfer_start
 .text.hw_endpoint_xfer_continue
                0x0000000010004e44       0x38 CMakeFiles/spi_slave.dir/home/pzerg/VSARM/pico-sdk/lib/tinyusb/src/portable/raspberrypi/rp2040/rp2040_usb.c.obj
                0x0000000010004e44                hw_endpoint_xfer_continue
 .text.configuration_reset
                0x0000000010004e7c       0x84 CMakeFiles/spi_slave.dir/home/pzerg/VSARM/pico-sdk/lib/tinyusb/src/device/usbd.c.obj
 .text.osal_queue_receive
                0x0000000010004f00       0x30 CMakeFiles/spi_slave.dir/home/pzerg/VSARM/pico-sdk/lib/tinyusb/src/device/usbd.c.obj
 .text.usbd_reset
                0x0000000010004f30        0xc CMakeFiles/spi_slave.dir/home/pzerg/VSARM/pico-sdk/lib/tinyusb/src/device/usbd.c.obj
 .text.invoke_class_control
                0x0000000010004f3c       0x1a CMakeFiles/spi_slave.dir/home/pzerg/VSARM/pico-sdk/lib/tinyusb/src/device/usbd.c.obj
 *fill*         0x0000000010004f56        0x2 
 .text.process_set_config
                0x0000000010004f58      0x1b0 CMakeFiles/spi_slave.dir/home/pzerg/VSARM/pico-sdk/lib/tinyusb/src/device/usbd.c.obj
 .text.process_get_descriptor
                0x0000000010005108       0xec CMakeFiles/spi_slave.dir/home/pzerg/VSARM/pico-sdk/lib/tinyusb/src/device/usbd.c.obj
 .text.osal_queue_send
                0x00000000100051f4       0x4c CMakeFiles/spi_slave.dir/home/pzerg/VSARM/pico-sdk/lib/tinyusb/src/device/usbd.c.obj
 .text.tud_mounted
                0x0000000010005240       0x10 CMakeFiles/spi_slave.dir/home/pzerg/VSARM/pico-sdk/lib/tinyusb/src/device/usbd.c.obj
                0x0000000010005240                tud_mounted
 .text.tud_suspended
                0x0000000010005250       0x10 CMakeFiles/spi_slave.dir/home/pzerg/VSARM/pico-sdk/lib/tinyusb/src/device/usbd.c.obj
                0x0000000010005250                tud_suspended
 .text.tud_inited
                0x0000000010005260        0xc CMakeFiles/spi_slave.dir/home/pzerg/VSARM/pico-sdk/lib/tinyusb/src/device/usbd.c.obj
                0x0000000010005260                tud_inited
 .text.tud_init
                0x000000001000526c       0xcc CMakeFiles/spi_slave.dir/home/pzerg/VSARM/pico-sdk/lib/tinyusb/src/device/usbd.c.obj
                0x000000001000526c                tud_init
 .text.dcd_event_handler
                0x0000000010005338       0xd4 CMakeFiles/spi_slave.dir/home/pzerg/VSARM/pico-sdk/lib/tinyusb/src/device/usbd.c.obj
                0x0000000010005338                dcd_event_handler
 .text.dcd_event_bus_signal
                0x000000001000540c       0x26 CMakeFiles/spi_slave.dir/home/pzerg/VSARM/pico-sdk/lib/tinyusb/src/device/usbd.c.obj
                0x000000001000540c                dcd_event_bus_signal
 .text.dcd_event_bus_reset
                0x0000000010005432       0x2a CMakeFiles/spi_slave.dir/home/pzerg/VSARM/pico-sdk/lib/tinyusb/src/device/usbd.c.obj
                0x0000000010005432                dcd_event_bus_reset
 .text.dcd_event_setup_received
                0x000000001000545c       0x34 CMakeFiles/spi_slave.dir/home/pzerg/VSARM/pico-sdk/lib/tinyusb/src/device/usbd.c.obj
                0x000000001000545c                dcd_event_setup_received
 .text.dcd_event_xfer_complete
                0x0000000010005490       0x44 CMakeFiles/spi_slave.dir/home/pzerg/VSARM/pico-sdk/lib/tinyusb/src/device/usbd.c.obj
                0x0000000010005490                dcd_event_xfer_complete
 .text.usbd_edpt_open
                0x00000000100054d4       0x58 CMakeFiles/spi_slave.dir/home/pzerg/VSARM/pico-sdk/lib/tinyusb/src/device/usbd.c.obj
                0x00000000100054d4                usbd_edpt_open
 .text.usbd_open_edpt_pair
                0x000000001000552c       0x8c CMakeFiles/spi_slave.dir/home/pzerg/VSARM/pico-sdk/lib/tinyusb/src/device/usbd.c.obj
                0x000000001000552c                usbd_open_edpt_pair
 .text.usbd_edpt_claim
                0x00000000100055b8       0x8c CMakeFiles/spi_slave.dir/home/pzerg/VSARM/pico-sdk/lib/tinyusb/src/device/usbd.c.obj
                0x00000000100055b8                usbd_edpt_claim
 .text.usbd_edpt_release
                0x0000000010005644       0x60 CMakeFiles/spi_slave.dir/home/pzerg/VSARM/pico-sdk/lib/tinyusb/src/device/usbd.c.obj
                0x0000000010005644                usbd_edpt_release
 .text.usbd_edpt_xfer
                0x00000000100056a4       0x80 CMakeFiles/spi_slave.dir/home/pzerg/VSARM/pico-sdk/lib/tinyusb/src/device/usbd.c.obj
                0x00000000100056a4                usbd_edpt_xfer
 .text.usbd_edpt_stall
                0x0000000010005724       0x40 CMakeFiles/spi_slave.dir/home/pzerg/VSARM/pico-sdk/lib/tinyusb/src/device/usbd.c.obj
                0x0000000010005724                usbd_edpt_stall
 .text.usbd_edpt_clear_stall
                0x0000000010005764       0x40 CMakeFiles/spi_slave.dir/home/pzerg/VSARM/pico-sdk/lib/tinyusb/src/device/usbd.c.obj
                0x0000000010005764                usbd_edpt_clear_stall
 .text.usbd_edpt_stalled
                0x00000000100057a4       0x1c CMakeFiles/spi_slave.dir/home/pzerg/VSARM/pico-sdk/lib/tinyusb/src/device/usbd.c.obj
                0x00000000100057a4                usbd_edpt_stalled
 .text.process_control_request
                0x00000000100057c0      0x3b0 CMakeFiles/spi_slave.dir/home/pzerg/VSARM/pico-sdk/lib/tinyusb/src/device/usbd.c.obj
 .text.tud_task
                0x0000000010005b70      0x1f0 CMakeFiles/spi_slave.dir/home/pzerg/VSARM/pico-sdk/lib/tinyusb/src/device/usbd.c.obj
                0x0000000010005b70                tud_task
 .text._status_stage_xact
                0x0000000010005d60       0x1a CMakeFiles/spi_slave.dir/home/pzerg/VSARM/pico-sdk/lib/tinyusb/src/device/usbd_control.c.obj
 *fill*         0x0000000010005d7a        0x2 
 .text._data_stage_xact
                0x0000000010005d7c       0x58 CMakeFiles/spi_slave.dir/home/pzerg/VSARM/pico-sdk/lib/tinyusb/src/device/usbd_control.c.obj
 .text.tud_control_status
                0x0000000010005dd4       0x28 CMakeFiles/spi_slave.dir/home/pzerg/VSARM/pico-sdk/lib/tinyusb/src/device/usbd_control.c.obj
                0x0000000010005dd4                tud_control_status
 .text.tud_control_xfer
                0x0000000010005dfc       0x98 CMakeFiles/spi_slave.dir/home/pzerg/VSARM/pico-sdk/lib/tinyusb/src/device/usbd_control.c.obj
                0x0000000010005dfc                tud_control_xfer
 .text.usbd_control_reset
                0x0000000010005e94       0x14 CMakeFiles/spi_slave.dir/home/pzerg/VSARM/pico-sdk/lib/tinyusb/src/device/usbd_control.c.obj
                0x0000000010005e94                usbd_control_reset
 .text.usbd_control_set_complete_callback
                0x0000000010005ea8        0xc CMakeFiles/spi_slave.dir/home/pzerg/VSARM/pico-sdk/lib/tinyusb/src/device/usbd_control.c.obj
                0x0000000010005ea8                usbd_control_set_complete_callback
 .text.usbd_control_set_request
                0x0000000010005eb4       0x1c CMakeFiles/spi_slave.dir/home/pzerg/VSARM/pico-sdk/lib/tinyusb/src/device/usbd_control.c.obj
                0x0000000010005eb4                usbd_control_set_request
 .text.usbd_control_xfer_cb
                0x0000000010005ed0       0xe8 CMakeFiles/spi_slave.dir/home/pzerg/VSARM/pico-sdk/lib/tinyusb/src/device/usbd_control.c.obj
                0x0000000010005ed0                usbd_control_xfer_cb
 .text._prep_out_transaction
                0x0000000010005fb8       0x46 CMakeFiles/spi_slave.dir/home/pzerg/VSARM/pico-sdk/lib/tinyusb/src/class/cdc/cdc_device.c.obj
 *fill*         0x0000000010005ffe        0x2 
 .text.tud_cdc_n_connected
                0x0000000010006000       0x38 CMakeFiles/spi_slave.dir/home/pzerg/VSARM/pico-sdk/lib/tinyusb/src/class/cdc/cdc_device.c.obj
                0x0000000010006000                tud_cdc_n_connected
 .text.tud_cdc_n_available
                0x0000000010006038       0x18 CMakeFiles/spi_slave.dir/home/pzerg/VSARM/pico-sdk/lib/tinyusb/src/class/cdc/cdc_device.c.obj
                0x0000000010006038                tud_cdc_n_available
 .text.tud_cdc_n_read
                0x0000000010006050       0x28 CMakeFiles/spi_slave.dir/home/pzerg/VSARM/pico-sdk/lib/tinyusb/src/class/cdc/cdc_device.c.obj
                0x0000000010006050                tud_cdc_n_read
 .text.tud_cdc_n_write_flush
                0x0000000010006078       0xcc CMakeFiles/spi_slave.dir/home/pzerg/VSARM/pico-sdk/lib/tinyusb/src/class/cdc/cdc_device.c.obj
                0x0000000010006078                tud_cdc_n_write_flush
 .text.tud_cdc_n_write
                0x0000000010006144       0x38 CMakeFiles/spi_slave.dir/home/pzerg/VSARM/pico-sdk/lib/tinyusb/src/class/cdc/cdc_device.c.obj
                0x0000000010006144                tud_cdc_n_write
 .text.tud_cdc_n_write_available
                0x000000001000617c       0x1c CMakeFiles/spi_slave.dir/home/pzerg/VSARM/pico-sdk/lib/tinyusb/src/class/cdc/cdc_device.c.obj
                0x000000001000617c                tud_cdc_n_write_available
 .text.cdcd_init
                0x0000000010006198       0xbc CMakeFiles/spi_slave.dir/home/pzerg/VSARM/pico-sdk/lib/tinyusb/src/class/cdc/cdc_device.c.obj
                0x0000000010006198                cdcd_init
 .text.cdcd_reset
                0x0000000010006254       0x44 CMakeFiles/spi_slave.dir/home/pzerg/VSARM/pico-sdk/lib/tinyusb/src/class/cdc/cdc_device.c.obj
                0x0000000010006254                cdcd_reset
 .text.cdcd_open
                0x0000000010006298       0xf0 CMakeFiles/spi_slave.dir/home/pzerg/VSARM/pico-sdk/lib/tinyusb/src/class/cdc/cdc_device.c.obj
                0x0000000010006298                cdcd_open
 .text.cdcd_control_xfer_cb
                0x0000000010006388      0x134 CMakeFiles/spi_slave.dir/home/pzerg/VSARM/pico-sdk/lib/tinyusb/src/class/cdc/cdc_device.c.obj
                0x0000000010006388                cdcd_control_xfer_cb
 .text.cdcd_xfer_cb
                0x00000000100064bc      0x144 CMakeFiles/spi_slave.dir/home/pzerg/VSARM/pico-sdk/lib/tinyusb/src/class/cdc/cdc_device.c.obj
                0x00000000100064bc                cdcd_xfer_cb
 .text.tusb_init
                0x0000000010006600       0x24 CMakeFiles/spi_slave.dir/home/pzerg/VSARM/pico-sdk/lib/tinyusb/src/tusb.c.obj
                0x0000000010006600                tusb_init
 .text.tusb_inited
                0x0000000010006624        0xe CMakeFiles/spi_slave.dir/home/pzerg/VSARM/pico-sdk/lib/tinyusb/src/tusb.c.obj
                0x0000000010006624                tusb_inited
 *fill*         0x0000000010006632        0x2 
 .text.tu_edpt_validate
                0x0000000010006634       0xa8 CMakeFiles/spi_slave.dir/home/pzerg/VSARM/pico-sdk/lib/tinyusb/src/tusb.c.obj
                0x0000000010006634                tu_edpt_validate
 .text.tu_edpt_bind_driver
                0x00000000100066dc       0x2a CMakeFiles/spi_slave.dir/home/pzerg/VSARM/pico-sdk/lib/tinyusb/src/tusb.c.obj
                0x00000000100066dc                tu_edpt_bind_driver
 .text.advance_pointer
                0x0000000010006706       0x18 CMakeFiles/spi_slave.dir/home/pzerg/VSARM/pico-sdk/lib/tinyusb/src/common/tusb_fifo.c.obj
 .text.backward_pointer
                0x000000001000671e       0x1e CMakeFiles/spi_slave.dir/home/pzerg/VSARM/pico-sdk/lib/tinyusb/src/common/tusb_fifo.c.obj
 .text.get_relative_pointer
                0x000000001000673c       0x10 CMakeFiles/spi_slave.dir/home/pzerg/VSARM/pico-sdk/lib/tinyusb/src/common/tusb_fifo.c.obj
 .text._tu_fifo_peek
                0x000000001000674c       0x50 CMakeFiles/spi_slave.dir/home/pzerg/VSARM/pico-sdk/lib/tinyusb/src/common/tusb_fifo.c.obj
 .text._ff_pull_const_addr
                0x000000001000679c       0x4c CMakeFiles/spi_slave.dir/home/pzerg/VSARM/pico-sdk/lib/tinyusb/src/common/tusb_fifo.c.obj
 .text._ff_pull_n
                0x00000000100067e8      0x10c CMakeFiles/spi_slave.dir/home/pzerg/VSARM/pico-sdk/lib/tinyusb/src/common/tusb_fifo.c.obj
 .text._tu_fifo_peek_n
                0x00000000100068f4       0x5e CMakeFiles/spi_slave.dir/home/pzerg/VSARM/pico-sdk/lib/tinyusb/src/common/tusb_fifo.c.obj
 .text._tu_fifo_read_n
                0x0000000010006952       0x4e CMakeFiles/spi_slave.dir/home/pzerg/VSARM/pico-sdk/lib/tinyusb/src/common/tusb_fifo.c.obj
 .text._ff_push_const_addr
                0x00000000100069a0       0x40 CMakeFiles/spi_slave.dir/home/pzerg/VSARM/pico-sdk/lib/tinyusb/src/common/tusb_fifo.c.obj
 .text._ff_push_n
                0x00000000100069e0      0x108 CMakeFiles/spi_slave.dir/home/pzerg/VSARM/pico-sdk/lib/tinyusb/src/common/tusb_fifo.c.obj
 .text._tu_fifo_write_n
                0x0000000010006ae8       0x9e CMakeFiles/spi_slave.dir/home/pzerg/VSARM/pico-sdk/lib/tinyusb/src/common/tusb_fifo.c.obj
 .text.tu_fifo_config
                0x0000000010006b86       0x72 CMakeFiles/spi_slave.dir/home/pzerg/VSARM/pico-sdk/lib/tinyusb/src/common/tusb_fifo.c.obj
                0x0000000010006b86                tu_fifo_config
 .text.tu_fifo_count
                0x0000000010006bf8       0x26 CMakeFiles/spi_slave.dir/home/pzerg/VSARM/pico-sdk/lib/tinyusb/src/common/tusb_fifo.c.obj
                0x0000000010006bf8                tu_fifo_count
 .text.tu_fifo_empty
                0x0000000010006c1e        0xe CMakeFiles/spi_slave.dir/home/pzerg/VSARM/pico-sdk/lib/tinyusb/src/common/tusb_fifo.c.obj
                0x0000000010006c1e                tu_fifo_empty
 .text.tu_fifo_remaining
                0x0000000010006c2c       0x20 CMakeFiles/spi_slave.dir/home/pzerg/VSARM/pico-sdk/lib/tinyusb/src/common/tusb_fifo.c.obj
                0x0000000010006c2c                tu_fifo_remaining
 .text.tu_fifo_read
                0x0000000010006c4c       0x42 CMakeFiles/spi_slave.dir/home/pzerg/VSARM/pico-sdk/lib/tinyusb/src/common/tusb_fifo.c.obj
                0x0000000010006c4c                tu_fifo_read
 .text.tu_fifo_read_n
                0x0000000010006c8e        0xa CMakeFiles/spi_slave.dir/home/pzerg/VSARM/pico-sdk/lib/tinyusb/src/common/tusb_fifo.c.obj
                0x0000000010006c8e                tu_fifo_read_n
 .text.tu_fifo_write
                0x0000000010006c98       0x6a CMakeFiles/spi_slave.dir/home/pzerg/VSARM/pico-sdk/lib/tinyusb/src/common/tusb_fifo.c.obj
                0x0000000010006c98                tu_fifo_write
 .text.tu_fifo_write_n
                0x0000000010006d02        0xa CMakeFiles/spi_slave.dir/home/pzerg/VSARM/pico-sdk/lib/tinyusb/src/common/tusb_fifo.c.obj
                0x0000000010006d02                tu_fifo_write_n
 .text.tu_fifo_clear
                0x0000000010006d0c       0x4c CMakeFiles/spi_slave.dir/home/pzerg/VSARM/pico-sdk/lib/tinyusb/src/common/tusb_fifo.c.obj
                0x0000000010006d0c                tu_fifo_clear
 .text.tu_fifo_set_overwritable
                0x0000000010006d58       0x3c CMakeFiles/spi_slave.dir/home/pzerg/VSARM/pico-sdk/lib/tinyusb/src/common/tusb_fifo.c.obj
                0x0000000010006d58                tu_fifo_set_overwritable
 .text._retrieve_unique_id_on_boot
                0x0000000010006d94       0x10 CMakeFiles/spi_slave.dir/home/pzerg/VSARM/pico-sdk/src/rp2_common/pico_unique_id/unique_id.c.obj
 .text.pico_get_unique_board_id_string
                0x0000000010006da4       0x5c CMakeFiles/spi_slave.dir/home/pzerg/VSARM/pico-sdk/src/rp2_common/pico_unique_id/unique_id.c.obj
                0x0000000010006da4                pico_get_unique_board_id_string
 .text.flash_get_unique_id
                0x0000000010006e00       0x46 CMakeFiles/spi_slave.dir/home/pzerg/VSARM/pico-sdk/src/rp2_common/hardware_flash/flash.c.obj
                0x0000000010006e00                flash_get_unique_id
 .text.spi_set_baudrate
                0x0000000010006e46       0x92 CMakeFiles/spi_slave.dir/home/pzerg/VSARM/pico-sdk/src/rp2_common/hardware_spi/spi.c.obj
                0x0000000010006e46                spi_set_baudrate
 .text.spi_init
                0x0000000010006ed8       0x68 CMakeFiles/spi_slave.dir/home/pzerg/VSARM/pico-sdk/src/rp2_common/hardware_spi/spi.c.obj
                0x0000000010006ed8                spi_init
 .text.atexit   0x0000000010006f40       0x10 /usr/lib/gcc/arm-none-eabi/12.1.0/../../../../arm-none-eabi/lib/thumb/v6-m/nofp/libg.a(lib_a-atexit.o)
                0x0000000010006f40                atexit
 .text.__libc_fini_array
                0x0000000010006f50       0x28 /usr/lib/gcc/arm-none-eabi/12.1.0/../../../../arm-none-eabi/lib/thumb/v6-m/nofp/libg.a(lib_a-fini.o)
                0x0000000010006f50                __libc_fini_array
 .text.strlen   0x0000000010006f78       0x5c /usr/lib/gcc/arm-none-eabi/12.1.0/../../../../arm-none-eabi/lib/thumb/v6-m/nofp/libg.a(lib_a-strlen-stub.o)
                0x0000000010006f78                strlen
 .text.__register_exitproc
                0x0000000010006fd4       0xac /usr/lib/gcc/arm-none-eabi/12.1.0/../../../../arm-none-eabi/lib/thumb/v6-m/nofp/libg.a(lib_a-__atexit.o)
                0x0000000010006fd4                __register_exitproc
 .text.startup.register_fini
                0x0000000010007080       0x18 /usr/lib/gcc/arm-none-eabi/12.1.0/../../../../arm-none-eabi/lib/thumb/v6-m/nofp/libg.a(lib_a-__call_atexit.o)
 .text.__retarget_lock_acquire_recursive
                0x0000000010007098        0x4 /usr/lib/gcc/arm-none-eabi/12.1.0/../../../../arm-none-eabi/lib/thumb/v6-m/nofp/libg.a(lib_a-lock.o)
                0x0000000010007098                __retarget_lock_acquire_recursive
 .text.__retarget_lock_release_recursive
                0x000000001000709c        0x4 /usr/lib/gcc/arm-none-eabi/12.1.0/../../../../arm-none-eabi/lib/thumb/v6-m/nofp/libg.a(lib_a-lock.o)
                0x000000001000709c                __retarget_lock_release_recursive
 *(.fini)
 .fini          0x00000000100070a0        0x4 /usr/lib/gcc/arm-none-eabi/12.1.0/thumb/v6-m/nofp/crti.o
                0x00000000100070a0                _fini
 *fill*         0x00000000100070a4        0x4 
 .fini.__stub   0x00000000100070a8       0x80 linker stubs
 *crtbegin.o(.ctors)
 *crtbegin?.o(.ctors)
 *(EXCLUDE_FILE(*crtend.o *crtend?.o) .ctors)
 *(SORT_BY_NAME(.ctors.*))
 *(.ctors)
 *crtbegin.o(.dtors)
 *crtbegin?.o(.dtors)
 *(EXCLUDE_FILE(*crtend.o *crtend?.o) .dtors)
 *(SORT_BY_NAME(.dtors.*))
 *(.dtors)
 *(.eh_frame*)
 .eh_frame      0x0000000010007128        0x0 /usr/lib/gcc/arm-none-eabi/12.1.0/thumb/v6-m/nofp/crtbegin.o
                0x0000000010007128                . = ALIGN (0x4)

.glue_7         0x0000000010007128        0x0
 .glue_7        0x0000000010007128        0x0 linker stubs

.glue_7t        0x0000000010007128        0x0
 .glue_7t       0x0000000010007128        0x0 linker stubs

.vfp11_veneer   0x0000000010007128        0x0
 .vfp11_veneer  0x0000000010007128        0x0 linker stubs

.v4_bx          0x0000000010007128        0x0
 .v4_bx         0x0000000010007128        0x0 linker stubs

.iplt           0x0000000010007128        0x0
 .iplt          0x0000000010007128        0x0 /usr/lib/gcc/arm-none-eabi/12.1.0/thumb/v6-m/nofp/crtbegin.o

.rodata         0x0000000010007128     0x1430
 *(EXCLUDE_FILE(*libm.a: *libc.a:*lib_a-mem*.o *libgcc.a:) .rodata*)
 .rodata.main.str1.4
                0x0000000010007128        0xb CMakeFiles/spi_slave.dir/main.c.obj
 *fill*         0x0000000010007133        0x1 
 .rodata        0x0000000010007134        0x3 CMakeFiles/spi_slave.dir/main.c.obj
 *fill*         0x0000000010007137        0x1 
 .rodata.spin_lock_claim_unused.str1.4
                0x0000000010007138       0x1b CMakeFiles/spi_slave.dir/home/pzerg/VSARM/pico-sdk/src/rp2_common/hardware_sync/sync.c.obj
 *fill*         0x0000000010007153        0x1 
 .rodata.get_entry.str1.4
                0x0000000010007154       0x5b CMakeFiles/spi_slave.dir/home/pzerg/VSARM/pico-sdk/src/common/pico_time/time.c.obj
 *fill*         0x00000000100071af        0x1 
 .rodata.update_us_since_boot.str1.4
                0x00000000100071b0       0x61 CMakeFiles/spi_slave.dir/home/pzerg/VSARM/pico-sdk/src/common/pico_time/time.c.obj
 *fill*         0x0000000010007211        0x3 
 .rodata.ph_get_node.str1.4
                0x0000000010007214       0x66 CMakeFiles/spi_slave.dir/home/pzerg/VSARM/pico-sdk/src/common/pico_time/time.c.obj
 *fill*         0x000000001000727a        0x2 
 .rodata.ph_add_child_node.str1.4
                0x000000001000727c       0x2e CMakeFiles/spi_slave.dir/home/pzerg/VSARM/pico-sdk/src/common/pico_time/time.c.obj
 *fill*         0x00000000100072aa        0x2 
 .rodata.ph_insert_node.str1.4
                0x00000000100072ac        0x3 CMakeFiles/spi_slave.dir/home/pzerg/VSARM/pico-sdk/src/common/pico_time/time.c.obj
 *fill*         0x00000000100072af        0x1 
 .rodata.ph_free_node.str1.4
                0x00000000100072b0       0x22 CMakeFiles/spi_slave.dir/home/pzerg/VSARM/pico-sdk/src/common/pico_time/time.c.obj
 *fill*         0x00000000100072d2        0x2 
 .rodata.add_alarm_under_lock.str1.4
                0x00000000100072d4       0x28 CMakeFiles/spi_slave.dir/home/pzerg/VSARM/pico-sdk/src/common/pico_time/time.c.obj
 .rodata.alarm_pool_alarm_callback.str1.4
                0x00000000100072fc       0x60 CMakeFiles/spi_slave.dir/home/pzerg/VSARM/pico-sdk/src/common/pico_time/time.c.obj
 .rodata.alarm_pool_get_default.str1.4
                0x000000001000735c       0x21 CMakeFiles/spi_slave.dir/home/pzerg/VSARM/pico-sdk/src/common/pico_time/time.c.obj
 *fill*         0x000000001000737d        0x3 
 .rodata.alarm_pool_cancel_alarm.str1.4
                0x0000000010007380       0x27 CMakeFiles/spi_slave.dir/home/pzerg/VSARM/pico-sdk/src/common/pico_time/time.c.obj
 *fill*         0x00000000100073a7        0x1 
 .rodata.__func__.1
                0x00000000100073a8       0x18 CMakeFiles/spi_slave.dir/home/pzerg/VSARM/pico-sdk/src/common/pico_time/time.c.obj
 .rodata.__func__.3
                0x00000000100073c0       0x17 CMakeFiles/spi_slave.dir/home/pzerg/VSARM/pico-sdk/src/common/pico_time/time.c.obj
 *fill*         0x00000000100073d7        0x1 
 .rodata.__func__.4
                0x00000000100073d8       0x12 CMakeFiles/spi_slave.dir/home/pzerg/VSARM/pico-sdk/src/common/pico_time/time.c.obj
 *fill*         0x00000000100073ea        0x2 
 .rodata.__func__.5
                0x00000000100073ec        0xd CMakeFiles/spi_slave.dir/home/pzerg/VSARM/pico-sdk/src/common/pico_time/time.c.obj
 *fill*         0x00000000100073f9        0x3 
 .rodata.__func__.6
                0x00000000100073fc       0x12 CMakeFiles/spi_slave.dir/home/pzerg/VSARM/pico-sdk/src/common/pico_time/time.c.obj
 *fill*         0x000000001000740e        0x2 
 .rodata.__func__.7
                0x0000000010007410        0xf CMakeFiles/spi_slave.dir/home/pzerg/VSARM/pico-sdk/src/common/pico_time/time.c.obj
 *fill*         0x000000001000741f        0x1 
 .rodata.__func__.8
                0x0000000010007420        0xc CMakeFiles/spi_slave.dir/home/pzerg/VSARM/pico-sdk/src/common/pico_time/time.c.obj
 .rodata.__func__.9
                0x000000001000742c       0x15 CMakeFiles/spi_slave.dir/home/pzerg/VSARM/pico-sdk/src/common/pico_time/time.c.obj
 *fill*         0x0000000010007441        0x3 
 .rodata.__func__.10
                0x0000000010007444       0x15 CMakeFiles/spi_slave.dir/home/pzerg/VSARM/pico-sdk/src/common/pico_time/time.c.obj
 *fill*         0x0000000010007459        0x3 
 .rodata.__func__.11
                0x000000001000745c       0x1a CMakeFiles/spi_slave.dir/home/pzerg/VSARM/pico-sdk/src/common/pico_time/time.c.obj
 *fill*         0x0000000010007476        0x2 
 .rodata.__func__.12
                0x0000000010007478        0xa CMakeFiles/spi_slave.dir/home/pzerg/VSARM/pico-sdk/src/common/pico_time/time.c.obj
 *fill*         0x0000000010007482        0x2 
 .rodata.hardware_alarm_claim.str1.4
                0x0000000010007484       0x22 CMakeFiles/spi_slave.dir/home/pzerg/VSARM/pico-sdk/src/rp2_common/hardware_timer/timer.c.obj
 *fill*         0x00000000100074a6        0x2 
 .rodata.hardware_alarm_set_target.str1.4
                0x00000000100074a8       0x65 CMakeFiles/spi_slave.dir/home/pzerg/VSARM/pico-sdk/src/rp2_common/hardware_timer/timer.c.obj
 *fill*         0x000000001000750d        0x3 
 .rodata.__func__.0
                0x0000000010007510       0x1a CMakeFiles/spi_slave.dir/home/pzerg/VSARM/pico-sdk/src/rp2_common/hardware_timer/timer.c.obj
 .rodata.update_us_since_boot.str1.4
                0x000000001000752a       0x61 CMakeFiles/spi_slave.dir/home/pzerg/VSARM/pico-sdk/src/common/pico_sync/mutex.c.obj
 *fill*         0x000000001000752a        0x2 
 .rodata.str1.4
                0x000000001000752c       0x89 CMakeFiles/spi_slave.dir/home/pzerg/VSARM/pico-sdk/src/common/pico_sync/mutex.c.obj
 *fill*         0x00000000100075b5        0x3 
 .rodata.__func__.1
                0x00000000100075b8        0xb CMakeFiles/spi_slave.dir/home/pzerg/VSARM/pico-sdk/src/common/pico_sync/mutex.c.obj
 *fill*         0x00000000100075c3        0x1 
 .rodata.__func__.3
                0x00000000100075c4       0x18 CMakeFiles/spi_slave.dir/home/pzerg/VSARM/pico-sdk/src/common/pico_sync/mutex.c.obj
 .rodata.__func__.4
                0x00000000100075dc       0x15 CMakeFiles/spi_slave.dir/home/pzerg/VSARM/pico-sdk/src/common/pico_sync/mutex.c.obj
 .rodata.ph_get_node.str1.4
                0x00000000100075f1       0x66 CMakeFiles/spi_slave.dir/home/pzerg/VSARM/pico-sdk/src/common/pico_util/pheap.c.obj
 .rodata.ph_add_child_node.str1.4
                0x00000000100075f1       0x2e CMakeFiles/spi_slave.dir/home/pzerg/VSARM/pico-sdk/src/common/pico_util/pheap.c.obj
 *fill*         0x00000000100075f1        0x3 
 .rodata.ph_remove_any_head.str1.4
                0x00000000100075f4       0x8c CMakeFiles/spi_slave.dir/home/pzerg/VSARM/pico-sdk/src/common/pico_util/pheap.c.obj
 .rodata.ph_remove_and_free_node.str1.4
                0x0000000010007680       0x26 CMakeFiles/spi_slave.dir/home/pzerg/VSARM/pico-sdk/src/common/pico_util/pheap.c.obj
 *fill*         0x00000000100076a6        0x2 
 .rodata.__func__.0
                0x00000000100076a8       0x18 CMakeFiles/spi_slave.dir/home/pzerg/VSARM/pico-sdk/src/common/pico_util/pheap.c.obj
 .rodata.__func__.1
                0x00000000100076c0       0x13 CMakeFiles/spi_slave.dir/home/pzerg/VSARM/pico-sdk/src/common/pico_util/pheap.c.obj
 *fill*         0x00000000100076d3        0x1 
 .rodata.__func__.2
                0x00000000100076d4       0x12 CMakeFiles/spi_slave.dir/home/pzerg/VSARM/pico-sdk/src/common/pico_util/pheap.c.obj
 *fill*         0x00000000100076e6        0x2 
 .rodata.__func__.3
                0x00000000100076e8        0xc CMakeFiles/spi_slave.dir/home/pzerg/VSARM/pico-sdk/src/common/pico_util/pheap.c.obj
 .rodata.__assert_func.str1.4
                0x00000000100076f4       0x3f CMakeFiles/spi_slave.dir/home/pzerg/VSARM/pico-sdk/src/rp2_common/pico_runtime/runtime.c.obj
                                         0x43 (size before relaxing)
 *fill*         0x0000000010007733        0x1 
 .rodata.runtime_init.str1.4
                0x0000000010007734       0x61 CMakeFiles/spi_slave.dir/home/pzerg/VSARM/pico-sdk/src/rp2_common/pico_runtime/runtime.c.obj
 *fill*         0x0000000010007795        0x3 
 .rodata.panic.str1.4
                0x0000000010007798       0x12 CMakeFiles/spi_slave.dir/home/pzerg/VSARM/pico-sdk/src/rp2_common/pico_runtime/runtime.c.obj
 *fill*         0x00000000100077aa        0x2 
 .rodata.__func__.1
                0x00000000100077ac        0xd CMakeFiles/spi_slave.dir/home/pzerg/VSARM/pico-sdk/src/rp2_common/pico_runtime/runtime.c.obj
 *fill*         0x00000000100077b9        0x3 
 .rodata.clock_configure.str1.4
                0x00000000100077bc       0x57 CMakeFiles/spi_slave.dir/home/pzerg/VSARM/pico-sdk/src/rp2_common/hardware_clocks/clocks.c.obj
 *fill*         0x0000000010007813        0x1 
 .rodata.__func__.1
                0x0000000010007814       0x10 CMakeFiles/spi_slave.dir/home/pzerg/VSARM/pico-sdk/src/rp2_common/hardware_clocks/clocks.c.obj
 .rodata.resolve_branch.str1.4
                0x0000000010007824       0x55 CMakeFiles/spi_slave.dir/home/pzerg/VSARM/pico-sdk/src/rp2_common/hardware_irq/irq.c.obj
 *fill*         0x0000000010007879        0x3 
 .rodata.make_branch.str1.4
                0x000000001000787c       0x10 CMakeFiles/spi_slave.dir/home/pzerg/VSARM/pico-sdk/src/rp2_common/hardware_irq/irq.c.obj
 .rodata.irq_set_exclusive_handler.str1.4
                0x000000001000788c       0x36 CMakeFiles/spi_slave.dir/home/pzerg/VSARM/pico-sdk/src/rp2_common/hardware_irq/irq.c.obj
 *fill*         0x00000000100078c2        0x2 
 .rodata.irq_remove_handler.str1.4
                0x00000000100078c4       0x2a CMakeFiles/spi_slave.dir/home/pzerg/VSARM/pico-sdk/src/rp2_common/hardware_irq/irq.c.obj
 *fill*         0x00000000100078ee        0x2 
 .rodata.irq_add_tail_to_free_list.str1.4
                0x00000000100078f0       0x32 CMakeFiles/spi_slave.dir/home/pzerg/VSARM/pico-sdk/src/rp2_common/hardware_irq/irq.c.obj
                                         0x3a (size before relaxing)
 *fill*         0x0000000010007922        0x2 
 .rodata.__func__.0
                0x0000000010007924       0x1a CMakeFiles/spi_slave.dir/home/pzerg/VSARM/pico-sdk/src/rp2_common/hardware_irq/irq.c.obj
 *fill*         0x000000001000793e        0x2 
 .rodata.__func__.1
                0x0000000010007940       0x17 CMakeFiles/spi_slave.dir/home/pzerg/VSARM/pico-sdk/src/rp2_common/hardware_irq/irq.c.obj
 *fill*         0x0000000010007957        0x1 
 .rodata.__func__.2
                0x0000000010007958       0x13 CMakeFiles/spi_slave.dir/home/pzerg/VSARM/pico-sdk/src/rp2_common/hardware_irq/irq.c.obj
 *fill*         0x000000001000796b        0x1 
 .rodata.__func__.3
                0x000000001000796c        0xc CMakeFiles/spi_slave.dir/home/pzerg/VSARM/pico-sdk/src/rp2_common/hardware_irq/irq.c.obj
 .rodata.__func__.4
                0x0000000010007978        0xf CMakeFiles/spi_slave.dir/home/pzerg/VSARM/pico-sdk/src/rp2_common/hardware_irq/irq.c.obj
 *fill*         0x0000000010007987        0x1 
 .rodata.__func__.6
                0x0000000010007988       0x1a CMakeFiles/spi_slave.dir/home/pzerg/VSARM/pico-sdk/src/rp2_common/hardware_irq/irq.c.obj
 *fill*         0x00000000100079a2        0x2 
 .rodata.pll_init.str1.4
                0x00000000100079a4       0xdb CMakeFiles/spi_slave.dir/home/pzerg/VSARM/pico-sdk/src/rp2_common/hardware_pll/pll.c.obj
 *fill*         0x0000000010007a7f        0x1 
 .rodata.__func__.0
                0x0000000010007a80        0x9 CMakeFiles/spi_slave.dir/home/pzerg/VSARM/pico-sdk/src/rp2_common/hardware_pll/pll.c.obj
 *fill*         0x0000000010007a89        0x3 
 .rodata._ftoa.str1.4
                0x0000000010007a8c       0x15 CMakeFiles/spi_slave.dir/home/pzerg/VSARM/pico-sdk/src/rp2_common/pico_printf/printf.c.obj
 *fill*         0x0000000010007aa1        0x3 
 .rodata._vsnprintf
                0x0000000010007aa4      0x19c CMakeFiles/spi_slave.dir/home/pzerg/VSARM/pico-sdk/src/rp2_common/pico_printf/printf.c.obj
 .rodata.pow10.0
                0x0000000010007c40       0x50 CMakeFiles/spi_slave.dir/home/pzerg/VSARM/pico-sdk/src/rp2_common/pico_printf/printf.c.obj
 .rodata.__aeabi_double_init.str1.4
                0x0000000010007c90       0xa8 CMakeFiles/spi_slave.dir/home/pzerg/VSARM/pico-sdk/src/rp2_common/pico_double/double_init_rom.c.obj
 .rodata.__func__.0
                0x0000000010007d38       0x14 CMakeFiles/spi_slave.dir/home/pzerg/VSARM/pico-sdk/src/rp2_common/pico_double/double_init_rom.c.obj
 .rodata.__aeabi_float_init.str1.4
                0x0000000010007d4c       0x7a CMakeFiles/spi_slave.dir/home/pzerg/VSARM/pico-sdk/src/rp2_common/pico_float/float_init_rom.c.obj
                                         0x7e (size before relaxing)
 *fill*         0x0000000010007dc6        0x2 
 .rodata.__func__.0
                0x0000000010007dc8       0x13 CMakeFiles/spi_slave.dir/home/pzerg/VSARM/pico-sdk/src/rp2_common/pico_float/float_init_rom.c.obj
 *fill*         0x0000000010007ddb        0x1 
 .rodata.str1.4
                0x0000000010007ddc       0x40 CMakeFiles/spi_slave.dir/home/pzerg/VSARM/pico-sdk/src/rp2_common/pico_standard_link/binary_info.c.obj
 .rodata.__bi_81
                0x0000000010007e1c        0xc CMakeFiles/spi_slave.dir/home/pzerg/VSARM/pico-sdk/src/rp2_common/pico_standard_link/binary_info.c.obj
 .rodata.__bi_75
                0x0000000010007e28        0xc CMakeFiles/spi_slave.dir/home/pzerg/VSARM/pico-sdk/src/rp2_common/pico_standard_link/binary_info.c.obj
 .rodata.__bi_44
                0x0000000010007e34        0xc CMakeFiles/spi_slave.dir/home/pzerg/VSARM/pico-sdk/src/rp2_common/pico_standard_link/binary_info.c.obj
 .rodata.crlf_str.3
                0x0000000010007e40        0x2 CMakeFiles/spi_slave.dir/home/pzerg/VSARM/pico-sdk/src/rp2_common/pico_stdio/stdio.c.obj
 *fill*         0x0000000010007e42        0x2 
 .rodata._resetd_driver
                0x0000000010007e44       0x18 CMakeFiles/spi_slave.dir/home/pzerg/VSARM/pico-sdk/src/rp2_common/pico_stdio_usb/reset_interface.c.obj
 .rodata.update_us_since_boot.str1.4
                0x0000000010007e5c       0x61 CMakeFiles/spi_slave.dir/home/pzerg/VSARM/pico-sdk/src/rp2_common/pico_stdio_usb/stdio_usb.c.obj
 .rodata.__func__.0
                0x0000000010007e5c       0x15 CMakeFiles/spi_slave.dir/home/pzerg/VSARM/pico-sdk/src/rp2_common/pico_stdio_usb/stdio_usb.c.obj
 *fill*         0x0000000010007e71        0x3 
 .rodata.str1.4
                0x0000000010007e74       0x13 CMakeFiles/spi_slave.dir/home/pzerg/VSARM/pico-sdk/src/rp2_common/pico_stdio_usb/stdio_usb.c.obj
 *fill*         0x0000000010007e87        0x1 
 .rodata.__bi_93.1
                0x0000000010007e88        0xc CMakeFiles/spi_slave.dir/home/pzerg/VSARM/pico-sdk/src/rp2_common/pico_stdio_usb/stdio_usb.c.obj
 .rodata.str1.4
                0x0000000010007e94       0x2a CMakeFiles/spi_slave.dir/home/pzerg/VSARM/pico-sdk/src/rp2_common/pico_stdio_usb/stdio_usb_descriptors.c.obj
 *fill*         0x0000000010007ebe        0x2 
 .rodata.usbd_desc_str
                0x0000000010007ec0       0x18 CMakeFiles/spi_slave.dir/home/pzerg/VSARM/pico-sdk/src/rp2_common/pico_stdio_usb/stdio_usb_descriptors.c.obj
 .rodata.usbd_desc_cfg
                0x0000000010007ed8       0x54 CMakeFiles/spi_slave.dir/home/pzerg/VSARM/pico-sdk/src/rp2_common/pico_stdio_usb/stdio_usb_descriptors.c.obj
 .rodata.usbd_desc_device
                0x0000000010007f2c       0x12 CMakeFiles/spi_slave.dir/home/pzerg/VSARM/pico-sdk/src/rp2_common/pico_stdio_usb/stdio_usb_descriptors.c.obj
 *fill*         0x0000000010007f3e        0x2 
 .rodata._hw_endpoint_alloc.str1.4
                0x0000000010007f40       0xb5 CMakeFiles/spi_slave.dir/home/pzerg/VSARM/pico-sdk/lib/tinyusb/src/portable/raspberrypi/rp2040/dcd_rp2040.c.obj
 *fill*         0x0000000010007ff5        0x3 
 .rodata.dcd_rp2040_irq.str1.4
                0x0000000010007ff8       0x14 CMakeFiles/spi_slave.dir/home/pzerg/VSARM/pico-sdk/lib/tinyusb/src/portable/raspberrypi/rp2040/dcd_rp2040.c.obj
 .rodata.dcd_int_enable.str1.4
                0x000000001000800c        0xc CMakeFiles/spi_slave.dir/home/pzerg/VSARM/pico-sdk/lib/tinyusb/src/portable/raspberrypi/rp2040/dcd_rp2040.c.obj
 .rodata.__func__.0
                0x0000000010008018        0xe CMakeFiles/spi_slave.dir/home/pzerg/VSARM/pico-sdk/lib/tinyusb/src/portable/raspberrypi/rp2040/dcd_rp2040.c.obj
 *fill*         0x0000000010008026        0x2 
 .rodata.__func__.1
                0x0000000010008028        0xe CMakeFiles/spi_slave.dir/home/pzerg/VSARM/pico-sdk/lib/tinyusb/src/portable/raspberrypi/rp2040/dcd_rp2040.c.obj
 *fill*         0x0000000010008036        0x2 
 .rodata.__func__.3
                0x0000000010008038       0x10 CMakeFiles/spi_slave.dir/home/pzerg/VSARM/pico-sdk/lib/tinyusb/src/portable/raspberrypi/rp2040/dcd_rp2040.c.obj
 .rodata.__func__.5
                0x0000000010008048        0xf CMakeFiles/spi_slave.dir/home/pzerg/VSARM/pico-sdk/lib/tinyusb/src/portable/raspberrypi/rp2040/dcd_rp2040.c.obj
 *fill*         0x0000000010008057        0x1 
 .rodata.__func__.6
                0x0000000010008058       0x13 CMakeFiles/spi_slave.dir/home/pzerg/VSARM/pico-sdk/lib/tinyusb/src/portable/raspberrypi/rp2040/dcd_rp2040.c.obj
 *fill*         0x000000001000806b        0x1 
 .rodata.__func__.7
                0x000000001000806c        0x9 CMakeFiles/spi_slave.dir/home/pzerg/VSARM/pico-sdk/lib/tinyusb/src/portable/raspberrypi/rp2040/dcd_rp2040.c.obj
 *fill*         0x0000000010008075        0x3 
 .rodata.sync_ep_buffer.str1.4
                0x0000000010008078       0x91 CMakeFiles/spi_slave.dir/home/pzerg/VSARM/pico-sdk/lib/tinyusb/src/portable/raspberrypi/rp2040/rp2040_usb.c.obj
 *fill*         0x0000000010008109        0x3 
 .rodata._hw_endpoint_buffer_control_update32.str1.4
                0x000000001000810c       0x1f CMakeFiles/spi_slave.dir/home/pzerg/VSARM/pico-sdk/lib/tinyusb/src/portable/raspberrypi/rp2040/rp2040_usb.c.obj
 *fill*         0x000000001000812b        0x1 
 .rodata.hw_endpoint_xfer_start.str1.4
                0x000000001000812c       0x38 CMakeFiles/spi_slave.dir/home/pzerg/VSARM/pico-sdk/lib/tinyusb/src/portable/raspberrypi/rp2040/rp2040_usb.c.obj
 .rodata.hw_endpoint_xfer_continue.str1.4
                0x0000000010008164       0x29 CMakeFiles/spi_slave.dir/home/pzerg/VSARM/pico-sdk/lib/tinyusb/src/portable/raspberrypi/rp2040/rp2040_usb.c.obj
 *fill*         0x000000001000818d        0x3 
 .rodata.__func__.0
                0x0000000010008190        0xf CMakeFiles/spi_slave.dir/home/pzerg/VSARM/pico-sdk/lib/tinyusb/src/portable/raspberrypi/rp2040/rp2040_usb.c.obj
 *fill*         0x000000001000819f        0x1 
 .rodata.str1.4
                0x00000000100081a0        0x7 CMakeFiles/spi_slave.dir/home/pzerg/VSARM/pico-sdk/lib/tinyusb/src/portable/raspberrypi/rp2040/rp2040_usb.c.obj
 *fill*         0x00000000100081a7        0x1 
 .rodata.process_set_config.str1.4
                0x00000000100081a8       0x17 CMakeFiles/spi_slave.dir/home/pzerg/VSARM/pico-sdk/lib/tinyusb/src/device/usbd.c.obj
 *fill*         0x00000000100081bf        0x1 
 .rodata.process_get_descriptor
                0x00000000100081c0       0x40 CMakeFiles/spi_slave.dir/home/pzerg/VSARM/pico-sdk/lib/tinyusb/src/device/usbd.c.obj
 .rodata.process_control_request
                0x0000000010008200       0x28 CMakeFiles/spi_slave.dir/home/pzerg/VSARM/pico-sdk/lib/tinyusb/src/device/usbd.c.obj
 .rodata.tud_task
                0x0000000010008228       0x24 CMakeFiles/spi_slave.dir/home/pzerg/VSARM/pico-sdk/lib/tinyusb/src/device/usbd.c.obj
 .rodata.__func__.2
                0x000000001000824c        0xf CMakeFiles/spi_slave.dir/home/pzerg/VSARM/pico-sdk/lib/tinyusb/src/device/usbd.c.obj
 *fill*         0x000000001000825b        0x1 
 .rodata.__func__.3
                0x000000001000825c        0xf CMakeFiles/spi_slave.dir/home/pzerg/VSARM/pico-sdk/lib/tinyusb/src/device/usbd.c.obj
 *fill*         0x000000001000826b        0x1 
 .rodata.__func__.4
                0x000000001000826c       0x14 CMakeFiles/spi_slave.dir/home/pzerg/VSARM/pico-sdk/lib/tinyusb/src/device/usbd.c.obj
 .rodata.__func__.5
                0x0000000010008280       0x10 CMakeFiles/spi_slave.dir/home/pzerg/VSARM/pico-sdk/lib/tinyusb/src/device/usbd.c.obj
 .rodata.__func__.6
                0x0000000010008290       0x17 CMakeFiles/spi_slave.dir/home/pzerg/VSARM/pico-sdk/lib/tinyusb/src/device/usbd.c.obj
 *fill*         0x00000000100082a7        0x1 
 .rodata.__func__.7
                0x00000000100082a8       0x13 CMakeFiles/spi_slave.dir/home/pzerg/VSARM/pico-sdk/lib/tinyusb/src/device/usbd.c.obj
 *fill*         0x00000000100082bb        0x1 
 .rodata.__func__.8
                0x00000000100082bc       0x18 CMakeFiles/spi_slave.dir/home/pzerg/VSARM/pico-sdk/lib/tinyusb/src/device/usbd.c.obj
 .rodata.__func__.9
                0x00000000100082d4        0x9 CMakeFiles/spi_slave.dir/home/pzerg/VSARM/pico-sdk/lib/tinyusb/src/device/usbd.c.obj
 *fill*         0x00000000100082dd        0x3 
 .rodata._usbd_driver
                0x00000000100082e0       0x18 CMakeFiles/spi_slave.dir/home/pzerg/VSARM/pico-sdk/lib/tinyusb/src/device/usbd.c.obj
 .rodata.tud_control_xfer.str1.4
                0x00000000100082f8       0x17 CMakeFiles/spi_slave.dir/home/pzerg/VSARM/pico-sdk/lib/tinyusb/src/device/usbd_control.c.obj
 .rodata.__func__.0
                0x00000000100082f8       0x15 CMakeFiles/spi_slave.dir/home/pzerg/VSARM/pico-sdk/lib/tinyusb/src/device/usbd_control.c.obj
 *fill*         0x000000001000830d        0x3 
 .rodata.__func__.1
                0x0000000010008310       0x11 CMakeFiles/spi_slave.dir/home/pzerg/VSARM/pico-sdk/lib/tinyusb/src/device/usbd_control.c.obj
 .rodata.tud_cdc_n_write_flush.str1.4
                0x0000000010008321       0x17 CMakeFiles/spi_slave.dir/home/pzerg/VSARM/pico-sdk/lib/tinyusb/src/class/cdc/cdc_device.c.obj
 *fill*         0x0000000010008321        0x3 
 .rodata.__func__.0
                0x0000000010008324        0xd CMakeFiles/spi_slave.dir/home/pzerg/VSARM/pico-sdk/lib/tinyusb/src/class/cdc/cdc_device.c.obj
 *fill*         0x0000000010008331        0x3 
 .rodata.__func__.1
                0x0000000010008334        0xa CMakeFiles/spi_slave.dir/home/pzerg/VSARM/pico-sdk/lib/tinyusb/src/class/cdc/cdc_device.c.obj
 *fill*         0x000000001000833e        0x2 
 .rodata.__func__.2
                0x0000000010008340       0x16 CMakeFiles/spi_slave.dir/home/pzerg/VSARM/pico-sdk/lib/tinyusb/src/class/cdc/cdc_device.c.obj
 .rodata.tusb_init.str1.4
                0x0000000010008356       0x17 CMakeFiles/spi_slave.dir/home/pzerg/VSARM/pico-sdk/lib/tinyusb/src/tusb.c.obj
 *fill*         0x0000000010008356        0x2 
 .rodata.__func__.0
                0x0000000010008358       0x11 CMakeFiles/spi_slave.dir/home/pzerg/VSARM/pico-sdk/lib/tinyusb/src/tusb.c.obj
 *fill*         0x0000000010008369        0x3 
 .rodata.__func__.1
                0x000000001000836c        0xa CMakeFiles/spi_slave.dir/home/pzerg/VSARM/pico-sdk/lib/tinyusb/src/tusb.c.obj
 *fill*         0x0000000010008376        0x2 
 .rodata.pico_get_unique_board_id_string.str1.4
                0x0000000010008378       0x4d CMakeFiles/spi_slave.dir/home/pzerg/VSARM/pico-sdk/src/rp2_common/pico_unique_id/unique_id.c.obj
 *fill*         0x00000000100083c5        0x3 
 .rodata.__func__.0
                0x00000000100083c8       0x20 CMakeFiles/spi_slave.dir/home/pzerg/VSARM/pico-sdk/src/rp2_common/pico_unique_id/unique_id.c.obj
 .rodata.str1.4
                0x00000000100083e8      0x15a CMakeFiles/spi_slave.dir/home/pzerg/VSARM/pico-sdk/src/rp2_common/hardware_flash/flash.c.obj
 *fill*         0x0000000010008542        0x2 
 .rodata.__func__.0
                0x0000000010008544        0xd CMakeFiles/spi_slave.dir/home/pzerg/VSARM/pico-sdk/src/rp2_common/hardware_flash/flash.c.obj
 *fill*         0x0000000010008551        0x3 
 .rodata._global_impure_ptr
                0x0000000010008554        0x4 /usr/lib/gcc/arm-none-eabi/12.1.0/../../../../arm-none-eabi/lib/thumb/v6-m/nofp/libg.a(lib_a-impure.o)
                0x0000000010008554                _global_impure_ptr
                0x0000000010008558                . = ALIGN (0x4)
 *(SORT_BY_ALIGNMENT(SORT_BY_NAME(.flashdata*)))
                0x0000000010008558                . = ALIGN (0x4)

.rel.dyn        0x0000000010008558        0x0
 .rel.iplt      0x0000000010008558        0x0 /usr/lib/gcc/arm-none-eabi/12.1.0/thumb/v6-m/nofp/crtbegin.o

.ARM.extab
 *(.ARM.extab* .gnu.linkonce.armextab.*)
                0x0000000010008558                __exidx_start = .

.ARM.exidx
 *(.ARM.exidx* .gnu.linkonce.armexidx.*)
                0x0000000010008558                __exidx_end = .
                0x0000000010008558                . = ALIGN (0x4)
                0x0000000010008558                __binary_info_start = .

.binary_info    0x0000000010008558       0x20
 *(.binary_info.keep.*)
 .binary_info.keep.__bi_ptr81
                0x0000000010008558        0x4 CMakeFiles/spi_slave.dir/home/pzerg/VSARM/pico-sdk/src/rp2_common/pico_standard_link/binary_info.c.obj
 .binary_info.keep.__bi_ptr75
                0x000000001000855c        0x4 CMakeFiles/spi_slave.dir/home/pzerg/VSARM/pico-sdk/src/rp2_common/pico_standard_link/binary_info.c.obj
 .binary_info.keep.__bi_ptr50
                0x0000000010008560        0x4 CMakeFiles/spi_slave.dir/home/pzerg/VSARM/pico-sdk/src/rp2_common/pico_standard_link/binary_info.c.obj
 .binary_info.keep.__bi_ptr44
                0x0000000010008564        0x4 CMakeFiles/spi_slave.dir/home/pzerg/VSARM/pico-sdk/src/rp2_common/pico_standard_link/binary_info.c.obj
 .binary_info.keep.__bi_ptr38
                0x0000000010008568        0x4 CMakeFiles/spi_slave.dir/home/pzerg/VSARM/pico-sdk/src/rp2_common/pico_standard_link/binary_info.c.obj
 .binary_info.keep.__bi_ptr30
                0x000000001000856c        0x4 CMakeFiles/spi_slave.dir/home/pzerg/VSARM/pico-sdk/src/rp2_common/pico_standard_link/binary_info.c.obj
 .binary_info.keep.__bi_ptr22
                0x0000000010008570        0x4 CMakeFiles/spi_slave.dir/home/pzerg/VSARM/pico-sdk/src/rp2_common/pico_standard_link/binary_info.c.obj
 *(.binary_info.*)
 .binary_info.__bi_ptr93
                0x0000000010008574        0x4 CMakeFiles/spi_slave.dir/home/pzerg/VSARM/pico-sdk/src/rp2_common/pico_stdio_usb/stdio_usb.c.obj
                0x0000000010008578                __binary_info_end = .
                0x0000000010008578                . = ALIGN (0x4)
                0x0000000010008578                __etext = .

.ram_vector_table
                0x0000000020000000       0xc0
 *(.ram_vector_table)
 .ram_vector_table
                0x0000000020000000       0xc0 CMakeFiles/spi_slave.dir/home/pzerg/VSARM/pico-sdk/src/rp2_common/pico_runtime/runtime.c.obj
                0x0000000020000000                ram_vector_table

.data           0x00000000200000c0      0x860 load address 0x0000000010008578
                0x00000000200000c0                __data_start__ = .
 *(vtable)
 *(.time_critical*)
 .time_critical.mutex_enter_blocking
                0x00000000200000c0       0x48 CMakeFiles/spi_slave.dir/home/pzerg/VSARM/pico-sdk/src/common/pico_sync/mutex.c.obj
                0x00000000200000c0                mutex_enter_blocking
 .time_critical.mutex_try_enter
                0x0000000020000108       0x46 CMakeFiles/spi_slave.dir/home/pzerg/VSARM/pico-sdk/src/common/pico_sync/mutex.c.obj
                0x0000000020000108                mutex_try_enter
 *fill*         0x000000002000014e        0x2 
 .time_critical.mutex_enter_block_until
                0x0000000020000150       0x8c CMakeFiles/spi_slave.dir/home/pzerg/VSARM/pico-sdk/src/common/pico_sync/mutex.c.obj
                0x0000000020000150                mutex_enter_block_until
 .time_critical.mutex_enter_timeout_ms
                0x00000000200001dc       0x1a CMakeFiles/spi_slave.dir/home/pzerg/VSARM/pico-sdk/src/common/pico_sync/mutex.c.obj
                0x00000000200001dc                mutex_enter_timeout_ms
 *fill*         0x00000000200001f6        0x2 
 .time_critical.mutex_exit
                0x00000000200001f8       0x4c CMakeFiles/spi_slave.dir/home/pzerg/VSARM/pico-sdk/src/common/pico_sync/mutex.c.obj
                0x00000000200001f8                mutex_exit