Archive member included to satisfy reference by file (symbol)

/usr/lib/gcc/arm-none-eabi/12.1.0/thumb/v6-m/nofp/libgcc.a(_dvmd_tls.o)
                              CMakeFiles/spi_master.dir/home/pzerg/VSARM/pico-sdk/src/rp2_common/pico_divider/divider.S.obj (__aeabi_idiv0)
/usr/lib/gcc/arm-none-eabi/12.1.0/../../../../arm-none-eabi/lib/thumb/v6-m/nofp/libg.a(lib_a-atexit.o)
                              /usr/lib/gcc/arm-none-eabi/12.1.0/../../../../arm-none-eabi/lib/thumb/v6-m/nofp/crt0.o (atexit)
/usr/lib/gcc/arm-none-eabi/12.1.0/../../../../arm-none-eabi/lib/thumb/v6-m/nofp/libg.a(lib_a-calloc.o)
                              CMakeFiles/spi_master.dir/home/pzerg/VSARM/pico-sdk/src/rp2_common/pico_malloc/pico_malloc.c.obj (calloc)
/usr/lib/gcc/arm-none-eabi/12.1.0/../../../../arm-none-eabi/lib/thumb/v6-m/nofp/libg.a(lib_a-callocr.o)
                              /usr/lib/gcc/arm-none-eabi/12.1.0/../../../../arm-none-eabi/lib/thumb/v6-m/nofp/libg.a(lib_a-calloc.o) (_calloc_r)
/usr/lib/gcc/arm-none-eabi/12.1.0/../../../../arm-none-eabi/lib/thumb/v6-m/nofp/libg.a(lib_a-ctype_.o)
                              CMakeFiles/spi_master.dir/home/pzerg/VSARM/pico-sdk/lib/tinyusb/src/tusb.c.obj (_ctype_)
/usr/lib/gcc/arm-none-eabi/12.1.0/../../../../arm-none-eabi/lib/thumb/v6-m/nofp/libg.a(lib_a-errno.o)
                              /usr/lib/gcc/arm-none-eabi/12.1.0/../../../../arm-none-eabi/lib/thumb/v6-m/nofp/libg.a(lib_a-callocr.o) (__errno)
/usr/lib/gcc/arm-none-eabi/12.1.0/../../../../arm-none-eabi/lib/thumb/v6-m/nofp/libg.a(lib_a-fini.o)
                              /usr/lib/gcc/arm-none-eabi/12.1.0/../../../../arm-none-eabi/lib/thumb/v6-m/nofp/crt0.o (__libc_fini_array)
/usr/lib/gcc/arm-none-eabi/12.1.0/../../../../arm-none-eabi/lib/thumb/v6-m/nofp/libg.a(lib_a-impure.o)
                              /usr/lib/gcc/arm-none-eabi/12.1.0/../../../../arm-none-eabi/lib/thumb/v6-m/nofp/libg.a(lib_a-calloc.o) (_impure_ptr)
/usr/lib/gcc/arm-none-eabi/12.1.0/../../../../arm-none-eabi/lib/thumb/v6-m/nofp/libg.a(lib_a-init.o)
                              /usr/lib/gcc/arm-none-eabi/12.1.0/../../../../arm-none-eabi/lib/thumb/v6-m/nofp/crt0.o (__libc_init_array)
/usr/lib/gcc/arm-none-eabi/12.1.0/../../../../arm-none-eabi/lib/thumb/v6-m/nofp/libg.a(lib_a-malloc.o)
                              CMakeFiles/spi_master.dir/home/pzerg/VSARM/pico-sdk/src/rp2_common/pico_malloc/pico_malloc.c.obj (malloc)
/usr/lib/gcc/arm-none-eabi/12.1.0/../../../../arm-none-eabi/lib/thumb/v6-m/nofp/libg.a(lib_a-mallocr.o)
                              /usr/lib/gcc/arm-none-eabi/12.1.0/../../../../arm-none-eabi/lib/thumb/v6-m/nofp/libg.a(lib_a-callocr.o) (_malloc_r)
/usr/lib/gcc/arm-none-eabi/12.1.0/../../../../arm-none-eabi/lib/thumb/v6-m/nofp/libg.a(lib_a-mlock.o)
                              /usr/lib/gcc/arm-none-eabi/12.1.0/../../../../arm-none-eabi/lib/thumb/v6-m/nofp/libg.a(lib_a-mallocr.o) (__malloc_lock)
/usr/lib/gcc/arm-none-eabi/12.1.0/../../../../arm-none-eabi/lib/thumb/v6-m/nofp/libg.a(lib_a-sbrkr.o)
                              /usr/lib/gcc/arm-none-eabi/12.1.0/../../../../arm-none-eabi/lib/thumb/v6-m/nofp/libg.a(lib_a-mallocr.o) (_sbrk_r)
/usr/lib/gcc/arm-none-eabi/12.1.0/../../../../arm-none-eabi/lib/thumb/v6-m/nofp/libg.a(lib_a-strlen-stub.o)
                              CMakeFiles/spi_master.dir/home/pzerg/VSARM/pico-sdk/src/rp2_common/pico_stdio/stdio.c.obj (strlen)
/usr/lib/gcc/arm-none-eabi/12.1.0/../../../../arm-none-eabi/lib/thumb/v6-m/nofp/libg.a(lib_a-__atexit.o)
                              /usr/lib/gcc/arm-none-eabi/12.1.0/../../../../arm-none-eabi/lib/thumb/v6-m/nofp/libg.a(lib_a-atexit.o) (__register_exitproc)
/usr/lib/gcc/arm-none-eabi/12.1.0/../../../../arm-none-eabi/lib/thumb/v6-m/nofp/libg.a(lib_a-__call_atexit.o)
                              /usr/lib/gcc/arm-none-eabi/12.1.0/../../../../arm-none-eabi/lib/thumb/v6-m/nofp/libg.a(lib_a-__atexit.o) (__atexit_recursive_mutex)
/usr/lib/gcc/arm-none-eabi/12.1.0/../../../../arm-none-eabi/lib/thumb/v6-m/nofp/libg.a(lib_a-freer.o)
                              /usr/lib/gcc/arm-none-eabi/12.1.0/../../../../arm-none-eabi/lib/thumb/v6-m/nofp/libg.a(lib_a-malloc.o) (_free_r)
/usr/lib/gcc/arm-none-eabi/12.1.0/../../../../arm-none-eabi/lib/thumb/v6-m/nofp/libg.a(lib_a-lock.o)
                              /usr/lib/gcc/arm-none-eabi/12.1.0/../../../../arm-none-eabi/lib/thumb/v6-m/nofp/libg.a(lib_a-mlock.o) (__retarget_lock_acquire_recursive)
/usr/lib/gcc/arm-none-eabi/12.1.0/../../../../arm-none-eabi/lib/thumb/v6-m/nofp/libg.a(lib_a-reent.o)
                              /usr/lib/gcc/arm-none-eabi/12.1.0/../../../../arm-none-eabi/lib/thumb/v6-m/nofp/libg.a(lib_a-sbrkr.o) (errno)

Discarded input sections

 .text          0x0000000000000000        0x0 /usr/lib/gcc/arm-none-eabi/12.1.0/thumb/v6-m/nofp/crti.o
 .data          0x0000000000000000        0x0 /usr/lib/gcc/arm-none-eabi/12.1.0/thumb/v6-m/nofp/crti.o
[...]
Memory Configuration

Name             Origin             Length             Attributes
FLASH            0x0000000010000000 0x0000000000200000 xr
RAM              0x0000000020000000 0x0000000000040000 xrw
SCRATCH_X        0x0000000020040000 0x0000000000001000 xrw
SCRATCH_Y        0x0000000020041000 0x0000000000001000 xrw
*default*        0x0000000000000000 0xffffffffffffffff

Linker script and memory map

LOAD /usr/lib/gcc/arm-none-eabi/12.1.0/thumb/v6-m/nofp/crti.o
LOAD /usr/lib/gcc/arm-none-eabi/12.1.0/thumb/v6-m/nofp/crtbegin.o
LOAD /usr/lib/gcc/arm-none-eabi/12.1.0/../../../../arm-none-eabi/lib/thumb/v6-m/nofp/crt0.o

.flash_begin    0x0000000010000000        0x0
                0x0000000010000000                __flash_binary_start = .

.boot2          0x0000000010000000      0x100
                0x0000000010000000                __boot2_start__ = .
 *(.boot2)
 .boot2         0x0000000010000000      0x100 /tmp/cc9amWCu.o
                0x0000000010000100                __boot2_end__ = .
                0x0000000000000001                ASSERT (((__boot2_end__ - __boot2_start__) == 0x100), ERROR: Pico second stage bootloader must be 256 bytes in size)

.text           0x0000000010000100     0x72e0
                0x0000000010000100                __logical_binary_start = .
 *(.vectors)
 .vectors       0x0000000010000100       0xd4 CMakeFiles/spi_master.dir/home/pzerg/VSARM/pico-sdk/src/rp2_common/pico_standard_link/crt0.S.obj
                0x0000000010000100                __vectors
                0x0000000010000100                __VECTOR_TABLE
                0x00000000100001c0                isr_invalid
                0x00000000100001c0                __default_isrs_start
                0x00000000100001c2                isr_nmi
                0x00000000100001c4                isr_hardfault
                0x00000000100001c6                isr_svcall
                0x00000000100001c8                isr_pendsv
                0x00000000100001ca                isr_systick
                0x00000000100001cc                isr_irq30
                0x00000000100001cc                __unhandled_user_irq
                0x00000000100001cc                isr_irq13
                0x00000000100001cc                isr_irq27
                0x00000000100001cc                isr_irq31
                0x00000000100001cc                isr_irq5
                0x00000000100001cc                isr_irq11
                0x00000000100001cc                isr_irq23
                0x00000000100001cc                isr_irq18
                0x00000000100001cc                isr_irq28
                0x00000000100001cc                isr_irq19
                0x00000000100001cc                isr_irq0
                0x00000000100001cc                isr_irq6
                0x00000000100001cc                isr_irq22
                0x00000000100001cc                isr_irq17
                0x00000000100001cc                isr_irq14
                0x00000000100001cc                isr_irq2
                0x00000000100001cc                isr_irq10
                0x00000000100001cc                isr_irq8
                0x00000000100001cc                isr_irq24
                0x00000000100001cc                isr_irq1
                0x00000000100001cc                isr_irq7
                0x00000000100001cc                isr_irq21
                0x00000000100001cc                isr_irq20
                0x00000000100001cc                isr_irq15
                0x00000000100001cc                isr_irq25
                0x00000000100001cc                isr_irq4
                0x00000000100001cc                isr_irq16
                0x00000000100001cc                isr_irq29
                0x00000000100001cc                isr_irq26
                0x00000000100001cc                __default_isrs_end
                0x00000000100001cc                isr_irq3
                0x00000000100001cc                isr_irq12
                0x00000000100001cc                isr_irq9
                0x00000000100001d2                unhandled_user_irq_num_in_r0
 *(.binary_info_header)
 .binary_info_header
                0x00000000100001d4       0x14 CMakeFiles/spi_master.dir/home/pzerg/VSARM/pico-sdk/src/rp2_common/pico_standard_link/crt0.S.obj
                0x00000000100001e8                __binary_info_header_end = .
 *(.reset)
 .reset         0x00000000100001e8       0xa8 CMakeFiles/spi_master.dir/home/pzerg/VSARM/pico-sdk/src/rp2_common/pico_standard_link/crt0.S.obj
                0x00000000100001e8                _entry_point
                0x0000000010000266                __get_current_exception
 .reset         0x0000000010000290       0x30 CMakeFiles/spi_master.dir/home/pzerg/VSARM/pico-sdk/src/rp2_common/pico_standard_link/binary_info.c.obj
 *(.init)
 .init          0x00000000100002c0        0x4 /usr/lib/gcc/arm-none-eabi/12.1.0/thumb/v6-m/nofp/crti.o
                0x00000000100002c0                _init
 *(EXCLUDE_FILE(*libm.a: *libc.a:*lib_a-mem*.o *libgcc.a:) .text*)
 .text.frame_dummy
                0x00000000100002c4       0x20 /usr/lib/gcc/arm-none-eabi/12.1.0/thumb/v6-m/nofp/crtbegin.o
 .text.pwm_init
                0x00000000100002e4       0x34 CMakeFiles/spi_master.dir/main.c.obj
 .text.pwm_get_default_config
                0x0000000010000318       0x18 CMakeFiles/spi_master.dir/main.c.obj
 .text.adc_gpio_init
                0x0000000010000330       0x1e CMakeFiles/spi_master.dir/main.c.obj
 *fill*         0x000000001000034e        0x2 
 .text.set_direction
                0x0000000010000350       0x24 CMakeFiles/spi_master.dir/main.c.obj
 .text.set_speed
                0x0000000010000374       0x38 CMakeFiles/spi_master.dir/main.c.obj
 .text.set_mode
                0x00000000100003ac       0x24 CMakeFiles/spi_master.dir/main.c.obj
 .text.main     0x00000000100003d0      0x304 CMakeFiles/spi_master.dir/main.c.obj
                0x00000000100003d0                main
 .text.gpio_set_function
                0x00000000100006d4       0x30 CMakeFiles/spi_master.dir/home/pzerg/VSARM/pico-sdk/src/rp2_common/hardware_gpio/gpio.c.obj
                0x00000000100006d4                gpio_set_function
 .text.gpio_set_pulls
                0x0000000010000704       0x34 CMakeFiles/spi_master.dir/home/pzerg/VSARM/pico-sdk/src/rp2_common/hardware_gpio/gpio.c.obj
                0x0000000010000704                gpio_set_pulls
 .text.gpio_set_input_enabled
                0x0000000010000738       0x30 CMakeFiles/spi_master.dir/home/pzerg/VSARM/pico-sdk/src/rp2_common/hardware_gpio/gpio.c.obj
                0x0000000010000738                gpio_set_input_enabled
 .text.gpio_init
                0x0000000010000768       0x16 CMakeFiles/spi_master.dir/home/pzerg/VSARM/pico-sdk/src/rp2_common/hardware_gpio/gpio.c.obj
                0x0000000010000768                gpio_init
 *fill*         0x000000001000077e        0x2 
 .text.hw_claim_lock
                0x0000000010000780       0x18 CMakeFiles/spi_master.dir/home/pzerg/VSARM/pico-sdk/src/rp2_common/hardware_claim/claim.c.obj
                0x0000000010000780                hw_claim_lock
 .text.hw_claim_unlock
                0x0000000010000798       0x14 CMakeFiles/spi_master.dir/home/pzerg/VSARM/pico-sdk/src/rp2_common/hardware_claim/claim.c.obj
                0x0000000010000798                hw_claim_unlock
 .text.hw_claim_or_assert
                0x00000000100007ac       0x32 CMakeFiles/spi_master.dir/home/pzerg/VSARM/pico-sdk/src/rp2_common/hardware_claim/claim.c.obj
                0x00000000100007ac                hw_claim_or_assert
 .text.hw_claim_unused_from_range
                0x00000000100007de       0x50 CMakeFiles/spi_master.dir/home/pzerg/VSARM/pico-sdk/src/rp2_common/hardware_claim/claim.c.obj
                0x00000000100007de                hw_claim_unused_from_range
 *fill*         0x000000001000082e        0x2 
 .text.running_on_fpga
                0x0000000010000830       0x14 CMakeFiles/spi_master.dir/home/pzerg/VSARM/pico-sdk/src/rp2_common/pico_platform/platform.c.obj
                0x0000000010000830                running_on_fpga
 .text.spin_locks_reset
                0x0000000010000844       0x20 CMakeFiles/spi_master.dir/home/pzerg/VSARM/pico-sdk/src/rp2_common/hardware_sync/sync.c.obj
                0x0000000010000844                spin_locks_reset
 .text.next_striped_spin_lock_num
                0x0000000010000864       0x1c CMakeFiles/spi_master.dir/home/pzerg/VSARM/pico-sdk/src/rp2_common/hardware_sync/sync.c.obj
                0x0000000010000864                next_striped_spin_lock_num
 .text.spin_lock_claim_unused
                0x0000000010000880       0x24 CMakeFiles/spi_master.dir/home/pzerg/VSARM/pico-sdk/src/rp2_common/hardware_sync/sync.c.obj
                0x0000000010000880                spin_lock_claim_unused
 .text.time_reached
                0x00000000100008a4       0x28 CMakeFiles/spi_master.dir/home/pzerg/VSARM/pico-sdk/src/common/pico_time/time.c.obj
 .text.get_entry
                0x00000000100008cc       0x38 CMakeFiles/spi_master.dir/home/pzerg/VSARM/pico-sdk/src/common/pico_time/time.c.obj
 .text.timer_pool_entry_comparator
                0x0000000010000904       0x2e CMakeFiles/spi_master.dir/home/pzerg/VSARM/pico-sdk/src/common/pico_time/time.c.obj
                0x0000000010000904                timer_pool_entry_comparator
 *fill*         0x0000000010000932        0x2 
 .text.update_us_since_boot
                0x0000000010000934       0x24 CMakeFiles/spi_master.dir/home/pzerg/VSARM/pico-sdk/src/common/pico_time/time.c.obj
 .text.delayed_by_us
                0x0000000010000958       0x36 CMakeFiles/spi_master.dir/home/pzerg/VSARM/pico-sdk/src/common/pico_time/time.c.obj
 *fill*         0x000000001000098e        0x2 
 .text.ph_get_node
                0x0000000010000990       0x30 CMakeFiles/spi_master.dir/home/pzerg/VSARM/pico-sdk/src/common/pico_time/time.c.obj
 .text.ph_contains_node
                0x00000000100009c0       0x1e CMakeFiles/spi_master.dir/home/pzerg/VSARM/pico-sdk/src/common/pico_time/time.c.obj
 .text.ph_new_node
                0x00000000100009de       0x28 CMakeFiles/spi_master.dir/home/pzerg/VSARM/pico-sdk/src/common/pico_time/time.c.obj
 *fill*         0x0000000010000a06        0x2 
 .text.ph_add_child_node
                0x0000000010000a08       0x6c CMakeFiles/spi_master.dir/home/pzerg/VSARM/pico-sdk/src/common/pico_time/time.c.obj
 .text.ph_merge_nodes
                0x0000000010000a74       0x3e CMakeFiles/spi_master.dir/home/pzerg/VSARM/pico-sdk/src/common/pico_time/time.c.obj
 *fill*         0x0000000010000ab2        0x2 
 .text.ph_insert_node
                0x0000000010000ab4       0x3c CMakeFiles/spi_master.dir/home/pzerg/VSARM/pico-sdk/src/common/pico_time/time.c.obj
 .text.ph_free_node
                0x0000000010000af0       0x3c CMakeFiles/spi_master.dir/home/pzerg/VSARM/pico-sdk/src/common/pico_time/time.c.obj
 .text.get_entry_id_high
                0x0000000010000b2c       0x30 CMakeFiles/spi_master.dir/home/pzerg/VSARM/pico-sdk/src/common/pico_time/time.c.obj
 .text.alarm_pool_post_alloc_init
                0x0000000010000b5c       0x40 CMakeFiles/spi_master.dir/home/pzerg/VSARM/pico-sdk/src/common/pico_time/time.c.obj
 .text.sleep_until_callback
                0x0000000010000b9c       0x30 CMakeFiles/spi_master.dir/home/pzerg/VSARM/pico-sdk/src/common/pico_time/time.c.obj
 .text.get_absolute_time
                0x0000000010000bcc       0x22 CMakeFiles/spi_master.dir/home/pzerg/VSARM/pico-sdk/src/common/pico_time/time.c.obj
 .text.make_timeout_time_us
                0x0000000010000bee       0x24 CMakeFiles/spi_master.dir/home/pzerg/VSARM/pico-sdk/src/common/pico_time/time.c.obj
 *fill*         0x0000000010000c12        0x2 
 .text.add_alarm_under_lock
                0x0000000010000c14       0x94 CMakeFiles/spi_master.dir/home/pzerg/VSARM/pico-sdk/src/common/pico_time/time.c.obj
 .text.alarm_pool_alarm_callback
                0x0000000010000ca8      0x20c CMakeFiles/spi_master.dir/home/pzerg/VSARM/pico-sdk/src/common/pico_time/time.c.obj
 .text.alarm_pool_init_default
                0x0000000010000eb4       0x38 CMakeFiles/spi_master.dir/home/pzerg/VSARM/pico-sdk/src/common/pico_time/time.c.obj
                0x0000000010000eb4                alarm_pool_init_default
 .text.alarm_pool_get_default
                0x0000000010000eec       0x2c CMakeFiles/spi_master.dir/home/pzerg/VSARM/pico-sdk/src/common/pico_time/time.c.obj
                0x0000000010000eec                alarm_pool_get_default
 .text.alarm_pool_add_alarm_at
                0x0000000010000f18      0x10e CMakeFiles/spi_master.dir/home/pzerg/VSARM/pico-sdk/src/common/pico_time/time.c.obj
                0x0000000010000f18                alarm_pool_add_alarm_at
 .text.add_alarm_at
                0x0000000010001026       0x2e CMakeFiles/spi_master.dir/home/pzerg/VSARM/pico-sdk/src/common/pico_time/time.c.obj
 .text.alarm_pool_cancel_alarm
                0x0000000010001054       0xa0 CMakeFiles/spi_master.dir/home/pzerg/VSARM/pico-sdk/src/common/pico_time/time.c.obj
                0x0000000010001054                alarm_pool_cancel_alarm
 .text.cancel_alarm
                0x00000000100010f4       0x10 CMakeFiles/spi_master.dir/home/pzerg/VSARM/pico-sdk/src/common/pico_time/time.c.obj
 .text.sleep_until
                0x0000000010001104       0xb0 CMakeFiles/spi_master.dir/home/pzerg/VSARM/pico-sdk/src/common/pico_time/time.c.obj
                0x0000000010001104                sleep_until
 .text.sleep_us
                0x00000000100011b4       0x1a CMakeFiles/spi_master.dir/home/pzerg/VSARM/pico-sdk/src/common/pico_time/time.c.obj
                0x00000000100011b4                sleep_us
 .text.sleep_ms
                0x00000000100011ce       0x14 CMakeFiles/spi_master.dir/home/pzerg/VSARM/pico-sdk/src/common/pico_time/time.c.obj
                0x00000000100011ce                sleep_ms
 *fill*         0x00000000100011e2        0x2 
 .text.best_effort_wfe_or_timeout
                0x00000000100011e4       0x38 CMakeFiles/spi_master.dir/home/pzerg/VSARM/pico-sdk/src/common/pico_time/time.c.obj
                0x00000000100011e4                best_effort_wfe_or_timeout
 .text.hardware_alarm_irq_handler
                0x000000001000121c       0x88 CMakeFiles/spi_master.dir/home/pzerg/VSARM/pico-sdk/src/rp2_common/hardware_timer/timer.c.obj
 .text.hardware_alarm_claim
                0x00000000100012a4       0x18 CMakeFiles/spi_master.dir/home/pzerg/VSARM/pico-sdk/src/rp2_common/hardware_timer/timer.c.obj
                0x00000000100012a4                hardware_alarm_claim
 .text.time_us_64
                0x00000000100012bc       0x18 CMakeFiles/spi_master.dir/home/pzerg/VSARM/pico-sdk/src/rp2_common/hardware_timer/timer.c.obj
                0x00000000100012bc                time_us_64
 .text.busy_wait_until
                0x00000000100012d4       0x28 CMakeFiles/spi_master.dir/home/pzerg/VSARM/pico-sdk/src/rp2_common/hardware_timer/timer.c.obj
                0x00000000100012d4                busy_wait_until
 .text.hardware_alarm_set_callback
                0x00000000100012fc       0x90 CMakeFiles/spi_master.dir/home/pzerg/VSARM/pico-sdk/src/rp2_common/hardware_timer/timer.c.obj
                0x00000000100012fc                hardware_alarm_set_callback
 .text.hardware_alarm_set_target
                0x000000001000138c       0xe8 CMakeFiles/spi_master.dir/home/pzerg/VSARM/pico-sdk/src/rp2_common/hardware_timer/timer.c.obj
                0x000000001000138c                hardware_alarm_set_target
 .text.hardware_alarm_cancel
                0x0000000010001474       0x40 CMakeFiles/spi_master.dir/home/pzerg/VSARM/pico-sdk/src/rp2_common/hardware_timer/timer.c.obj
                0x0000000010001474                hardware_alarm_cancel
 .text.lock_init
                0x00000000100014b4       0x10 CMakeFiles/spi_master.dir/home/pzerg/VSARM/pico-sdk/src/common/pico_sync/lock_core.c.obj
                0x00000000100014b4                lock_init
 .text.update_us_since_boot
                0x00000000100014c4       0x24 CMakeFiles/spi_master.dir/home/pzerg/VSARM/pico-sdk/src/common/pico_sync/mutex.c.obj
 .text.delayed_by_ms
                0x00000000100014e8       0x46 CMakeFiles/spi_master.dir/home/pzerg/VSARM/pico-sdk/src/common/pico_sync/mutex.c.obj
 .text.get_absolute_time
                0x000000001000152e       0x22 CMakeFiles/spi_master.dir/home/pzerg/VSARM/pico-sdk/src/common/pico_sync/mutex.c.obj
 .text.make_timeout_time_ms
                0x0000000010001550       0x20 CMakeFiles/spi_master.dir/home/pzerg/VSARM/pico-sdk/src/common/pico_sync/mutex.c.obj
 .text.mutex_init
                0x0000000010001570       0x1a CMakeFiles/spi_master.dir/home/pzerg/VSARM/pico-sdk/src/common/pico_sync/mutex.c.obj
                0x0000000010001570                mutex_init
 .text.recursive_mutex_init
                0x000000001000158a       0x1e CMakeFiles/spi_master.dir/home/pzerg/VSARM/pico-sdk/src/common/pico_sync/mutex.c.obj
                0x000000001000158a                recursive_mutex_init
 .text.critical_section_init_with_lock_num
                0x00000000100015a8       0x14 CMakeFiles/spi_master.dir/home/pzerg/VSARM/pico-sdk/src/common/pico_sync/critical_section.c.obj
                0x00000000100015a8                critical_section_init_with_lock_num
 .text.critical_section_init
                0x00000000100015bc       0x14 CMakeFiles/spi_master.dir/home/pzerg/VSARM/pico-sdk/src/common/pico_sync/critical_section.c.obj
                0x00000000100015bc                critical_section_init
 .text.ph_get_node
                0x00000000100015d0       0x30 CMakeFiles/spi_master.dir/home/pzerg/VSARM/pico-sdk/src/common/pico_util/pheap.c.obj
 .text.ph_add_child_node
                0x0000000010001600       0x6c CMakeFiles/spi_master.dir/home/pzerg/VSARM/pico-sdk/src/common/pico_util/pheap.c.obj
 .text.ph_merge_nodes
                0x000000001000166c       0x3e CMakeFiles/spi_master.dir/home/pzerg/VSARM/pico-sdk/src/common/pico_util/pheap.c.obj
 .text.ph_clear
                0x00000000100016aa       0x34 CMakeFiles/spi_master.dir/home/pzerg/VSARM/pico-sdk/src/common/pico_util/pheap.c.obj
                0x00000000100016aa                ph_clear
 .text.ph_post_alloc_init
                0x00000000100016de        0xe CMakeFiles/spi_master.dir/home/pzerg/VSARM/pico-sdk/src/common/pico_util/pheap.c.obj
                0x00000000100016de                ph_post_alloc_init
 .text.ph_merge_two_pass
                0x00000000100016ec       0x5c CMakeFiles/spi_master.dir/home/pzerg/VSARM/pico-sdk/src/common/pico_util/pheap.c.obj
                0x00000000100016ec                ph_merge_two_pass
 .text.ph_remove_any_head
                0x0000000010001748       0xa4 CMakeFiles/spi_master.dir/home/pzerg/VSARM/pico-sdk/src/common/pico_util/pheap.c.obj
 .text.ph_remove_head
                0x00000000100017ec       0x14 CMakeFiles/spi_master.dir/home/pzerg/VSARM/pico-sdk/src/common/pico_util/pheap.c.obj
                0x00000000100017ec                ph_remove_head
 .text.ph_remove_and_free_node
                0x0000000010001800       0xa0 CMakeFiles/spi_master.dir/home/pzerg/VSARM/pico-sdk/src/common/pico_util/pheap.c.obj
                0x0000000010001800                ph_remove_and_free_node
 .text._exit    0x00000000100018a0        0x4 CMakeFiles/spi_master.dir/home/pzerg/VSARM/pico-sdk/src/rp2_common/pico_runtime/runtime.c.obj
                0x00000000100018a0                _exit
 .text.exit     0x00000000100018a4        0x6 CMakeFiles/spi_master.dir/home/pzerg/VSARM/pico-sdk/src/rp2_common/pico_runtime/runtime.c.obj
                0x00000000100018a4                exit
 *fill*         0x00000000100018aa        0x2 
 .text.__assert_func
                0x00000000100018ac       0x38 CMakeFiles/spi_master.dir/home/pzerg/VSARM/pico-sdk/src/rp2_common/pico_runtime/runtime.c.obj
                0x00000000100018ac                __assert_func
 .text.runtime_init
                0x00000000100018e4       0xf8 CMakeFiles/spi_master.dir/home/pzerg/VSARM/pico-sdk/src/rp2_common/pico_runtime/runtime.c.obj
                0x00000000100018e4                runtime_init
 .text.panic    0x00000000100019dc       0x30 CMakeFiles/spi_master.dir/home/pzerg/VSARM/pico-sdk/src/rp2_common/pico_runtime/runtime.c.obj
                0x00000000100019dc                panic
 .text.clock_configure
                0x0000000010001a0c      0x104 CMakeFiles/spi_master.dir/home/pzerg/VSARM/pico-sdk/src/rp2_common/hardware_clocks/clocks.c.obj
                0x0000000010001a0c                clock_configure
 .text.clocks_init
                0x0000000010001b10      0x100 CMakeFiles/spi_master.dir/home/pzerg/VSARM/pico-sdk/src/rp2_common/hardware_clocks/clocks.c.obj
                0x0000000010001b10                clocks_init
 .text.clock_get_hz
                0x0000000010001c10        0xc CMakeFiles/spi_master.dir/home/pzerg/VSARM/pico-sdk/src/rp2_common/hardware_clocks/clocks.c.obj
                0x0000000010001c10                clock_get_hz
 .text.set_raw_irq_handler_and_unlock
                0x0000000010001c1c       0x28 CMakeFiles/spi_master.dir/home/pzerg/VSARM/pico-sdk/src/rp2_common/hardware_irq/irq.c.obj
 .text.resolve_branch
                0x0000000010001c44       0x30 CMakeFiles/spi_master.dir/home/pzerg/VSARM/pico-sdk/src/rp2_common/hardware_irq/irq.c.obj
 .text.make_branch
                0x0000000010001c74       0x34 CMakeFiles/spi_master.dir/home/pzerg/VSARM/pico-sdk/src/rp2_common/hardware_irq/irq.c.obj
 .text.insert_branch_and_link
                0x0000000010001ca8       0x40 CMakeFiles/spi_master.dir/home/pzerg/VSARM/pico-sdk/src/rp2_common/hardware_irq/irq.c.obj
 .text.irq_is_enabled
                0x0000000010001ce8       0x18 CMakeFiles/spi_master.dir/home/pzerg/VSARM/pico-sdk/src/rp2_common/hardware_irq/irq.c.obj
                0x0000000010001ce8                irq_is_enabled
 .text.irq_set_mask_enabled
                0x0000000010001d00       0x20 CMakeFiles/spi_master.dir/home/pzerg/VSARM/pico-sdk/src/rp2_common/hardware_irq/irq.c.obj
                0x0000000010001d00                irq_set_mask_enabled
 .text.irq_set_enabled
                0x0000000010001d20        0xe CMakeFiles/spi_master.dir/home/pzerg/VSARM/pico-sdk/src/rp2_common/hardware_irq/irq.c.obj
                0x0000000010001d20                irq_set_enabled
 *fill*         0x0000000010001d2e        0x2 
 .text.irq_set_pending
                0x0000000010001d30       0x10 CMakeFiles/spi_master.dir/home/pzerg/VSARM/pico-sdk/src/rp2_common/hardware_irq/irq.c.obj
                0x0000000010001d30                irq_set_pending
 .text.irq_get_vtable_handler
                0x0000000010001d40       0x10 CMakeFiles/spi_master.dir/home/pzerg/VSARM/pico-sdk/src/rp2_common/hardware_irq/irq.c.obj
                0x0000000010001d40                irq_get_vtable_handler
 .text.irq_set_exclusive_handler
                0x0000000010001d50       0x54 CMakeFiles/spi_master.dir/home/pzerg/VSARM/pico-sdk/src/rp2_common/hardware_irq/irq.c.obj
                0x0000000010001d50                irq_set_exclusive_handler
 .text.irq_remove_handler
                0x0000000010001da4      0x190 CMakeFiles/spi_master.dir/home/pzerg/VSARM/pico-sdk/src/rp2_common/hardware_irq/irq.c.obj
                0x0000000010001da4                irq_remove_handler
 .text.irq_add_tail_to_free_list
                0x0000000010001f34       0xf0 CMakeFiles/spi_master.dir/home/pzerg/VSARM/pico-sdk/src/rp2_common/hardware_irq/irq.c.obj
                0x0000000010001f34                irq_add_tail_to_free_list
 .text.irq_init_priorities
                0x0000000010002024       0x1c CMakeFiles/spi_master.dir/home/pzerg/VSARM/pico-sdk/src/rp2_common/hardware_irq/irq.c.obj
                0x0000000010002024                irq_init_priorities
 .text.pll_init
                0x0000000010002040      0x118 CMakeFiles/spi_master.dir/home/pzerg/VSARM/pico-sdk/src/rp2_common/hardware_pll/pll.c.obj
                0x0000000010002040                pll_init
 .text.watchdog_start_tick
                0x0000000010002158       0x10 CMakeFiles/spi_master.dir/home/pzerg/VSARM/pico-sdk/src/rp2_common/hardware_watchdog/watchdog.c.obj
                0x0000000010002158                watchdog_start_tick
 .text.watchdog_update
                0x0000000010002168       0x14 CMakeFiles/spi_master.dir/home/pzerg/VSARM/pico-sdk/src/rp2_common/hardware_watchdog/watchdog.c.obj
                0x0000000010002168                watchdog_update
 .text._watchdog_enable
                0x000000001000217c       0x78 CMakeFiles/spi_master.dir/home/pzerg/VSARM/pico-sdk/src/rp2_common/hardware_watchdog/watchdog.c.obj
                0x000000001000217c                _watchdog_enable
 .text.watchdog_reboot
                0x00000000100021f4       0x48 CMakeFiles/spi_master.dir/home/pzerg/VSARM/pico-sdk/src/rp2_common/hardware_watchdog/watchdog.c.obj
                0x00000000100021f4                watchdog_reboot
 .text.xosc_init
                0x000000001000223c       0x28 CMakeFiles/spi_master.dir/home/pzerg/VSARM/pico-sdk/src/rp2_common/hardware_xosc/xosc.c.obj
                0x000000001000223c                xosc_init
 .text._out_null
                0x0000000010002264        0x2 CMakeFiles/spi_master.dir/home/pzerg/VSARM/pico-sdk/src/rp2_common/pico_printf/printf.c.obj
 .text._out_fct
                0x0000000010002266        0xe CMakeFiles/spi_master.dir/home/pzerg/VSARM/pico-sdk/src/rp2_common/pico_printf/printf.c.obj
 .text._atoi    0x0000000010002274       0x24 CMakeFiles/spi_master.dir/home/pzerg/VSARM/pico-sdk/src/rp2_common/pico_printf/printf.c.obj
 .text._out_rev
                0x0000000010002298       0xae CMakeFiles/spi_master.dir/home/pzerg/VSARM/pico-sdk/src/rp2_common/pico_printf/printf.c.obj
 .text._ntoa_format
                0x0000000010002346      0x110 CMakeFiles/spi_master.dir/home/pzerg/VSARM/pico-sdk/src/rp2_common/pico_printf/printf.c.obj
 .text._ntoa_long
                0x0000000010002456       0xbc CMakeFiles/spi_master.dir/home/pzerg/VSARM/pico-sdk/src/rp2_common/pico_printf/printf.c.obj
 .text._ntoa_long_long
                0x0000000010002512      0x10e CMakeFiles/spi_master.dir/home/pzerg/VSARM/pico-sdk/src/rp2_common/pico_printf/printf.c.obj
 .text._etoa    0x0000000010002620      0x420 CMakeFiles/spi_master.dir/home/pzerg/VSARM/pico-sdk/src/rp2_common/pico_printf/printf.c.obj
 .text._ftoa    0x0000000010002a40      0x354 CMakeFiles/spi_master.dir/home/pzerg/VSARM/pico-sdk/src/rp2_common/pico_printf/printf.c.obj
 .text._vsnprintf
                0x0000000010002d94      0x65c CMakeFiles/spi_master.dir/home/pzerg/VSARM/pico-sdk/src/rp2_common/pico_printf/printf.c.obj
 .text.vfctprintf
                0x00000000100033f0       0x20 CMakeFiles/spi_master.dir/home/pzerg/VSARM/pico-sdk/src/rp2_common/pico_printf/printf.c.obj
                0x00000000100033f0                vfctprintf
 .text          0x0000000010003410       0x10 CMakeFiles/spi_master.dir/home/pzerg/VSARM/pico-sdk/src/rp2_common/pico_bit_ops/bit_ops_aeabi.S.obj
 .text.rom_func_lookup
                0x0000000010003420       0x10 CMakeFiles/spi_master.dir/home/pzerg/VSARM/pico-sdk/src/rp2_common/pico_bootrom/bootrom.c.obj
                0x0000000010003420                rom_func_lookup
 .text.rom_data_lookup
                0x0000000010003430       0x10 CMakeFiles/spi_master.dir/home/pzerg/VSARM/pico-sdk/src/rp2_common/pico_bootrom/bootrom.c.obj
                0x0000000010003430                rom_data_lookup
 .text.rom_funcs_lookup
                0x0000000010003440       0x36 CMakeFiles/spi_master.dir/home/pzerg/VSARM/pico-sdk/src/rp2_common/pico_bootrom/bootrom.c.obj
                0x0000000010003440                rom_funcs_lookup
 *fill*         0x0000000010003476        0x2 
 .text.__wrap___aeabi_idiv
                0x0000000010003478       0x50 CMakeFiles/spi_master.dir/home/pzerg/VSARM/pico-sdk/src/rp2_common/pico_divider/divider.S.obj
                0x0000000010003478                __wrap___aeabi_idivmod
                0x0000000010003478                divmod_s32s32
                0x0000000010003478                div_s32s32
                0x0000000010003478                __wrap___aeabi_idiv
                0x0000000010003480                divmod_s32s32_unsafe
                0x00000000100034ac                divmod_s32s32_savestate
 .text.__wrap___aeabi_uidiv
                0x00000000100034c8       0x4c CMakeFiles/spi_master.dir/home/pzerg/VSARM/pico-sdk/src/rp2_common/pico_divider/divider.S.obj
                0x00000000100034c8                __wrap___aeabi_uidiv
                0x00000000100034c8                __wrap___aeabi_uidivmod
                0x00000000100034c8                div_u32u32
                0x00000000100034c8                divmod_u32u32
                0x00000000100034d0                divmod_u32u32_unsafe
                0x00000000100034f8                divmod_u32u32_savestate
 .text.__wrap___aeabi_ldiv
                0x0000000010003514      0x434 CMakeFiles/spi_master.dir/home/pzerg/VSARM/pico-sdk/src/rp2_common/pico_divider/divider.S.obj
                0x0000000010003514                div_s64s64
                0x0000000010003514                divmod_s64s64
                0x0000000010003514                __wrap___aeabi_ldivmod
                0x000000001000354c                div_u64u64
                0x000000001000354c                divmod_u64u64
                0x000000001000354c                __wrap___aeabi_uldivmod
                0x000000001000355c                divmod_u64u64_savestate
                0x0000000010003584                divmod_s64s64_unsafe
                0x000000001000360c                divmod_u64u64_unsafe
 .text.__wrap___aeabi_darithmetic
                0x0000000010003948       0x80 CMakeFiles/spi_master.dir/home/pzerg/VSARM/pico-sdk/src/rp2_common/pico_double/double_aeabi.S.obj
                0x0000000010003948                __wrap___aeabi_drsub
                0x000000001000394e                __wrap___aeabi_dsub
                0x0000000010003960                __wrap___aeabi_dadd
                0x0000000010003972                __wrap___aeabi_ddiv
                0x00000000100039ae                __wrap___aeabi_dmul
 .text.__wrap___aeabi_cdcmple
                0x00000000100039c8       0x6c CMakeFiles/spi_master.dir/home/pzerg/VSARM/pico-sdk/src/rp2_common/pico_double/double_aeabi.S.obj
                0x00000000100039c8                __wrap___aeabi_cdrcmple
                0x00000000100039d8                __wrap___aeabi_cdcmple
                0x00000000100039d8                __wrap___aeabi_cdcmpeq
 .text.__wrap___aeabi_dcmplt
                0x0000000010003a34        0xc CMakeFiles/spi_master.dir/home/pzerg/VSARM/pico-sdk/src/rp2_common/pico_double/double_aeabi.S.obj
                0x0000000010003a34                __wrap___aeabi_dcmplt
 .text.__wrap___aeabi_dcmple
                0x0000000010003a40       0x10 CMakeFiles/spi_master.dir/home/pzerg/VSARM/pico-sdk/src/rp2_common/pico_double/double_aeabi.S.obj
                0x0000000010003a40                __wrap___aeabi_dcmple
 .text.__wrap___aeabi_dcmpge
                0x0000000010003a50       0x10 CMakeFiles/spi_master.dir/home/pzerg/VSARM/pico-sdk/src/rp2_common/pico_double/double_aeabi.S.obj
                0x0000000010003a50                __wrap___aeabi_dcmpge
 .text.__wrap___aeabi_dcmpgt
                0x0000000010003a60        0xa CMakeFiles/spi_master.dir/home/pzerg/VSARM/pico-sdk/src/rp2_common/pico_double/double_aeabi.S.obj
                0x0000000010003a60                __wrap___aeabi_dcmpgt
 .text.__wrap___aeabi_dcmpun
                0x0000000010003a6a       0x1c CMakeFiles/spi_master.dir/home/pzerg/VSARM/pico-sdk/src/rp2_common/pico_double/double_aeabi.S.obj
                0x0000000010003a6a                __wrap___aeabi_dcmpun
 *fill*         0x0000000010003a86        0x2 
 .text.__wrap___aeabi_i2d
                0x0000000010003a88       0x38 CMakeFiles/spi_master.dir/home/pzerg/VSARM/pico-sdk/src/rp2_common/pico_double/double_aeabi.S.obj
                0x0000000010003a88                __wrap___aeabi_ui2d
                0x0000000010003a90                __wrap___aeabi_i2d
 .text.__wrap___aeabi_d2iz
                0x0000000010003ac0       0x48 CMakeFiles/spi_master.dir/home/pzerg/VSARM/pico-sdk/src/rp2_common/pico_double/double_aeabi.S.obj
                0x0000000010003ac0                __wrap___aeabi_d2iz
                0x0000000010003ac0                double2int_z
 .text.__wrap___aeabi_d2uiz
                0x0000000010003b08       0x18 CMakeFiles/spi_master.dir/home/pzerg/VSARM/pico-sdk/src/rp2_common/pico_double/double_aeabi.S.obj
                0x0000000010003b08                double2uint
                0x0000000010003b08                __wrap___aeabi_d2uiz
 .text.__aeabi_double_init
                0x0000000010003b20       0xcc CMakeFiles/spi_master.dir/home/pzerg/VSARM/pico-sdk/src/rp2_common/pico_double/double_init_rom.c.obj
                0x0000000010003b20                __aeabi_double_init
 .text.double_table_shim_on_use_helper
                0x0000000010003bec       0x34 CMakeFiles/spi_master.dir/home/pzerg/VSARM/pico-sdk/src/rp2_common/pico_double/double_v1_rom_shim.S.obj
                0x0000000010003bec                double_table_shim_on_use_helper
 .text.__wrap___aeabi_dsub
                0x0000000010003c20       0x10 CMakeFiles/spi_master.dir/home/pzerg/VSARM/pico-sdk/src/rp2_common/pico_double/double_v1_rom_shim.S.obj
                0x0000000010003c20                drsub_shim
                0x0000000010003c26                dsub_shim
 .text.dadd_shim
                0x0000000010003c30      0x15c CMakeFiles/spi_master.dir/home/pzerg/VSARM/pico-sdk/src/rp2_common/pico_double/double_v1_rom_shim.S.obj
                0x0000000010003c30                dadd_shim
 .text.dmul_shim
                0x0000000010003d8c      0x15c CMakeFiles/spi_master.dir/home/pzerg/VSARM/pico-sdk/src/rp2_common/pico_double/double_v1_rom_shim.S.obj
                0x0000000010003d8c                dmul_shim
 .text.ddiv_shim
                0x0000000010003ee8      0x1b0 CMakeFiles/spi_master.dir/home/pzerg/VSARM/pico-sdk/src/rp2_common/pico_double/double_v1_rom_shim.S.obj
                0x0000000010003ee8                ddiv_shim
 .text.double2uint_shim
                0x0000000010004098        0xe CMakeFiles/spi_master.dir/home/pzerg/VSARM/pico-sdk/src/rp2_common/pico_double/double_v1_rom_shim.S.obj
                0x0000000010004098                double2uint_shim
                0x000000001000409a                double2ufix_shim
 *fill*         0x00000000100040a6        0x2 
 .text.double2uint64_shim
                0x00000000100040a8       0x70 CMakeFiles/spi_master.dir/home/pzerg/VSARM/pico-sdk/src/rp2_common/pico_double/double_v1_rom_shim.S.obj
                0x00000000100040a8                double2uint64_shim
                0x00000000100040aa                double2ufix64_shim
                0x00000000100040ca                d2fix_a
 .text.dunpacks
                0x0000000010004118       0x3c CMakeFiles/spi_master.dir/home/pzerg/VSARM/pico-sdk/src/rp2_common/pico_double/double_v1_rom_shim.S.obj
                0x0000000010004118                dunpacks
 .text.__aeabi_lmul
                0x0000000010004154       0x32 CMakeFiles/spi_master.dir/home/pzerg/VSARM/pico-sdk/src/rp2_common/pico_int64_ops/pico_int64_ops_aeabi.S.obj
                0x0000000010004154                __wrap___aeabi_lmul
 *fill*         0x0000000010004186        0x2 
 .text.__aeabi_float_init
                0x0000000010004188       0xfc CMakeFiles/spi_master.dir/home/pzerg/VSARM/pico-sdk/src/rp2_common/pico_float/float_init_rom.c.obj
                0x0000000010004188                __aeabi_float_init
 .text.float_table_shim_on_use_helper
                0x0000000010004284       0x34 CMakeFiles/spi_master.dir/home/pzerg/VSARM/pico-sdk/src/rp2_common/pico_float/float_v1_rom_shim.S.obj
                0x0000000010004284                float_table_shim_on_use_helper
 .text          0x00000000100042b8       0x10 CMakeFiles/spi_master.dir/home/pzerg/VSARM/pico-sdk/src/rp2_common/pico_mem_ops/mem_ops_aeabi.S.obj
                0x00000000100042b8                __aeabi_mem_init
 .text.memset   0x00000000100042c8        0xc CMakeFiles/spi_master.dir/home/pzerg/VSARM/pico-sdk/src/rp2_common/pico_mem_ops/mem_ops_aeabi.S.obj
                0x00000000100042c8                __wrap_memset
 .text.memcpy   0x00000000100042d4        0xc CMakeFiles/spi_master.dir/home/pzerg/VSARM/pico-sdk/src/rp2_common/pico_mem_ops/mem_ops_aeabi.S.obj
                0x00000000100042d4                __wrap___aeabi_memcpy
                0x00000000100042d4                __wrap_memcpy
 .text.stdio_out_chars_no_crlf
                0x00000000100042e0        0xe CMakeFiles/spi_master.dir/home/pzerg/VSARM/pico-sdk/src/rp2_common/pico_stdio/stdio.c.obj
 *fill*         0x00000000100042ee        0x2 
 .text.stdio_out_chars_crlf
                0x00000000100042f0       0x80 CMakeFiles/spi_master.dir/home/pzerg/VSARM/pico-sdk/src/rp2_common/pico_stdio/stdio.c.obj
 .text.stdio_stack_buffer_flush
                0x0000000010004370       0x44 CMakeFiles/spi_master.dir/home/pzerg/VSARM/pico-sdk/src/rp2_common/pico_stdio/stdio.c.obj
 .text.stdio_buffered_printer
                0x00000000100043b4       0x20 CMakeFiles/spi_master.dir/home/pzerg/VSARM/pico-sdk/src/rp2_common/pico_stdio/stdio.c.obj
 .text.stdout_serialize_begin
                0x00000000100043d4       0x30 CMakeFiles/spi_master.dir/home/pzerg/VSARM/pico-sdk/src/rp2_common/pico_stdio/stdio.c.obj
                0x00000000100043d4                stdout_serialize_begin
 .text.stdout_serialize_end
                0x0000000010004404       0x10 CMakeFiles/spi_master.dir/home/pzerg/VSARM/pico-sdk/src/rp2_common/pico_stdio/stdio.c.obj
                0x0000000010004404                stdout_serialize_end
 .text.stdio_put_string
                0x0000000010004414       0x98 CMakeFiles/spi_master.dir/home/pzerg/VSARM/pico-sdk/src/rp2_common/pico_stdio/stdio.c.obj
 .text.stdio_set_driver_enabled
                0x00000000100044ac       0x38 CMakeFiles/spi_master.dir/home/pzerg/VSARM/pico-sdk/src/rp2_common/pico_stdio/stdio.c.obj
                0x00000000100044ac                stdio_set_driver_enabled
 .text.stdio_flush
                0x00000000100044e4       0x20 CMakeFiles/spi_master.dir/home/pzerg/VSARM/pico-sdk/src/rp2_common/pico_stdio/stdio.c.obj
                0x00000000100044e4                stdio_flush
 .text.__wrap_puts
                0x0000000010004504       0x1e CMakeFiles/spi_master.dir/home/pzerg/VSARM/pico-sdk/src/rp2_common/pico_stdio/stdio.c.obj
                0x0000000010004504                __wrap_puts
 *fill*         0x0000000010004522        0x2 
 .text.__wrap_vprintf
                0x0000000010004524       0x44 CMakeFiles/spi_master.dir/home/pzerg/VSARM/pico-sdk/src/rp2_common/pico_stdio/stdio.c.obj
                0x0000000010004524                __wrap_vprintf
 .text.__wrap_printf
                0x0000000010004568       0x18 CMakeFiles/spi_master.dir/home/pzerg/VSARM/pico-sdk/src/rp2_common/pico_stdio/stdio.c.obj
                0x0000000010004568                __wrap_printf
 .text.stdio_init_all
                0x0000000010004580        0x8 CMakeFiles/spi_master.dir/home/pzerg/VSARM/pico-sdk/src/rp2_common/pico_stdio/stdio.c.obj
                0x0000000010004580                stdio_init_all
 .text.resetd_init
                0x0000000010004588        0x2 CMakeFiles/spi_master.dir/home/pzerg/VSARM/pico-sdk/src/rp2_common/pico_stdio_usb/reset_interface.c.obj
 *fill*         0x000000001000458a        0x2 
 .text.resetd_reset
                0x000000001000458c        0xc CMakeFiles/spi_master.dir/home/pzerg/VSARM/pico-sdk/src/rp2_common/pico_stdio_usb/reset_interface.c.obj
 .text.resetd_open
                0x0000000010004598       0x34 CMakeFiles/spi_master.dir/home/pzerg/VSARM/pico-sdk/src/rp2_common/pico_stdio_usb/reset_interface.c.obj
 .text.resetd_xfer_cb
                0x00000000100045cc        0x4 CMakeFiles/spi_master.dir/home/pzerg/VSARM/pico-sdk/src/rp2_common/pico_stdio_usb/reset_interface.c.obj
 .text.reset_usb_boot
                0x00000000100045d0       0x18 CMakeFiles/spi_master.dir/home/pzerg/VSARM/pico-sdk/src/rp2_common/pico_stdio_usb/reset_interface.c.obj
 .text.resetd_control_xfer_cb
                0x00000000100045e8       0x5c CMakeFiles/spi_master.dir/home/pzerg/VSARM/pico-sdk/src/rp2_common/pico_stdio_usb/reset_interface.c.obj
 .text.usbd_app_driver_get_cb
                0x0000000010004644        0xc CMakeFiles/spi_master.dir/home/pzerg/VSARM/pico-sdk/src/rp2_common/pico_stdio_usb/reset_interface.c.obj
                0x0000000010004644                usbd_app_driver_get_cb
 .text.tud_cdc_line_coding_cb
                0x0000000010004650       0x28 CMakeFiles/spi_master.dir/home/pzerg/VSARM/pico-sdk/src/rp2_common/pico_stdio_usb/reset_interface.c.obj
                0x0000000010004650                tud_cdc_line_coding_cb
 .text.stdio_usb_in_chars
                0x0000000010004678       0x70 CMakeFiles/spi_master.dir/home/pzerg/VSARM/pico-sdk/src/rp2_common/pico_stdio_usb/stdio_usb.c.obj
                0x0000000010004678                stdio_usb_in_chars
 .text.low_priority_worker_irq
                0x00000000100046e8       0x20 CMakeFiles/spi_master.dir/home/pzerg/VSARM/pico-sdk/src/rp2_common/pico_stdio_usb/stdio_usb.c.obj
 .text.stdio_usb_out_chars
                0x0000000010004708       0xd4 CMakeFiles/spi_master.dir/home/pzerg/VSARM/pico-sdk/src/rp2_common/pico_stdio_usb/stdio_usb.c.obj
 .text.timer_task
                0x00000000100047dc       0x10 CMakeFiles/spi_master.dir/home/pzerg/VSARM/pico-sdk/src/rp2_common/pico_stdio_usb/stdio_usb.c.obj
 .text.update_us_since_boot
                0x00000000100047ec       0x24 CMakeFiles/spi_master.dir/home/pzerg/VSARM/pico-sdk/src/rp2_common/pico_stdio_usb/stdio_usb.c.obj
 .text.get_absolute_time
                0x0000000010004810       0x22 CMakeFiles/spi_master.dir/home/pzerg/VSARM/pico-sdk/src/rp2_common/pico_stdio_usb/stdio_usb.c.obj
 .text.delayed_by_us
                0x0000000010004832       0x36 CMakeFiles/spi_master.dir/home/pzerg/VSARM/pico-sdk/src/rp2_common/pico_stdio_usb/stdio_usb.c.obj
 .text.alarm_pool_add_alarm_in_us
                0x0000000010004868       0x3a CMakeFiles/spi_master.dir/home/pzerg/VSARM/pico-sdk/src/rp2_common/pico_stdio_usb/stdio_usb.c.obj
 .text.add_alarm_in_us
                0x00000000100048a2       0x2e CMakeFiles/spi_master.dir/home/pzerg/VSARM/pico-sdk/src/rp2_common/pico_stdio_usb/stdio_usb.c.obj
 .text.stdio_usb_init
                0x00000000100048d0       0x64 CMakeFiles/spi_master.dir/home/pzerg/VSARM/pico-sdk/src/rp2_common/pico_stdio_usb/stdio_usb.c.obj
                0x00000000100048d0                stdio_usb_init
 .text.tud_descriptor_device_cb
                0x0000000010004934        0x8 CMakeFiles/spi_master.dir/home/pzerg/VSARM/pico-sdk/src/rp2_common/pico_stdio_usb/stdio_usb_descriptors.c.obj
                0x0000000010004934                tud_descriptor_device_cb
 .text.tud_descriptor_configuration_cb
                0x000000001000493c        0x8 CMakeFiles/spi_master.dir/home/pzerg/VSARM/pico-sdk/src/rp2_common/pico_stdio_usb/stdio_usb_descriptors.c.obj
                0x000000001000493c                tud_descriptor_configuration_cb
 .text.tud_descriptor_string_cb
                0x0000000010004944       0x6c CMakeFiles/spi_master.dir/home/pzerg/VSARM/pico-sdk/src/rp2_common/pico_stdio_usb/stdio_usb_descriptors.c.obj
                0x0000000010004944                tud_descriptor_string_cb
 .text.hw_endpoint_get_by_addr
                0x00000000100049b0       0x18 CMakeFiles/spi_master.dir/home/pzerg/VSARM/pico-sdk/lib/tinyusb/src/portable/raspberrypi/rp2040/dcd_rp2040.c.obj
 .text.reset_ep0_pid
                0x00000000100049c8       0x28 CMakeFiles/spi_master.dir/home/pzerg/VSARM/pico-sdk/lib/tinyusb/src/portable/raspberrypi/rp2040/dcd_rp2040.c.obj
 .text._hw_endpoint_alloc
                0x00000000100049f0       0x70 CMakeFiles/spi_master.dir/home/pzerg/VSARM/pico-sdk/lib/tinyusb/src/portable/raspberrypi/rp2040/dcd_rp2040.c.obj
 .text.hw_endpoint_init
                0x0000000010004a60       0x88 CMakeFiles/spi_master.dir/home/pzerg/VSARM/pico-sdk/lib/tinyusb/src/portable/raspberrypi/rp2040/dcd_rp2040.c.obj
 .text.reset_non_control_endpoints
                0x0000000010004ae8       0x40 CMakeFiles/spi_master.dir/home/pzerg/VSARM/pico-sdk/lib/tinyusb/src/portable/raspberrypi/rp2040/dcd_rp2040.c.obj
 .text.hw_handle_buff_status
                0x0000000010004b28       0x8c CMakeFiles/spi_master.dir/home/pzerg/VSARM/pico-sdk/lib/tinyusb/src/portable/raspberrypi/rp2040/dcd_rp2040.c.obj
 .text.dcd_rp2040_irq
                0x0000000010004bb4       0xc0 CMakeFiles/spi_master.dir/home/pzerg/VSARM/pico-sdk/lib/tinyusb/src/portable/raspberrypi/rp2040/dcd_rp2040.c.obj
 .text.hw_endpoint_xfer
                0x0000000010004c74       0x14 CMakeFiles/spi_master.dir/home/pzerg/VSARM/pico-sdk/lib/tinyusb/src/portable/raspberrypi/rp2040/dcd_rp2040.c.obj
 .text.dcd_int_enable
                0x0000000010004c88       0x2c CMakeFiles/spi_master.dir/home/pzerg/VSARM/pico-sdk/lib/tinyusb/src/portable/raspberrypi/rp2040/dcd_rp2040.c.obj
                0x0000000010004c88                dcd_int_enable
 .text.dcd_set_address
                0x0000000010004cb4       0x2c CMakeFiles/spi_master.dir/home/pzerg/VSARM/pico-sdk/lib/tinyusb/src/portable/raspberrypi/rp2040/dcd_rp2040.c.obj
                0x0000000010004cb4                dcd_set_address
 .text.dcd_connect
                0x0000000010004ce0       0x10 CMakeFiles/spi_master.dir/home/pzerg/VSARM/pico-sdk/lib/tinyusb/src/portable/raspberrypi/rp2040/dcd_rp2040.c.obj
                0x0000000010004ce0                dcd_connect
 .text.dcd_init
                0x0000000010004cf0       0x7c CMakeFiles/spi_master.dir/home/pzerg/VSARM/pico-sdk/lib/tinyusb/src/portable/raspberrypi/rp2040/dcd_rp2040.c.obj
                0x0000000010004cf0                dcd_init
 .text.dcd_edpt0_status_complete
                0x0000000010004d6c       0x1c CMakeFiles/spi_master.dir/home/pzerg/VSARM/pico-sdk/lib/tinyusb/src/portable/raspberrypi/rp2040/dcd_rp2040.c.obj
                0x0000000010004d6c                dcd_edpt0_status_complete
 .text.dcd_edpt_open
                0x0000000010004d88       0x40 CMakeFiles/spi_master.dir/home/pzerg/VSARM/pico-sdk/lib/tinyusb/src/portable/raspberrypi/rp2040/dcd_rp2040.c.obj
                0x0000000010004d88                dcd_edpt_open
 .text.dcd_edpt_close_all
                0x0000000010004dc8        0x8 CMakeFiles/spi_master.dir/home/pzerg/VSARM/pico-sdk/lib/tinyusb/src/portable/raspberrypi/rp2040/dcd_rp2040.c.obj
                0x0000000010004dc8                dcd_edpt_close_all
 .text.dcd_edpt_xfer
                0x0000000010004dd0       0x30 CMakeFiles/spi_master.dir/home/pzerg/VSARM/pico-sdk/lib/tinyusb/src/portable/raspberrypi/rp2040/dcd_rp2040.c.obj
                0x0000000010004dd0                dcd_edpt_xfer
 .text.dcd_edpt_stall
                0x0000000010004e00       0x2c CMakeFiles/spi_master.dir/home/pzerg/VSARM/pico-sdk/lib/tinyusb/src/portable/raspberrypi/rp2040/dcd_rp2040.c.obj
                0x0000000010004e00                dcd_edpt_stall
 .text.dcd_edpt_clear_stall
                0x0000000010004e2c       0x20 CMakeFiles/spi_master.dir/home/pzerg/VSARM/pico-sdk/lib/tinyusb/src/portable/raspberrypi/rp2040/dcd_rp2040.c.obj
                0x0000000010004e2c                dcd_edpt_clear_stall
 .text.prepare_ep_buffer
                0x0000000010004e4c       0x6c CMakeFiles/spi_master.dir/home/pzerg/VSARM/pico-sdk/lib/tinyusb/src/portable/raspberrypi/rp2040/rp2040_usb.c.obj
 .text.sync_ep_buffer
                0x0000000010004eb8       0x78 CMakeFiles/spi_master.dir/home/pzerg/VSARM/pico-sdk/lib/tinyusb/src/portable/raspberrypi/rp2040/rp2040_usb.c.obj
 .text._hw_endpoint_xfer_sync
                0x0000000010004f30       0x28 CMakeFiles/spi_master.dir/home/pzerg/VSARM/pico-sdk/lib/tinyusb/src/portable/raspberrypi/rp2040/rp2040_usb.c.obj
 .text.rp2040_usb_init
                0x0000000010004f58       0x4c CMakeFiles/spi_master.dir/home/pzerg/VSARM/pico-sdk/lib/tinyusb/src/portable/raspberrypi/rp2040/rp2040_usb.c.obj
                0x0000000010004f58                rp2040_usb_init
 .text.hw_endpoint_reset_transfer
                0x0000000010004fa4        0xc CMakeFiles/spi_master.dir/home/pzerg/VSARM/pico-sdk/lib/tinyusb/src/portable/raspberrypi/rp2040/rp2040_usb.c.obj
                0x0000000010004fa4                hw_endpoint_reset_transfer
 .text._hw_endpoint_buffer_control_update32
                0x0000000010004fb0       0x58 CMakeFiles/spi_master.dir/home/pzerg/VSARM/pico-sdk/lib/tinyusb/src/portable/raspberrypi/rp2040/rp2040_usb.c.obj
                0x0000000010004fb0                _hw_endpoint_buffer_control_update32
 .text._hw_endpoint_start_next_buffer
                0x0000000010005008       0x74 CMakeFiles/spi_master.dir/home/pzerg/VSARM/pico-sdk/lib/tinyusb/src/portable/raspberrypi/rp2040/rp2040_usb.c.obj
 .text.hw_endpoint_xfer_start
                0x000000001000507c       0x48 CMakeFiles/spi_master.dir/home/pzerg/VSARM/pico-sdk/lib/tinyusb/src/portable/raspberrypi/rp2040/rp2040_usb.c.obj
                0x000000001000507c                hw_endpoint_xfer_start
 .text.hw_endpoint_xfer_continue
                0x00000000100050c4       0x38 CMakeFiles/spi_master.dir/home/pzerg/VSARM/pico-sdk/lib/tinyusb/src/portable/raspberrypi/rp2040/rp2040_usb.c.obj
                0x00000000100050c4                hw_endpoint_xfer_continue
 .text.configuration_reset
                0x00000000100050fc       0x84 CMakeFiles/spi_master.dir/home/pzerg/VSARM/pico-sdk/lib/tinyusb/src/device/usbd.c.obj
 .text.osal_queue_receive
                0x0000000010005180       0x30 CMakeFiles/spi_master.dir/home/pzerg/VSARM/pico-sdk/lib/tinyusb/src/device/usbd.c.obj
 .text.usbd_reset
                0x00000000100051b0        0xc CMakeFiles/spi_master.dir/home/pzerg/VSARM/pico-sdk/lib/tinyusb/src/device/usbd.c.obj
 .text.invoke_class_control
                0x00000000100051bc       0x1a CMakeFiles/spi_master.dir/home/pzerg/VSARM/pico-sdk/lib/tinyusb/src/device/usbd.c.obj
 *fill*         0x00000000100051d6        0x2 
 .text.process_set_config
                0x00000000100051d8      0x1b0 CMakeFiles/spi_master.dir/home/pzerg/VSARM/pico-sdk/lib/tinyusb/src/device/usbd.c.obj
 .text.process_get_descriptor
                0x0000000010005388       0xec CMakeFiles/spi_master.dir/home/pzerg/VSARM/pico-sdk/lib/tinyusb/src/device/usbd.c.obj
 .text.osal_queue_send
                0x0000000010005474       0x4c CMakeFiles/spi_master.dir/home/pzerg/VSARM/pico-sdk/lib/tinyusb/src/device/usbd.c.obj
 .text.tud_mounted
                0x00000000100054c0       0x10 CMakeFiles/spi_master.dir/home/pzerg/VSARM/pico-sdk/lib/tinyusb/src/device/usbd.c.obj
                0x00000000100054c0                tud_mounted
 .text.tud_suspended
                0x00000000100054d0       0x10 CMakeFiles/spi_master.dir/home/pzerg/VSARM/pico-sdk/lib/tinyusb/src/device/usbd.c.obj
                0x00000000100054d0                tud_suspended
 .text.tud_inited
                0x00000000100054e0        0xc CMakeFiles/spi_master.dir/home/pzerg/VSARM/pico-sdk/lib/tinyusb/src/device/usbd.c.obj
                0x00000000100054e0                tud_inited
 .text.tud_init
                0x00000000100054ec       0xcc CMakeFiles/spi_master.dir/home/pzerg/VSARM/pico-sdk/lib/tinyusb/src/device/usbd.c.obj
                0x00000000100054ec                tud_init
 .text.dcd_event_handler
                0x00000000100055b8       0xd4 CMakeFiles/spi_master.dir/home/pzerg/VSARM/pico-sdk/lib/tinyusb/src/device/usbd.c.obj
                0x00000000100055b8                dcd_event_handler
 .text.dcd_event_bus_signal
                0x000000001000568c       0x26 CMakeFiles/spi_master.dir/home/pzerg/VSARM/pico-sdk/lib/tinyusb/src/device/usbd.c.obj
                0x000000001000568c                dcd_event_bus_signal
 .text.dcd_event_bus_reset
                0x00000000100056b2       0x2a CMakeFiles/spi_master.dir/home/pzerg/VSARM/pico-sdk/lib/tinyusb/src/device/usbd.c.obj
                0x00000000100056b2                dcd_event_bus_reset
 .text.dcd_event_setup_received
                0x00000000100056dc       0x34 CMakeFiles/spi_master.dir/home/pzerg/VSARM/pico-sdk/lib/tinyusb/src/device/usbd.c.obj
                0x00000000100056dc                dcd_event_setup_received
 .text.dcd_event_xfer_complete
                0x0000000010005710       0x44 CMakeFiles/spi_master.dir/home/pzerg/VSARM/pico-sdk/lib/tinyusb/src/device/usbd.c.obj
                0x0000000010005710                dcd_event_xfer_complete
 .text.usbd_edpt_open
                0x0000000010005754       0x58 CMakeFiles/spi_master.dir/home/pzerg/VSARM/pico-sdk/lib/tinyusb/src/device/usbd.c.obj
                0x0000000010005754                usbd_edpt_open
 .text.usbd_open_edpt_pair
                0x00000000100057ac       0x8c CMakeFiles/spi_master.dir/home/pzerg/VSARM/pico-sdk/lib/tinyusb/src/device/usbd.c.obj
                0x00000000100057ac                usbd_open_edpt_pair
 .text.usbd_edpt_claim
                0x0000000010005838       0x8c CMakeFiles/spi_master.dir/home/pzerg/VSARM/pico-sdk/lib/tinyusb/src/device/usbd.c.obj
                0x0000000010005838                usbd_edpt_claim
 .text.usbd_edpt_release
                0x00000000100058c4       0x60 CMakeFiles/spi_master.dir/home/pzerg/VSARM/pico-sdk/lib/tinyusb/src/device/usbd.c.obj
                0x00000000100058c4                usbd_edpt_release
 .text.usbd_edpt_xfer
                0x0000000010005924       0x80 CMakeFiles/spi_master.dir/home/pzerg/VSARM/pico-sdk/lib/tinyusb/src/device/usbd.c.obj
                0x0000000010005924                usbd_edpt_xfer
 .text.usbd_edpt_stall
                0x00000000100059a4       0x40 CMakeFiles/spi_master.dir/home/pzerg/VSARM/pico-sdk/lib/tinyusb/src/device/usbd.c.obj
                0x00000000100059a4                usbd_edpt_stall
 .text.usbd_edpt_clear_stall
                0x00000000100059e4       0x40 CMakeFiles/spi_master.dir/home/pzerg/VSARM/pico-sdk/lib/tinyusb/src/device/usbd.c.obj
                0x00000000100059e4                usbd_edpt_clear_stall
 .text.usbd_edpt_stalled
                0x0000000010005a24       0x1c CMakeFiles/spi_master.dir/home/pzerg/VSARM/pico-sdk/lib/tinyusb/src/device/usbd.c.obj
                0x0000000010005a24                usbd_edpt_stalled
 .text.process_control_request
                0x0000000010005a40      0x3b0 CMakeFiles/spi_master.dir/home/pzerg/VSARM/pico-sdk/lib/tinyusb/src/device/usbd.c.obj
 .text.tud_task
                0x0000000010005df0      0x1f0 CMakeFiles/spi_master.dir/home/pzerg/VSARM/pico-sdk/lib/tinyusb/src/device/usbd.c.obj
                0x0000000010005df0                tud_task
 .text._status_stage_xact
                0x0000000010005fe0       0x1a CMakeFiles/spi_master.dir/home/pzerg/VSARM/pico-sdk/lib/tinyusb/src/device/usbd_control.c.obj
 *fill*         0x0000000010005ffa        0x2 
 .text._data_stage_xact
                0x0000000010005ffc       0x58 CMakeFiles/spi_master.dir/home/pzerg/VSARM/pico-sdk/lib/tinyusb/src/device/usbd_control.c.obj
 .text.tud_control_status
                0x0000000010006054       0x28 CMakeFiles/spi_master.dir/home/pzerg/VSARM/pico-sdk/lib/tinyusb/src/device/usbd_control.c.obj
                0x0000000010006054                tud_control_status
 .text.tud_control_xfer
                0x000000001000607c       0x98 CMakeFiles/spi_master.dir/home/pzerg/VSARM/pico-sdk/lib/tinyusb/src/device/usbd_control.c.obj
                0x000000001000607c                tud_control_xfer
 .text.usbd_control_reset
                0x0000000010006114       0x14 CMakeFiles/spi_master.dir/home/pzerg/VSARM/pico-sdk/lib/tinyusb/src/device/usbd_control.c.obj
                0x0000000010006114                usbd_control_reset
 .text.usbd_control_set_complete_callback
                0x0000000010006128        0xc CMakeFiles/spi_master.dir/home/pzerg/VSARM/pico-sdk/lib/tinyusb/src/device/usbd_control.c.obj
                0x0000000010006128                usbd_control_set_complete_callback
 .text.usbd_control_set_request
                0x0000000010006134       0x1c CMakeFiles/spi_master.dir/home/pzerg/VSARM/pico-sdk/lib/tinyusb/src/device/usbd_control.c.obj
                0x0000000010006134                usbd_control_set_request
 .text.usbd_control_xfer_cb
                0x0000000010006150       0xe8 CMakeFiles/spi_master.dir/home/pzerg/VSARM/pico-sdk/lib/tinyusb/src/device/usbd_control.c.obj
                0x0000000010006150                usbd_control_xfer_cb
 .text._prep_out_transaction
                0x0000000010006238       0x46 CMakeFiles/spi_master.dir/home/pzerg/VSARM/pico-sdk/lib/tinyusb/src/class/cdc/cdc_device.c.obj
 *fill*         0x000000001000627e        0x2 
 .text.tud_cdc_n_connected
                0x0000000010006280       0x38 CMakeFiles/spi_master.dir/home/pzerg/VSARM/pico-sdk/lib/tinyusb/src/class/cdc/cdc_device.c.obj
                0x0000000010006280                tud_cdc_n_connected
 .text.tud_cdc_n_available
                0x00000000100062b8       0x18 CMakeFiles/spi_master.dir/home/pzerg/VSARM/pico-sdk/lib/tinyusb/src/class/cdc/cdc_device.c.obj
                0x00000000100062b8                tud_cdc_n_available
 .text.tud_cdc_n_read
                0x00000000100062d0       0x28 CMakeFiles/spi_master.dir/home/pzerg/VSARM/pico-sdk/lib/tinyusb/src/class/cdc/cdc_device.c.obj
                0x00000000100062d0                tud_cdc_n_read
 .text.tud_cdc_n_write_flush
                0x00000000100062f8       0xcc CMakeFiles/spi_master.dir/home/pzerg/VSARM/pico-sdk/lib/tinyusb/src/class/cdc/cdc_device.c.obj
                0x00000000100062f8                tud_cdc_n_write_flush
 .text.tud_cdc_n_write
                0x00000000100063c4       0x38 CMakeFiles/spi_master.dir/home/pzerg/VSARM/pico-sdk/lib/tinyusb/src/class/cdc/cdc_device.c.obj
                0x00000000100063c4                tud_cdc_n_write
 .text.tud_cdc_n_write_available
                0x00000000100063fc       0x1c CMakeFiles/spi_master.dir/home/pzerg/VSARM/pico-sdk/lib/tinyusb/src/class/cdc/cdc_device.c.obj
                0x00000000100063fc                tud_cdc_n_write_available
 .text.cdcd_init
                0x0000000010006418       0xbc CMakeFiles/spi_master.dir/home/pzerg/VSARM/pico-sdk/lib/tinyusb/src/class/cdc/cdc_device.c.obj
                0x0000000010006418                cdcd_init
 .text.cdcd_reset
                0x00000000100064d4       0x44 CMakeFiles/spi_master.dir/home/pzerg/VSARM/pico-sdk/lib/tinyusb/src/class/cdc/cdc_device.c.obj
                0x00000000100064d4                cdcd_reset
 .text.cdcd_open
                0x0000000010006518       0xf0 CMakeFiles/spi_master.dir/home/pzerg/VSARM/pico-sdk/lib/tinyusb/src/class/cdc/cdc_device.c.obj
                0x0000000010006518                cdcd_open
 .text.cdcd_control_xfer_cb
                0x0000000010006608      0x134 CMakeFiles/spi_master.dir/home/pzerg/VSARM/pico-sdk/lib/tinyusb/src/class/cdc/cdc_device.c.obj
                0x0000000010006608                cdcd_control_xfer_cb
 .text.cdcd_xfer_cb
                0x000000001000673c      0x144 CMakeFiles/spi_master.dir/home/pzerg/VSARM/pico-sdk/lib/tinyusb/src/class/cdc/cdc_device.c.obj
                0x000000001000673c                cdcd_xfer_cb
 .text.tusb_init
                0x0000000010006880       0x24 CMakeFiles/spi_master.dir/home/pzerg/VSARM/pico-sdk/lib/tinyusb/src/tusb.c.obj
                0x0000000010006880                tusb_init
 .text.tusb_inited
                0x00000000100068a4        0xe CMakeFiles/spi_master.dir/home/pzerg/VSARM/pico-sdk/lib/tinyusb/src/tusb.c.obj
                0x00000000100068a4                tusb_inited
 *fill*         0x00000000100068b2        0x2 
 .text.tu_edpt_validate
                0x00000000100068b4       0xa8 CMakeFiles/spi_master.dir/home/pzerg/VSARM/pico-sdk/lib/tinyusb/src/tusb.c.obj
                0x00000000100068b4                tu_edpt_validate
 .text.tu_edpt_bind_driver
                0x000000001000695c       0x2a CMakeFiles/spi_master.dir/home/pzerg/VSARM/pico-sdk/lib/tinyusb/src/tusb.c.obj
                0x000000001000695c                tu_edpt_bind_driver
 .text.advance_pointer
                0x0000000010006986       0x18 CMakeFiles/spi_master.dir/home/pzerg/VSARM/pico-sdk/lib/tinyusb/src/common/tusb_fifo.c.obj
 .text.backward_pointer
                0x000000001000699e       0x1e CMakeFiles/spi_master.dir/home/pzerg/VSARM/pico-sdk/lib/tinyusb/src/common/tusb_fifo.c.obj
 .text.get_relative_pointer
                0x00000000100069bc       0x10 CMakeFiles/spi_master.dir/home/pzerg/VSARM/pico-sdk/lib/tinyusb/src/common/tusb_fifo.c.obj
 .text._tu_fifo_peek
                0x00000000100069cc       0x50 CMakeFiles/spi_master.dir/home/pzerg/VSARM/pico-sdk/lib/tinyusb/src/common/tusb_fifo.c.obj
 .text._ff_pull_const_addr
                0x0000000010006a1c       0x4c CMakeFiles/spi_master.dir/home/pzerg/VSARM/pico-sdk/lib/tinyusb/src/common/tusb_fifo.c.obj
 .text._ff_pull_n
                0x0000000010006a68      0x10c CMakeFiles/spi_master.dir/home/pzerg/VSARM/pico-sdk/lib/tinyusb/src/common/tusb_fifo.c.obj
 .text._tu_fifo_peek_n
                0x0000000010006b74       0x5e CMakeFiles/spi_master.dir/home/pzerg/VSARM/pico-sdk/lib/tinyusb/src/common/tusb_fifo.c.obj
 .text._tu_fifo_read_n
                0x0000000010006bd2       0x4e CMakeFiles/spi_master.dir/home/pzerg/VSARM/pico-sdk/lib/tinyusb/src/common/tusb_fifo.c.obj
 .text._ff_push_const_addr
                0x0000000010006c20       0x40 CMakeFiles/spi_master.dir/home/pzerg/VSARM/pico-sdk/lib/tinyusb/src/common/tusb_fifo.c.obj
 .text._ff_push_n
                0x0000000010006c60      0x108 CMakeFiles/spi_master.dir/home/pzerg/VSARM/pico-sdk/lib/tinyusb/src/common/tusb_fifo.c.obj
 .text._tu_fifo_write_n
                0x0000000010006d68       0x9e CMakeFiles/spi_master.dir/home/pzerg/VSARM/pico-sdk/lib/tinyusb/src/common/tusb_fifo.c.obj
 .text.tu_fifo_config
                0x0000000010006e06       0x72 CMakeFiles/spi_master.dir/home/pzerg/VSARM/pico-sdk/lib/tinyusb/src/common/tusb_fifo.c.obj
                0x0000000010006e06                tu_fifo_config
 .text.tu_fifo_count
                0x0000000010006e78       0x26 CMakeFiles/spi_master.dir/home/pzerg/VSARM/pico-sdk/lib/tinyusb/src/common/tusb_fifo.c.obj
                0x0000000010006e78                tu_fifo_count
 .text.tu_fifo_empty
                0x0000000010006e9e        0xe CMakeFiles/spi_master.dir/home/pzerg/VSARM/pico-sdk/lib/tinyusb/src/common/tusb_fifo.c.obj
                0x0000000010006e9e                tu_fifo_empty
 .text.tu_fifo_remaining
                0x0000000010006eac       0x20 CMakeFiles/spi_master.dir/home/pzerg/VSARM/pico-sdk/lib/tinyusb/src/common/tusb_fifo.c.obj
                0x0000000010006eac                tu_fifo_remaining
 .text.tu_fifo_read
                0x0000000010006ecc       0x42 CMakeFiles/spi_master.dir/home/pzerg/VSARM/pico-sdk/lib/tinyusb/src/common/tusb_fifo.c.obj
                0x0000000010006ecc                tu_fifo_read
 .text.tu_fifo_read_n
                0x0000000010006f0e        0xa CMakeFiles/spi_master.dir/home/pzerg/VSARM/pico-sdk/lib/tinyusb/src/common/tusb_fifo.c.obj
                0x0000000010006f0e                tu_fifo_read_n
 .text.tu_fifo_write
                0x0000000010006f18       0x6a CMakeFiles/spi_master.dir/home/pzerg/VSARM/pico-sdk/lib/tinyusb/src/common/tusb_fifo.c.obj
                0x0000000010006f18                tu_fifo_write
 .text.tu_fifo_write_n
                0x0000000010006f82        0xa CMakeFiles/spi_master.dir/home/pzerg/VSARM/pico-sdk/lib/tinyusb/src/common/tusb_fifo.c.obj
                0x0000000010006f82                tu_fifo_write_n
 .text.tu_fifo_clear
                0x0000000010006f8c       0x4c CMakeFiles/spi_master.dir/home/pzerg/VSARM/pico-sdk/lib/tinyusb/src/common/tusb_fifo.c.obj
                0x0000000010006f8c                tu_fifo_clear
 .text.tu_fifo_set_overwritable
                0x0000000010006fd8       0x3c CMakeFiles/spi_master.dir/home/pzerg/VSARM/pico-sdk/lib/tinyusb/src/common/tusb_fifo.c.obj
                0x0000000010006fd8                tu_fifo_set_overwritable
 .text._retrieve_unique_id_on_boot
                0x0000000010007014       0x10 CMakeFiles/spi_master.dir/home/pzerg/VSARM/pico-sdk/src/rp2_common/pico_unique_id/unique_id.c.obj
 .text.pico_get_unique_board_id_string
                0x0000000010007024       0x5c CMakeFiles/spi_master.dir/home/pzerg/VSARM/pico-sdk/src/rp2_common/pico_unique_id/unique_id.c.obj
                0x0000000010007024                pico_get_unique_board_id_string
 .text.flash_get_unique_id
                0x0000000010007080       0x46 CMakeFiles/spi_master.dir/home/pzerg/VSARM/pico-sdk/src/rp2_common/hardware_flash/flash.c.obj
                0x0000000010007080                flash_get_unique_id
 *fill*         0x00000000100070c6        0x2 
 .text.adc_init
                0x00000000100070c8       0x34 CMakeFiles/spi_master.dir/home/pzerg/VSARM/pico-sdk/src/rp2_common/hardware_adc/adc.c.obj
                0x00000000100070c8                adc_init
 .text.spi_set_baudrate
                0x00000000100070fc       0x92 CMakeFiles/spi_master.dir/home/pzerg/VSARM/pico-sdk/src/rp2_common/hardware_spi/spi.c.obj
                0x00000000100070fc                spi_set_baudrate
 *fill*         0x000000001000718e        0x2 
 .text.spi_init
                0x0000000010007190       0x68 CMakeFiles/spi_master.dir/home/pzerg/VSARM/pico-sdk/src/rp2_common/hardware_spi/spi.c.obj
                0x0000000010007190                spi_init
 .text.atexit   0x00000000100071f8       0x10 /usr/lib/gcc/arm-none-eabi/12.1.0/../../../../arm-none-eabi/lib/thumb/v6-m/nofp/libg.a(lib_a-atexit.o)
                0x00000000100071f8                atexit
 .text.__libc_fini_array
                0x0000000010007208       0x28 /usr/lib/gcc/arm-none-eabi/12.1.0/../../../../arm-none-eabi/lib/thumb/v6-m/nofp/libg.a(lib_a-fini.o)
                0x0000000010007208                __libc_fini_array
 .text.strlen   0x0000000010007230       0x5c /usr/lib/gcc/arm-none-eabi/12.1.0/../../../../arm-none-eabi/lib/thumb/v6-m/nofp/libg.a(lib_a-strlen-stub.o)
                0x0000000010007230                strlen
 .text.__register_exitproc
                0x000000001000728c       0xac /usr/lib/gcc/arm-none-eabi/12.1.0/../../../../arm-none-eabi/lib/thumb/v6-m/nofp/libg.a(lib_a-__atexit.o)
                0x000000001000728c                __register_exitproc
 .text.startup.register_fini
                0x0000000010007338       0x18 /usr/lib/gcc/arm-none-eabi/12.1.0/../../../../arm-none-eabi/lib/thumb/v6-m/nofp/libg.a(lib_a-__call_atexit.o)
 .text.__retarget_lock_acquire_recursive
                0x0000000010007350        0x4 /usr/lib/gcc/arm-none-eabi/12.1.0/../../../../arm-none-eabi/lib/thumb/v6-m/nofp/libg.a(lib_a-lock.o)
                0x0000000010007350                __retarget_lock_acquire_recursive
 .text.__retarget_lock_release_recursive
                0x0000000010007354        0x4 /usr/lib/gcc/arm-none-eabi/12.1.0/../../../../arm-none-eabi/lib/thumb/v6-m/nofp/libg.a(lib_a-lock.o)
                0x0000000010007354                __retarget_lock_release_recursive
 *(.fini)
 .fini          0x0000000010007358        0x4 /usr/lib/gcc/arm-none-eabi/12.1.0/thumb/v6-m/nofp/crti.o
                0x0000000010007358                _fini
 *fill*         0x000000001000735c        0x4 
 .fini.__stub   0x0000000010007360       0x80 linker stubs
 *crtbegin.o(.ctors)
 *crtbegin?.o(.ctors)
 *(EXCLUDE_FILE(*crtend.o *crtend?.o) .ctors)
 *(SORT_BY_NAME(.ctors.*))
 *(.ctors)
 *crtbegin.o(.dtors)
 *crtbegin?.o(.dtors)
 *(EXCLUDE_FILE(*crtend.o *crtend?.o) .dtors)
 *(SORT_BY_NAME(.dtors.*))
 *(.dtors)
 *(.eh_frame*)
 .eh_frame      0x00000000100073e0        0x0 /usr/lib/gcc/arm-none-eabi/12.1.0/thumb/v6-m/nofp/crtbegin.o
                0x00000000100073e0                . = ALIGN (0x4)

.glue_7         0x00000000100073e0        0x0
 .glue_7        0x00000000100073e0        0x0 linker stubs

.glue_7t        0x00000000100073e0        0x0
 .glue_7t       0x00000000100073e0        0x0 linker stubs

.vfp11_veneer   0x00000000100073e0        0x0
 .vfp11_veneer  0x00000000100073e0        0x0 linker stubs

.v4_bx          0x00000000100073e0        0x0
 .v4_bx         0x00000000100073e0        0x0 linker stubs

.iplt           0x00000000100073e0        0x0
 .iplt          0x00000000100073e0        0x0 /usr/lib/gcc/arm-none-eabi/12.1.0/thumb/v6-m/nofp/crtbegin.o

.rodata         0x00000000100073e0     0x1490
 *(EXCLUDE_FILE(*libm.a: *libc.a:*lib_a-mem*.o *libgcc.a:) .rodata*)
 .rodata.set_speed.str1.4
                0x00000000100073e0       0x13 CMakeFiles/spi_master.dir/main.c.obj
 *fill*         0x00000000100073f3        0x1 
 .rodata.main.str1.4
                0x00000000100073f4        0xb CMakeFiles/spi_master.dir/main.c.obj
 *fill*         0x00000000100073ff        0x1 
 .rodata.spin_lock_claim_unused.str1.4
                0x0000000010007400       0x1b CMakeFiles/spi_master.dir/home/pzerg/VSARM/pico-sdk/src/rp2_common/hardware_sync/sync.c.obj
 *fill*         0x000000001000741b        0x1 
 .rodata.get_entry.str1.4
                0x000000001000741c       0x5b CMakeFiles/spi_master.dir/home/pzerg/VSARM/pico-sdk/src/common/pico_time/time.c.obj
 *fill*         0x0000000010007477        0x1 
 .rodata.update_us_since_boot.str1.4
                0x0000000010007478       0x61 CMakeFiles/spi_master.dir/home/pzerg/VSARM/pico-sdk/src/common/pico_time/time.c.obj
 *fill*         0x00000000100074d9        0x3 
 .rodata.ph_get_node.str1.4
                0x00000000100074dc       0x66 CMakeFiles/spi_master.dir/home/pzerg/VSARM/pico-sdk/src/common/pico_time/time.c.obj
 *fill*         0x0000000010007542        0x2 
 .rodata.ph_add_child_node.str1.4
                0x0000000010007544       0x2e CMakeFiles/spi_master.dir/home/pzerg/VSARM/pico-sdk/src/common/pico_time/time.c.obj
 *fill*         0x0000000010007572        0x2 
 .rodata.ph_insert_node.str1.4
                0x0000000010007574        0x3 CMakeFiles/spi_master.dir/home/pzerg/VSARM/pico-sdk/src/common/pico_time/time.c.obj
 *fill*         0x0000000010007577        0x1 
 .rodata.ph_free_node.str1.4
                0x0000000010007578       0x22 CMakeFiles/spi_master.dir/home/pzerg/VSARM/pico-sdk/src/common/pico_time/time.c.obj
 *fill*         0x000000001000759a        0x2 
 .rodata.add_alarm_under_lock.str1.4
                0x000000001000759c       0x28 CMakeFiles/spi_master.dir/home/pzerg/VSARM/pico-sdk/src/common/pico_time/time.c.obj
 .rodata.alarm_pool_alarm_callback.str1.4
                0x00000000100075c4       0x60 CMakeFiles/spi_master.dir/home/pzerg/VSARM/pico-sdk/src/common/pico_time/time.c.obj
 .rodata.alarm_pool_get_default.str1.4
                0x0000000010007624       0x21 CMakeFiles/spi_master.dir/home/pzerg/VSARM/pico-sdk/src/common/pico_time/time.c.obj
 *fill*         0x0000000010007645        0x3 
 .rodata.alarm_pool_cancel_alarm.str1.4
                0x0000000010007648       0x27 CMakeFiles/spi_master.dir/home/pzerg/VSARM/pico-sdk/src/common/pico_time/time.c.obj
 *fill*         0x000000001000766f        0x1 
 .rodata.sleep_until.str1.4
                0x0000000010007670       0x4d CMakeFiles/spi_master.dir/home/pzerg/VSARM/pico-sdk/src/common/pico_time/time.c.obj
 *fill*         0x00000000100076bd        0x3 
 .rodata.__func__.1
                0x00000000100076c0       0x18 CMakeFiles/spi_master.dir/home/pzerg/VSARM/pico-sdk/src/common/pico_time/time.c.obj
 .rodata.__func__.3
                0x00000000100076d8       0x17 CMakeFiles/spi_master.dir/home/pzerg/VSARM/pico-sdk/src/common/pico_time/time.c.obj
 *fill*         0x00000000100076ef        0x1 
 .rodata.__func__.4
                0x00000000100076f0       0x12 CMakeFiles/spi_master.dir/home/pzerg/VSARM/pico-sdk/src/common/pico_time/time.c.obj
 *fill*         0x0000000010007702        0x2 
 .rodata.__func__.5
                0x0000000010007704        0xd CMakeFiles/spi_master.dir/home/pzerg/VSARM/pico-sdk/src/common/pico_time/time.c.obj
 *fill*         0x0000000010007711        0x3 
 .rodata.__func__.6
                0x0000000010007714       0x12 CMakeFiles/spi_master.dir/home/pzerg/VSARM/pico-sdk/src/common/pico_time/time.c.obj
 *fill*         0x0000000010007726        0x2 
 .rodata.__func__.7
                0x0000000010007728        0xf CMakeFiles/spi_master.dir/home/pzerg/VSARM/pico-sdk/src/common/pico_time/time.c.obj
 *fill*         0x0000000010007737        0x1 
 .rodata.__func__.8
                0x0000000010007738        0xc CMakeFiles/spi_master.dir/home/pzerg/VSARM/pico-sdk/src/common/pico_time/time.c.obj
 .rodata.__func__.9
                0x0000000010007744       0x15 CMakeFiles/spi_master.dir/home/pzerg/VSARM/pico-sdk/src/common/pico_time/time.c.obj
 *fill*         0x0000000010007759        0x3 
 .rodata.__func__.10
                0x000000001000775c       0x15 CMakeFiles/spi_master.dir/home/pzerg/VSARM/pico-sdk/src/common/pico_time/time.c.obj
 *fill*         0x0000000010007771        0x3 
 .rodata.__func__.11
                0x0000000010007774       0x1a CMakeFiles/spi_master.dir/home/pzerg/VSARM/pico-sdk/src/common/pico_time/time.c.obj
 *fill*         0x000000001000778e        0x2 
 .rodata.__func__.12
                0x0000000010007790        0xa CMakeFiles/spi_master.dir/home/pzerg/VSARM/pico-sdk/src/common/pico_time/time.c.obj
 *fill*         0x000000001000779a        0x2 
 .rodata.hardware_alarm_claim.str1.4
                0x000000001000779c       0x22 CMakeFiles/spi_master.dir/home/pzerg/VSARM/pico-sdk/src/rp2_common/hardware_timer/timer.c.obj
 *fill*         0x00000000100077be        0x2 
 .rodata.hardware_alarm_set_target.str1.4
                0x00000000100077c0       0x65 CMakeFiles/spi_master.dir/home/pzerg/VSARM/pico-sdk/src/rp2_common/hardware_timer/timer.c.obj
 *fill*         0x0000000010007825        0x3 
 .rodata.__func__.0
                0x0000000010007828       0x1a CMakeFiles/spi_master.dir/home/pzerg/VSARM/pico-sdk/src/rp2_common/hardware_timer/timer.c.obj
 .rodata.update_us_since_boot.str1.4
                0x0000000010007842       0x61 CMakeFiles/spi_master.dir/home/pzerg/VSARM/pico-sdk/src/common/pico_sync/mutex.c.obj
 *fill*         0x0000000010007842        0x2 
 .rodata.str1.4
                0x0000000010007844       0x89 CMakeFiles/spi_master.dir/home/pzerg/VSARM/pico-sdk/src/common/pico_sync/mutex.c.obj
 *fill*         0x00000000100078cd        0x3 
 .rodata.__func__.1
                0x00000000100078d0        0xb CMakeFiles/spi_master.dir/home/pzerg/VSARM/pico-sdk/src/common/pico_sync/mutex.c.obj
 *fill*         0x00000000100078db        0x1 
 .rodata.__func__.3
                0x00000000100078dc       0x18 CMakeFiles/spi_master.dir/home/pzerg/VSARM/pico-sdk/src/common/pico_sync/mutex.c.obj
 .rodata.__func__.4
                0x00000000100078f4       0x15 CMakeFiles/spi_master.dir/home/pzerg/VSARM/pico-sdk/src/common/pico_sync/mutex.c.obj
 .rodata.ph_get_node.str1.4
                0x0000000010007909       0x66 CMakeFiles/spi_master.dir/home/pzerg/VSARM/pico-sdk/src/common/pico_util/pheap.c.obj
 .rodata.ph_add_child_node.str1.4
                0x0000000010007909       0x2e CMakeFiles/spi_master.dir/home/pzerg/VSARM/pico-sdk/src/common/pico_util/pheap.c.obj
 *fill*         0x0000000010007909        0x3 
 .rodata.ph_remove_any_head.str1.4
                0x000000001000790c       0x8c CMakeFiles/spi_master.dir/home/pzerg/VSARM/pico-sdk/src/common/pico_util/pheap.c.obj
 .rodata.ph_remove_and_free_node.str1.4
                0x0000000010007998       0x26 CMakeFiles/spi_master.dir/home/pzerg/VSARM/pico-sdk/src/common/pico_util/pheap.c.obj
 *fill*         0x00000000100079be        0x2 
 .rodata.__func__.0
                0x00000000100079c0       0x18 CMakeFiles/spi_master.dir/home/pzerg/VSARM/pico-sdk/src/common/pico_util/pheap.c.obj
 .rodata.__func__.1
                0x00000000100079d8       0x13 CMakeFiles/spi_master.dir/home/pzerg/VSARM/pico-sdk/src/common/pico_util/pheap.c.obj
 *fill*         0x00000000100079eb        0x1 
 .rodata.__func__.2
                0x00000000100079ec       0x12 CMakeFiles/spi_master.dir/home/pzerg/VSARM/pico-sdk/src/common/pico_util/pheap.c.obj
 *fill*         0x00000000100079fe        0x2 
 .rodata.__func__.3
                0x0000000010007a00        0xc CMakeFiles/spi_master.dir/home/pzerg/VSARM/pico-sdk/src/common/pico_util/pheap.c.obj
 .rodata.__assert_func.str1.4
                0x0000000010007a0c       0x3f CMakeFiles/spi_master.dir/home/pzerg/VSARM/pico-sdk/src/rp2_common/pico_runtime/runtime.c.obj
                                         0x43 (size before relaxing)
 *fill*         0x0000000010007a4b        0x1 
 .rodata.runtime_init.str1.4
                0x0000000010007a4c       0x61 CMakeFiles/spi_master.dir/home/pzerg/VSARM/pico-sdk/src/rp2_common/pico_runtime/runtime.c.obj
 *fill*         0x0000000010007aad        0x3 
 .rodata.panic.str1.4
                0x0000000010007ab0       0x12 CMakeFiles/spi_master.dir/home/pzerg/VSARM/pico-sdk/src/rp2_common/pico_runtime/runtime.c.obj
 *fill*         0x0000000010007ac2        0x2 
 .rodata.__func__.1
                0x0000000010007ac4        0xd CMakeFiles/spi_master.dir/home/pzerg/VSARM/pico-sdk/src/rp2_common/pico_runtime/runtime.c.obj
 *fill*         0x0000000010007ad1        0x3 
 .rodata.clock_configure.str1.4
                0x0000000010007ad4       0x57 CMakeFiles/spi_master.dir/home/pzerg/VSARM/pico-sdk/src/rp2_common/hardware_clocks/clocks.c.obj
 *fill*         0x0000000010007b2b        0x1 
 .rodata.__func__.1
                0x0000000010007b2c       0x10 CMakeFiles/spi_master.dir/home/pzerg/VSARM/pico-sdk/src/rp2_common/hardware_clocks/clocks.c.obj
 .rodata.resolve_branch.str1.4
                0x0000000010007b3c       0x55 CMakeFiles/spi_master.dir/home/pzerg/VSARM/pico-sdk/src/rp2_common/hardware_irq/irq.c.obj
 *fill*         0x0000000010007b91        0x3 
 .rodata.make_branch.str1.4
                0x0000000010007b94       0x10 CMakeFiles/spi_master.dir/home/pzerg/VSARM/pico-sdk/src/rp2_common/hardware_irq/irq.c.obj
 .rodata.irq_set_exclusive_handler.str1.4
                0x0000000010007ba4       0x36 CMakeFiles/spi_master.dir/home/pzerg/VSARM/pico-sdk/src/rp2_common/hardware_irq/irq.c.obj
 *fill*         0x0000000010007bda        0x2 
 .rodata.irq_remove_handler.str1.4
                0x0000000010007bdc       0x2a CMakeFiles/spi_master.dir/home/pzerg/VSARM/pico-sdk/src/rp2_common/hardware_irq/irq.c.obj
 *fill*         0x0000000010007c06        0x2 
 .rodata.irq_add_tail_to_free_list.str1.4
                0x0000000010007c08       0x32 CMakeFiles/spi_master.dir/home/pzerg/VSARM/pico-sdk/src/rp2_common/hardware_irq/irq.c.obj
                                         0x3a (size before relaxing)
 *fill*         0x0000000010007c3a        0x2 
 .rodata.__func__.0
                0x0000000010007c3c       0x1a CMakeFiles/spi_master.dir/home/pzerg/VSARM/pico-sdk/src/rp2_common/hardware_irq/irq.c.obj
 *fill*         0x0000000010007c56        0x2 
 .rodata.__func__.1
                0x0000000010007c58       0x17 CMakeFiles/spi_master.dir/home/pzerg/VSARM/pico-sdk/src/rp2_common/hardware_irq/irq.c.obj
 *fill*         0x0000000010007c6f        0x1 
 .rodata.__func__.2
                0x0000000010007c70       0x13 CMakeFiles/spi_master.dir/home/pzerg/VSARM/pico-sdk/src/rp2_common/hardware_irq/irq.c.obj
 *fill*         0x0000000010007c83        0x1 
 .rodata.__func__.3
                0x0000000010007c84        0xc CMakeFiles/spi_master.dir/home/pzerg/VSARM/pico-sdk/src/rp2_common/hardware_irq/irq.c.obj
 .rodata.__func__.4
                0x0000000010007c90        0xf CMakeFiles/spi_master.dir/home/pzerg/VSARM/pico-sdk/src/rp2_common/hardware_irq/irq.c.obj
 *fill*         0x0000000010007c9f        0x1 
 .rodata.__func__.6
                0x0000000010007ca0       0x1a CMakeFiles/spi_master.dir/home/pzerg/VSARM/pico-sdk/src/rp2_common/hardware_irq/irq.c.obj
 *fill*         0x0000000010007cba        0x2 
 .rodata.pll_init.str1.4
                0x0000000010007cbc       0xdb CMakeFiles/spi_master.dir/home/pzerg/VSARM/pico-sdk/src/rp2_common/hardware_pll/pll.c.obj
 *fill*         0x0000000010007d97        0x1 
 .rodata.__func__.0
                0x0000000010007d98        0x9 CMakeFiles/spi_master.dir/home/pzerg/VSARM/pico-sdk/src/rp2_common/hardware_pll/pll.c.obj
 *fill*         0x0000000010007da1        0x3 
 .rodata._ftoa.str1.4
                0x0000000010007da4       0x15 CMakeFiles/spi_master.dir/home/pzerg/VSARM/pico-sdk/src/rp2_common/pico_printf/printf.c.obj
 *fill*         0x0000000010007db9        0x3 
 .rodata._vsnprintf
                0x0000000010007dbc      0x19c CMakeFiles/spi_master.dir/home/pzerg/VSARM/pico-sdk/src/rp2_common/pico_printf/printf.c.obj
 .rodata.pow10.0
                0x0000000010007f58       0x50 CMakeFiles/spi_master.dir/home/pzerg/VSARM/pico-sdk/src/rp2_common/pico_printf/printf.c.obj
 .rodata.__aeabi_double_init.str1.4
                0x0000000010007fa8       0xa8 CMakeFiles/spi_master.dir/home/pzerg/VSARM/pico-sdk/src/rp2_common/pico_double/double_init_rom.c.obj
 .rodata.__func__.0
                0x0000000010008050       0x14 CMakeFiles/spi_master.dir/home/pzerg/VSARM/pico-sdk/src/rp2_common/pico_double/double_init_rom.c.obj
 .rodata.__aeabi_float_init.str1.4
                0x0000000010008064       0x7a CMakeFiles/spi_master.dir/home/pzerg/VSARM/pico-sdk/src/rp2_common/pico_float/float_init_rom.c.obj
                                         0x7e (size before relaxing)
 *fill*         0x00000000100080de        0x2 
 .rodata.__func__.0
                0x00000000100080e0       0x13 CMakeFiles/spi_master.dir/home/pzerg/VSARM/pico-sdk/src/rp2_common/pico_float/float_init_rom.c.obj
 *fill*         0x00000000100080f3        0x1 
 .rodata.str1.4
                0x00000000100080f4       0x40 CMakeFiles/spi_master.dir/home/pzerg/VSARM/pico-sdk/src/rp2_common/pico_standard_link/binary_info.c.obj
 .rodata.__bi_81
                0x0000000010008134        0xc CMakeFiles/spi_master.dir/home/pzerg/VSARM/pico-sdk/src/rp2_common/pico_standard_link/binary_info.c.obj
 .rodata.__bi_75
                0x0000000010008140        0xc CMakeFiles/spi_master.dir/home/pzerg/VSARM/pico-sdk/src/rp2_common/pico_standard_link/binary_info.c.obj
 .rodata.__bi_44
                0x000000001000814c        0xc CMakeFiles/spi_master.dir/home/pzerg/VSARM/pico-sdk/src/rp2_common/pico_standard_link/binary_info.c.obj
 .rodata.crlf_str.3
                0x0000000010008158        0x2 CMakeFiles/spi_master.dir/home/pzerg/VSARM/pico-sdk/src/rp2_common/pico_stdio/stdio.c.obj
 *fill*         0x000000001000815a        0x2 
 .rodata._resetd_driver
                0x000000001000815c       0x18 CMakeFiles/spi_master.dir/home/pzerg/VSARM/pico-sdk/src/rp2_common/pico_stdio_usb/reset_interface.c.obj
 .rodata.update_us_since_boot.str1.4
                0x0000000010008174       0x61 CMakeFiles/spi_master.dir/home/pzerg/VSARM/pico-sdk/src/rp2_common/pico_stdio_usb/stdio_usb.c.obj
 .rodata.__func__.0
                0x0000000010008174       0x15 CMakeFiles/spi_master.dir/home/pzerg/VSARM/pico-sdk/src/rp2_common/pico_stdio_usb/stdio_usb.c.obj
 *fill*         0x0000000010008189        0x3 
 .rodata.str1.4
                0x000000001000818c       0x13 CMakeFiles/spi_master.dir/home/pzerg/VSARM/pico-sdk/src/rp2_common/pico_stdio_usb/stdio_usb.c.obj
 *fill*         0x000000001000819f        0x1 
 .rodata.__bi_93.1
                0x00000000100081a0        0xc CMakeFiles/spi_master.dir/home/pzerg/VSARM/pico-sdk/src/rp2_common/pico_stdio_usb/stdio_usb.c.obj
 .rodata.str1.4
                0x00000000100081ac       0x2a CMakeFiles/spi_master.dir/home/pzerg/VSARM/pico-sdk/src/rp2_common/pico_stdio_usb/stdio_usb_descriptors.c.obj
 *fill*         0x00000000100081d6        0x2 
 .rodata.usbd_desc_str
                0x00000000100081d8       0x18 CMakeFiles/spi_master.dir/home/pzerg/VSARM/pico-sdk/src/rp2_common/pico_stdio_usb/stdio_usb_descriptors.c.obj
 .rodata.usbd_desc_cfg
                0x00000000100081f0       0x54 CMakeFiles/spi_master.dir/home/pzerg/VSARM/pico-sdk/src/rp2_common/pico_stdio_usb/stdio_usb_descriptors.c.obj
 .rodata.usbd_desc_device
                0x0000000010008244       0x12 CMakeFiles/spi_master.dir/home/pzerg/VSARM/pico-sdk/src/rp2_common/pico_stdio_usb/stdio_usb_descriptors.c.obj
 *fill*         0x0000000010008256        0x2 
 .rodata._hw_endpoint_alloc.str1.4
                0x0000000010008258       0xb5 CMakeFiles/spi_master.dir/home/pzerg/VSARM/pico-sdk/lib/tinyusb/src/portable/raspberrypi/rp2040/dcd_rp2040.c.obj
 *fill*         0x000000001000830d        0x3 
 .rodata.dcd_rp2040_irq.str1.4
                0x0000000010008310       0x14 CMakeFiles/spi_master.dir/home/pzerg/VSARM/pico-sdk/lib/tinyusb/src/portable/raspberrypi/rp2040/dcd_rp2040.c.obj
 .rodata.dcd_int_enable.str1.4
                0x0000000010008324        0xc CMakeFiles/spi_master.dir/home/pzerg/VSARM/pico-sdk/lib/tinyusb/src/portable/raspberrypi/rp2040/dcd_rp2040.c.obj
 .rodata.__func__.0
                0x0000000010008330        0xe CMakeFiles/spi_master.dir/home/pzerg/VSARM/pico-sdk/lib/tinyusb/src/portable/raspberrypi/rp2040/dcd_rp2040.c.obj
 *fill*         0x000000001000833e        0x2 
 .rodata.__func__.1
                0x0000000010008340        0xe CMakeFiles/spi_master.dir/home/pzerg/VSARM/pico-sdk/lib/tinyusb/src/portable/raspberrypi/rp2040/dcd_rp2040.c.obj
 *fill*         0x000000001000834e        0x2 
 .rodata.__func__.3
                0x0000000010008350       0x10 CMakeFiles/spi_master.dir/home/pzerg/VSARM/pico-sdk/lib/tinyusb/src/portable/raspberrypi/rp2040/dcd_rp2040.c.obj
 .rodata.__func__.5
                0x0000000010008360        0xf CMakeFiles/spi_master.dir/home/pzerg/VSARM/pico-sdk/lib/tinyusb/src/portable/raspberrypi/rp2040/dcd_rp2040.c.obj
 *fill*         0x000000001000836f        0x1 
 .rodata.__func__.6
                0x0000000010008370       0x13 CMakeFiles/spi_master.dir/home/pzerg/VSARM/pico-sdk/lib/tinyusb/src/portable/raspberrypi/rp2040/dcd_rp2040.c.obj
 *fill*         0x0000000010008383        0x1 
 .rodata.__func__.7
                0x0000000010008384        0x9 CMakeFiles/spi_master.dir/home/pzerg/VSARM/pico-sdk/lib/tinyusb/src/portable/raspberrypi/rp2040/dcd_rp2040.c.obj
 *fill*         0x000000001000838d        0x3 
 .rodata.sync_ep_buffer.str1.4
                0x0000000010008390       0x91 CMakeFiles/spi_master.dir/home/pzerg/VSARM/pico-sdk/lib/tinyusb/src/portable/raspberrypi/rp2040/rp2040_usb.c.obj
 *fill*         0x0000000010008421        0x3 
 .rodata._hw_endpoint_buffer_control_update32.str1.4
                0x0000000010008424       0x1f CMakeFiles/spi_master.dir/home/pzerg/VSARM/pico-sdk/lib/tinyusb/src/portable/raspberrypi/rp2040/rp2040_usb.c.obj
 *fill*         0x0000000010008443        0x1 
 .rodata.hw_endpoint_xfer_start.str1.4
                0x0000000010008444       0x38 CMakeFiles/spi_master.dir/home/pzerg/VSARM/pico-sdk/lib/tinyusb/src/portable/raspberrypi/rp2040/rp2040_usb.c.obj
 .rodata.hw_endpoint_xfer_continue.str1.4
                0x000000001000847c       0x29 CMakeFiles/spi_master.dir/home/pzerg/VSARM/pico-sdk/lib/tinyusb/src/portable/raspberrypi/rp2040/rp2040_usb.c.obj
 *fill*         0x00000000100084a5        0x3 
 .rodata.__func__.0
                0x00000000100084a8        0xf CMakeFiles/spi_master.dir/home/pzerg/VSARM/pico-sdk/lib/tinyusb/src/portable/raspberrypi/rp2040/rp2040_usb.c.obj
 *fill*         0x00000000100084b7        0x1 
 .rodata.str1.4
                0x00000000100084b8        0x7 CMakeFiles/spi_master.dir/home/pzerg/VSARM/pico-sdk/lib/tinyusb/src/portable/raspberrypi/rp2040/rp2040_usb.c.obj
 *fill*         0x00000000100084bf        0x1 
 .rodata.process_set_config.str1.4
                0x00000000100084c0       0x17 CMakeFiles/spi_master.dir/home/pzerg/VSARM/pico-sdk/lib/tinyusb/src/device/usbd.c.obj
 *fill*         0x00000000100084d7        0x1 
 .rodata.process_get_descriptor
                0x00000000100084d8       0x40 CMakeFiles/spi_master.dir/home/pzerg/VSARM/pico-sdk/lib/tinyusb/src/device/usbd.c.obj
 .rodata.process_control_request
                0x0000000010008518       0x28 CMakeFiles/spi_master.dir/home/pzerg/VSARM/pico-sdk/lib/tinyusb/src/device/usbd.c.obj
 .rodata.tud_task
                0x0000000010008540       0x24 CMakeFiles/spi_master.dir/home/pzerg/VSARM/pico-sdk/lib/tinyusb/src/device/usbd.c.obj
 .rodata.__func__.2
                0x0000000010008564        0xf CMakeFiles/spi_master.dir/home/pzerg/VSARM/pico-sdk/lib/tinyusb/src/device/usbd.c.obj
 *fill*         0x0000000010008573        0x1 
 .rodata.__func__.3
                0x0000000010008574        0xf CMakeFiles/spi_master.dir/home/pzerg/VSARM/pico-sdk/lib/tinyusb/src/device/usbd.c.obj
 *fill*         0x0000000010008583        0x1 
 .rodata.__func__.4
                0x0000000010008584       0x14 CMakeFiles/spi_master.dir/home/pzerg/VSARM/pico-sdk/lib/tinyusb/src/device/usbd.c.obj
 .rodata.__func__.5
                0x0000000010008598       0x10 CMakeFiles/spi_master.dir/home/pzerg/VSARM/pico-sdk/lib/tinyusb/src/device/usbd.c.obj
 .rodata.__func__.6
                0x00000000100085a8       0x17 CMakeFiles/spi_master.dir/home/pzerg/VSARM/pico-sdk/lib/tinyusb/src/device/usbd.c.obj
 *fill*         0x00000000100085bf        0x1 
 .rodata.__func__.7
                0x00000000100085c0       0x13 CMakeFiles/spi_master.dir/home/pzerg/VSARM/pico-sdk/lib/tinyusb/src/device/usbd.c.obj
 *fill*         0x00000000100085d3        0x1 
 .rodata.__func__.8
                0x00000000100085d4       0x18 CMakeFiles/spi_master.dir/home/pzerg/VSARM/pico-sdk/lib/tinyusb/src/device/usbd.c.obj
 .rodata.__func__.9
                0x00000000100085ec        0x9 CMakeFiles/spi_master.dir/home/pzerg/VSARM/pico-sdk/lib/tinyusb/src/device/usbd.c.obj
 *fill*         0x00000000100085f5        0x3 
 .rodata._usbd_driver
                0x00000000100085f8       0x18 CMakeFiles/spi_master.dir/home/pzerg/VSARM/pico-sdk/lib/tinyusb/src/device/usbd.c.obj
 .rodata.tud_control_xfer.str1.4
                0x0000000010008610       0x17 CMakeFiles/spi_master.dir/home/pzerg/VSARM/pico-sdk/lib/tinyusb/src/device/usbd_control.c.obj
 .rodata.__func__.0
                0x0000000010008610       0x15 CMakeFiles/spi_master.dir/home/pzerg/VSARM/pico-sdk/lib/tinyusb/src/device/usbd_control.c.obj
 *fill*         0x0000000010008625        0x3 
 .rodata.__func__.1
                0x0000000010008628       0x11 CMakeFiles/spi_master.dir/home/pzerg/VSARM/pico-sdk/lib/tinyusb/src/device/usbd_control.c.obj
 .rodata.tud_cdc_n_write_flush.str1.4
                0x0000000010008639       0x17 CMakeFiles/spi_master.dir/home/pzerg/VSARM/pico-sdk/lib/tinyusb/src/class/cdc/cdc_device.c.obj
 *fill*         0x0000000010008639        0x3 
 .rodata.__func__.0
                0x000000001000863c        0xd CMakeFiles/spi_master.dir/home/pzerg/VSARM/pico-sdk/lib/tinyusb/src/class/cdc/cdc_device.c.obj
 *fill*         0x0000000010008649        0x3 
 .rodata.__func__.1
                0x000000001000864c        0xa CMakeFiles/spi_master.dir/home/pzerg/VSARM/pico-sdk/lib/tinyusb/src/class/cdc/cdc_device.c.obj
 *fill*         0x0000000010008656        0x2 
 .rodata.__func__.2
                0x0000000010008658       0x16 CMakeFiles/spi_master.dir/home/pzerg/VSARM/pico-sdk/lib/tinyusb/src/class/cdc/cdc_device.c.obj
 .rodata.tusb_init.str1.4
                0x000000001000866e       0x17 CMakeFiles/spi_master.dir/home/pzerg/VSARM/pico-sdk/lib/tinyusb/src/tusb.c.obj
 *fill*         0x000000001000866e        0x2 
 .rodata.__func__.0
                0x0000000010008670       0x11 CMakeFiles/spi_master.dir/home/pzerg/VSARM/pico-sdk/lib/tinyusb/src/tusb.c.obj
 *fill*         0x0000000010008681        0x3 
 .rodata.__func__.1
                0x0000000010008684        0xa CMakeFiles/spi_master.dir/home/pzerg/VSARM/pico-sdk/lib/tinyusb/src/tusb.c.obj
 *fill*         0x000000001000868e        0x2 
 .rodata.pico_get_unique_board_id_string.str1.4
                0x0000000010008690       0x4d CMakeFiles/spi_master.dir/home/pzerg/VSARM/pico-sdk/src/rp2_common/pico_unique_id/unique_id.c.obj
 *fill*         0x00000000100086dd        0x3 
 .rodata.__func__.0
                0x00000000100086e0       0x20 CMakeFiles/spi_master.dir/home/pzerg/VSARM/pico-sdk/src/rp2_common/pico_unique_id/unique_id.c.obj
 .rodata.str1.4
                0x0000000010008700      0x15a CMakeFiles/spi_master.dir/home/pzerg/VSARM/pico-sdk/src/rp2_common/hardware_flash/flash.c.obj
 *fill*         0x000000001000885a        0x2 
 .rodata.__func__.0
                0x000000001000885c        0xd CMakeFiles/spi_master.dir/home/pzerg/VSARM/pico-sdk/src/rp2_common/hardware_flash/flash.c.obj
 *fill*         0x0000000010008869        0x3 
 .rodata._global_impure_ptr
                0x000000001000886c        0x4 /usr/lib/gcc/arm-none-eabi/12.1.0/../../../../arm-none-eabi/lib/thumb/v6-m/nofp/libg.a(lib_a-impure.o)
                0x000000001000886c                _global_impure_ptr
                0x0000000010008870                . = ALIGN (0x4)
 *(SORT_BY_ALIGNMENT(SORT_BY_NAME(.flashdata*)))
                0x0000000010008870                . = ALIGN (0x4)

.rel.dyn        0x0000000010008870        0x0
 .rel.iplt      0x0000000010008870        0x0 /usr/lib/gcc/arm-none-eabi/12.1.0/thumb/v6-m/nofp/crtbegin.o

.ARM.extab
 *(.ARM.extab* .gnu.linkonce.armextab.*)
                0x0000000010008870                __exidx_start = .

.ARM.exidx
 *(.ARM.exidx* .gnu.linkonce.armexidx.*)
                0x0000000010008870                __exidx_end = .
                0x0000000010008870                . = ALIGN (0x4)
                0x0000000010008870                __binary_info_start = .

.binary_info    0x0000000010008870       0x20
 *(.binary_info.keep.*)
 .binary_info.keep.__bi_ptr81
                0x0000000010008870        0x4 CMakeFiles/spi_master.dir/home/pzerg/VSARM/pico-sdk/src/rp2_common/pico_standard_link/binary_info.c.obj
 .binary_info.keep.__bi_ptr75
                0x0000000010008874        0x4 CMakeFiles/spi_master.dir/home/pzerg/VSARM/pico-sdk/src/rp2_common/pico_standard_link/binary_info.c.obj
 .binary_info.keep.__bi_ptr50